Archive member included to satisfy reference by file (symbol)

/home/junghyun/topst/buildtools/gcc-linaro-7.2.1-2017.11-x86_64_arm-eabi/arm-eabi/libc/usr/lib/libc.a(lib_a-atoi.o)
                              /home/junghyun/topst/cr5-bsp/sources/build/tcc805x/gcc/tcc805x-freertos-debug/obj/console.o (atoi)
/home/junghyun/topst/buildtools/gcc-linaro-7.2.1-2017.11-x86_64_arm-eabi/arm-eabi/libc/usr/lib/libc.a(lib_a-atol.o)
                              /home/junghyun/topst/cr5-bsp/sources/build/tcc805x/gcc/tcc805x-freertos-debug/obj/hsm_test.o (atol)
/home/junghyun/topst/buildtools/gcc-linaro-7.2.1-2017.11-x86_64_arm-eabi/arm-eabi/libc/usr/lib/libc.a(lib_a-memcmp.o)
                              /home/junghyun/topst/cr5-bsp/sources/build/tcc805x/gcc/tcc805x-freertos-debug/obj/sal_freertos_impl.o (memcmp)
/home/junghyun/topst/buildtools/gcc-linaro-7.2.1-2017.11-x86_64_arm-eabi/arm-eabi/libc/usr/lib/libc.a(lib_a-memcpy-stub.o)
                              /home/junghyun/topst/cr5-bsp/sources/build/tcc805x/gcc/tcc805x-freertos-debug/obj/dse_test.o (memcpy)
/home/junghyun/topst/buildtools/gcc-linaro-7.2.1-2017.11-x86_64_arm-eabi/arm-eabi/libc/usr/lib/libc.a(lib_a-memset.o)
                              /home/junghyun/topst/cr5-bsp/sources/build/tcc805x/gcc/tcc805x-freertos-debug/obj/console.o (memset)
/home/junghyun/topst/buildtools/gcc-linaro-7.2.1-2017.11-x86_64_arm-eabi/arm-eabi/libc/usr/lib/libc.a(lib_a-strlen-stub.o)
                              /home/junghyun/topst/cr5-bsp/sources/build/tcc805x/gcc/tcc805x-freertos-debug/obj/tasks.o (strlen)
/home/junghyun/topst/buildtools/gcc-linaro-7.2.1-2017.11-x86_64_arm-eabi/arm-eabi/libc/usr/lib/libc.a(lib_a-strncmp.o)
                              /home/junghyun/topst/cr5-bsp/sources/build/tcc805x/gcc/tcc805x-freertos-debug/obj/sal_freertos_impl.o (strncmp)
/home/junghyun/topst/buildtools/gcc-linaro-7.2.1-2017.11-x86_64_arm-eabi/arm-eabi/libc/usr/lib/libc.a(lib_a-strncpy.o)
                              /home/junghyun/topst/cr5-bsp/sources/build/tcc805x/gcc/tcc805x-freertos-debug/obj/sal_freertos_impl.o (strncpy)
/home/junghyun/topst/buildtools/gcc-linaro-7.2.1-2017.11-x86_64_arm-eabi/arm-eabi/libc/usr/lib/libc.a(lib_a-strnlen.o)
                              /home/junghyun/topst/cr5-bsp/sources/build/tcc805x/gcc/tcc805x-freertos-debug/obj/sal_freertos_impl.o (strnlen)
/home/junghyun/topst/buildtools/gcc-linaro-7.2.1-2017.11-x86_64_arm-eabi/arm-eabi/libc/usr/lib/libc.a(lib_a-strtol.o)
                              /home/junghyun/topst/buildtools/gcc-linaro-7.2.1-2017.11-x86_64_arm-eabi/arm-eabi/libc/usr/lib/libc.a(lib_a-atoi.o) (_strtol_r)
/home/junghyun/topst/buildtools/gcc-linaro-7.2.1-2017.11-x86_64_arm-eabi/arm-eabi/libc/usr/lib/libc.a(lib_a-strtoul.o)
                              /home/junghyun/topst/cr5-bsp/sources/build/tcc805x/gcc/tcc805x-freertos-debug/obj/console.o (strtoul)
/home/junghyun/topst/buildtools/gcc-linaro-7.2.1-2017.11-x86_64_arm-eabi/arm-eabi/libc/usr/lib/libc.a(lib_a-impure.o)
                              /home/junghyun/topst/buildtools/gcc-linaro-7.2.1-2017.11-x86_64_arm-eabi/arm-eabi/libc/usr/lib/libc.a(lib_a-strtol.o) (_impure_ptr)
/home/junghyun/topst/buildtools/gcc-linaro-7.2.1-2017.11-x86_64_arm-eabi/arm-eabi/libc/usr/lib/libc.a(lib_a-locale.o)
                              /home/junghyun/topst/buildtools/gcc-linaro-7.2.1-2017.11-x86_64_arm-eabi/arm-eabi/libc/usr/lib/libc.a(lib_a-strtol.o) (__locale_ctype_ptr_l)
/home/junghyun/topst/buildtools/gcc-linaro-7.2.1-2017.11-x86_64_arm-eabi/arm-eabi/libc/usr/lib/libc.a(lib_a-mbtowc_r.o)
                              /home/junghyun/topst/buildtools/gcc-linaro-7.2.1-2017.11-x86_64_arm-eabi/arm-eabi/libc/usr/lib/libc.a(lib_a-locale.o) (__ascii_mbtowc)
/home/junghyun/topst/buildtools/gcc-linaro-7.2.1-2017.11-x86_64_arm-eabi/arm-eabi/libc/usr/lib/libc.a(lib_a-strcasecmp.o)
                              /home/junghyun/topst/buildtools/gcc-linaro-7.2.1-2017.11-x86_64_arm-eabi/arm-eabi/libc/usr/lib/libc.a(lib_a-locale.o) (strcasecmp)
/home/junghyun/topst/buildtools/gcc-linaro-7.2.1-2017.11-x86_64_arm-eabi/arm-eabi/libc/usr/lib/libc.a(lib_a-strcat.o)
                              /home/junghyun/topst/buildtools/gcc-linaro-7.2.1-2017.11-x86_64_arm-eabi/arm-eabi/libc/usr/lib/libc.a(lib_a-locale.o) (strcat)
/home/junghyun/topst/buildtools/gcc-linaro-7.2.1-2017.11-x86_64_arm-eabi/arm-eabi/libc/usr/lib/libc.a(lib_a-strchr.o)
                              /home/junghyun/topst/buildtools/gcc-linaro-7.2.1-2017.11-x86_64_arm-eabi/arm-eabi/libc/usr/lib/libc.a(lib_a-locale.o) (strchr)
/home/junghyun/topst/buildtools/gcc-linaro-7.2.1-2017.11-x86_64_arm-eabi/arm-eabi/libc/usr/lib/libc.a(lib_a-strcmp.o)
                              /home/junghyun/topst/buildtools/gcc-linaro-7.2.1-2017.11-x86_64_arm-eabi/arm-eabi/libc/usr/lib/libc.a(lib_a-locale.o) (strcmp)
/home/junghyun/topst/buildtools/gcc-linaro-7.2.1-2017.11-x86_64_arm-eabi/arm-eabi/libc/usr/lib/libc.a(lib_a-strcpy.o)
[...]
Memory Configuration

Name             Origin             Length             Attributes
SRAM             0x0000000006000000 0x000000000007b980 xrw
SRAM_ARM_STACK   0x000000000607b980 0x0000000000000680 xrw
NC_SRAM          0x00000000c007c000 0x0000000000004000 xrw
NOR              0x0000000008200000 0x0000000000200000 xr
*default*        0x0000000000000000 0xffffffffffffffff

Linker script and memory map

                0x0000000006000000                __VECTOR_START = 0x6000000
                0x0000000000004000                DMA_NC_SIZE = 0x4000

.text           0x0000000008200000    0x5feb8
                0x0000000008200000                __TEXT_START__ = .
 *startup.o(.text)
 .text          0x0000000008200000      0x230 /home/junghyun/topst/cr5-bsp/sources/build/tcc805x/gcc/tcc805x-freertos-debug/obj/startup.o
                0x0000000008200000                reset
 *(.text)
 .text          0x0000000008200230      0x270 /home/junghyun/topst/cr5-bsp/sources/build/tcc805x/gcc/tcc805x-freertos-debug/obj/main.o
                0x0000000008200230                cmain
 .text          0x00000000082004a0     0x1a50 /home/junghyun/topst/cr5-bsp/sources/build/tcc805x/gcc/tcc805x-freertos-debug/obj/can_demo.o
                0x0000000008201674                CAN_DemoInitialize
                0x00000000082018c8                CAN_DemoTest
                0x0000000008201dec                CAN_DemoCreateApp
 .text          0x0000000008201ef0     0x2f78 /home/junghyun/topst/cr5-bsp/sources/build/tcc805x/gcc/tcc805x-freertos-debug/obj/console.o
                0x0000000008204dec                CreateConsoleTask
 .text          0x0000000008204e68      0x4fc /home/junghyun/topst/cr5-bsp/sources/build/tcc805x/gcc/tcc805x-freertos-debug/obj/fwug.o
                0x0000000008204e68                FWUG_CreateApp
                0x0000000008205060                FWUG_Start
 .text          0x0000000008205364      0xb00 /home/junghyun/topst/cr5-bsp/sources/build/tcc805x/gcc/tcc805x-freertos-debug/obj/key_adc.o
                0x0000000008205734                KEY_AdcOpen
                0x000000000820598c                KEY_AdcScan
 .text          0x0000000008205e64      0x500 /home/junghyun/topst/cr5-bsp/sources/build/tcc805x/gcc/tcc805x-freertos-debug/obj/key_gpio.o
                0x0000000008206030                KEY_GpioKeyOpen
                0x00000000082060a4                KEY_GpioGetRotaryValue
 .text          0x0000000008206364      0xa08 /home/junghyun/topst/cr5-bsp/sources/build/tcc805x/gcc/tcc805x-freertos-debug/obj/key_i2c.o
                0x00000000082064e0                KEY_I2cOpen
                0x00000000082065b4                KEY_I2cRead
                0x0000000008206730                KEY_I2cWrite
                0x00000000082068b8                KEY_I2cScan
 .text          0x0000000008206d6c      0xcdc /home/junghyun/topst/cr5-bsp/sources/build/tcc805x/gcc/tcc805x-freertos-debug/obj/key.o
                0x00000000082078c8                KEY_AppCreate
 .text          0x0000000008207a48      0xc0c /home/junghyun/topst/cr5-bsp/sources/build/tcc805x/gcc/tcc805x-freertos-debug/obj/system_monitoring.o
                0x00000000082085d8                SM_CreateAppTask
 .text          0x0000000008208654      0x4b0 /home/junghyun/topst/cr5-bsp/sources/build/tcc805x/gcc/tcc805x-freertos-debug/obj/bootctrl.o
                0x00000000082089a0                BCTRL_Init
 .text          0x0000000008208b04      0x1dc /home/junghyun/topst/cr5-bsp/sources/build/tcc805x/gcc/tcc805x-freertos-debug/obj/reset_demo.o
                0x0000000008208b04                PMU_ResetTest
 .text          0x0000000008208ce0        0x0 /home/junghyun/topst/cr5-bsp/sources/build/tcc805x/gcc/tcc805x-freertos-debug/obj/adc_test.o
 .text          0x0000000008208ce0      0x76c /home/junghyun/topst/cr5-bsp/sources/build/tcc805x/gcc/tcc805x-freertos-debug/obj/dse_test.o
                0x0000000008208ce0                DSE_Test_R5AccessFault
                0x000000000820919c                DSE_Test_SoftFaultCheck
 .text          0x000000000820944c      0x620 /home/junghyun/topst/cr5-bsp/sources/build/tcc805x/gcc/tcc805x-freertos-debug/obj/fmu_test.o
                0x0000000008209a18                FMU_StartFmuTest
 .text          0x0000000008209a6c      0x3dc /home/junghyun/topst/cr5-bsp/sources/build/tcc805x/gcc/tcc805x-freertos-debug/obj/gdma_test.o
                0x0000000008209a6c                GDMA_SampleForM2M
 .text          0x0000000008209e48      0x404 /home/junghyun/topst/cr5-bsp/sources/build/tcc805x/gcc/tcc805x-freertos-debug/obj/gic_test.o
                0x0000000008209f0c                GIC_Test_SmInt
                0x000000000820a0d0                GIC_Test_Sgi
 .text          0x000000000820a24c     0x21b8 /home/junghyun/topst/cr5-bsp/sources/build/tcc805x/gcc/tcc805x-freertos-debug/obj/gpio_test.o
                0x000000000820c3b0                GPIO_StartGpioTest
 .text          0x000000000820c404     0x2590 /home/junghyun/topst/cr5-bsp/sources/build/tcc805x/gcc/tcc805x-freertos-debug/obj/gpsb_test.o
                0x000000000820e3e0                GPSB_Test
 .text          0x000000000820e994     0x33b0 /home/junghyun/topst/cr5-bsp/sources/build/tcc805x/gcc/tcc805x-freertos-debug/obj/hsm_test.o
                0x0000000008211b20                HSM_Test
 .text          0x0000000008211d44      0xae0 /home/junghyun/topst/cr5-bsp/sources/build/tcc805x/gcc/tcc805x-freertos-debug/obj/i2c_test.o
                0x0000000008212778                I2C_TestMain
 .text          0x0000000008212824      0x2bc /home/junghyun/topst/cr5-bsp/sources/build/tcc805x/gcc/tcc805x-freertos-debug/obj/ictc_test.o
                0x0000000008212aa0                ICTC_SelectTestCase
 .text          0x0000000008212ae0      0x354 /home/junghyun/topst/cr5-bsp/sources/build/tcc805x/gcc/tcc805x-freertos-debug/obj/lin_test.o
                0x0000000008212ae0                LIN_TestUsage
                0x0000000008212b2c                LIN_SampleTest
 .text          0x0000000008212e34      0x48c /home/junghyun/topst/cr5-bsp/sources/build/tcc805x/gcc/tcc805x-freertos-debug/obj/pdm_test.o
                0x0000000008213260                PDM_SelectTestCase
 .text          0x00000000082132c0      0x66c /home/junghyun/topst/cr5-bsp/sources/build/tcc805x/gcc/tcc805x-freertos-debug/obj/pmio_test.o
                0x0000000008213618                PMIO_TEST_GetByAddress
                0x0000000008213688                PMIO_TEST_GetByName
                0x0000000008213724                PMIO_TEST_SetByAddress
                0x00000000082137dc                PMIO_TEST_SetByName
                0x00000000082138cc                PMIO_TEST_PrintStatus
                0x00000000082138ec                PMIO_TEST_Run
 .text          0x000000000821392c     0x12d4 /home/junghyun/topst/cr5-bsp/sources/build/tcc805x/gcc/tcc805x-freertos-debug/obj/timer_test.o
                0x0000000008214af8                TIMER_StartTimerTest
 .text          0x0000000008214c00      0xac0 /home/junghyun/topst/cr5-bsp/sources/build/tcc805x/gcc/tcc805x-freertos-debug/obj/wdt_test.o
                0x0000000008215578                WDT_StartTest
 .text          0x00000000082156c0      0x21c /home/junghyun/topst/cr5-bsp/sources/build/tcc805x/gcc/tcc805x-freertos-debug/obj/mptool.o
                0x00000000082156c0                MPTool_CreateApp
 .text          0x00000000082158dc     0x1bbc /home/junghyun/topst/cr5-bsp/sources/build/tcc805x/gcc/tcc805x-freertos-debug/obj/ipc_os.o
                0x00000000082158dc                IPC_GetUsec
                0x00000000082158f8                IPC_GetMsec
                0x0000000008215948                IPC_Mdelay
                0x0000000008215994                IPC_Udelay
                0x0000000008215ab4                IPC_CommonLock
                0x0000000008215b34                IPC_CommonUnlock
                0x0000000008216204                IPC_MboxLock
                0x0000000008216284                IPC_MboxUnlock
                0x00000000082162fc                IPC_WriteLock
                0x000000000821637c                IPC_WriteUnlock
                0x00000000082163f4                IPC_ReadLock
                0x0000000008216474                IPC_ReadUnlock
                0x00000000082164ec                IPC_RbufferLock
                0x000000000821656c                IPC_RbufferUnlock
                0x00000000082165e4                IPC_WbufferLock
                0x0000000008216664                IPC_WbufferUnlock
                0x000000000821689c                IPC_CmdWaitEventTimeOut
                0x0000000008216a28                IPC_CmdWakePreSet
                0x0000000008216b74                IPC_CmdWakeUp
                0x0000000008216e44                IPC_ReadWaitEventTimeOut
                0x0000000008216f24                IPC_ReadClearEvent
                0x0000000008216fa4                IPC_ReadWakeUp
                0x0000000008217194                IPC_BufferOverFlowWaitEventTimeOut
                0x00000000082172dc                IPC_BufferOverFlowWakeUp
                0x0000000008217360                IPC_RequestIrq
                0x00000000082173a8                IPC_FreeIrq
                0x00000000082173d0                IPC_OsResourceInit
                0x000000000821742c                IPC_OsResourceRelease
 .text          0x0000000008217498      0xfa8 /home/junghyun/topst/cr5-bsp/sources/build/tcc805x/gcc/tcc805x-freertos-debug/obj/ipc_buffer.o
                0x0000000008217498                IPC_BufferInit
                0x00000000082174f0                IPC_PushOneByte
                0x0000000008217604                IPC_PushOneByteOverWrite
                0x0000000008217770                IPC_PopOneByte
                0x000000000821788c                IPC_BufferFlush
                0x0000000008217918                IPC_BufferFlushByte
                0x0000000008217a7c                IPC_BufferDataAvailable
                0x0000000008217b68                IPC_BufferFreeSpace
                0x0000000008217c5c                IPC_BufferSetHead
                0x0000000008217ce0                IPC_BufferSetTail
                0x0000000008217d64                IPC_BufferGetHead
                0x0000000008217da0                IPC_BufferGetTail
                0x0000000008217ddc                IPC_PushBuffer
                0x0000000008218018                IPC_PushBufferOverWrite
                0x0000000008218238                IPC_PopBuffer
 .text          0x0000000008218440      0xcd0 /home/junghyun/topst/cr5-bsp/sources/build/tcc805x/gcc/tcc805x-freertos-debug/obj/ipc_cmd.o
                0x00000000082184d4                IPC_SendOpen
                0x000000000821866c                IPC_SendClose
                0x00000000082187b0                IPC_SendWrite
                0x0000000008218a8c                IPC_SendPing
                0x0000000008218c28                IPC_SendAck
                0x0000000008218dac                IPC_SendCtl
                0x0000000008218f78                IPC_SendData
 .text          0x0000000008219110     0x1cec /home/junghyun/topst/cr5-bsp/sources/build/tcc805x/gcc/tcc805x-freertos-debug/obj/ipc_ctl.o
                0x0000000008219200                IPC_Write
                0x0000000008219958                IPC_Read
                0x0000000008219adc                IPC_PingTest
                0x0000000008219c04                IPC_Flush
                0x0000000008219c70                IPC_StructInit
                0x0000000008219d74                IPC_GetStatus
                0x000000000821ac1c                IPC_Initialize
                0x000000000821adac                IPC_Release
 .text          0x000000000821adfc      0x680 /home/junghyun/topst/cr5-bsp/sources/build/tcc805x/gcc/tcc805x-freertos-debug/obj/ipc_parser.o
                0x000000000821b304                IPC_CreateIPCParserTask
 .text          0x000000000821b47c     0x10cc /home/junghyun/topst/cr5-bsp/sources/build/tcc805x/gcc/tcc805x-freertos-debug/obj/ipc_api.o
                0x000000000821b47c                IPC_Open
                0x000000000821b6f8                IPC_Close
                0x000000000821b900                IPC_CalcCrc16
                0x000000000821b9c4                IPC_Ioctl
                0x000000000821c218                IPC_SendPacketWithIPCHeader
                0x000000000821c4a0                IPC_SendToMainCtlCmdHandler
                0x000000000821c4f8                IPC_SendToMainDataHandler
 .text          0x000000000821c548      0x258 /home/junghyun/topst/cr5-bsp/sources/build/tcc805x/gcc/tcc805x-freertos-debug/obj/ipc.o
                0x000000000821c548                IPC_Create
                0x000000000821c55c                IPC_RegisterCbFunc
                0x000000000821c664                IPC_SendPacket
                0x000000000821c6d4                IPC_IsReady
                0x000000000821c71c                IPC_SendToMainCtlCmd
                0x000000000821c774                IPC_SendToMainData
 .text          0x000000000821c7a0      0xe1c /home/junghyun/topst/cr5-bsp/sources/build/tcc805x/gcc/tcc805x-freertos-debug/obj/lin.o
                0x000000000821ce30                LIN_Init
                0x000000000821d04c                LIN_SendData
                0x000000000821d194                LIN_ReadData
                0x000000000821d524                LIN_TransceiverWakeup
 .text          0x000000000821d5bc      0xc84 /home/junghyun/topst/cr5-bsp/sources/build/tcc805x/gcc/tcc805x-freertos-debug/obj/sdm.o
                0x000000000821d788                SDM_ReadReg
                0x000000000821dbac                SDM_WriteReg
                0x000000000821e0f0                SDM_Init
 .text          0x000000000821e240     0x2d00 /home/junghyun/topst/cr5-bsp/sources/build/tcc805x/gcc/tcc805x-freertos-debug/obj/hsm_manager.o
                0x000000000821e240                HSM_Init
                0x000000000821e314                HSM_VerifyFw
                0x000000000821e474                HSM_SetKey
                0x000000000821e680                HSM_RunAes
                0x000000000821ec20                HSM_RunAesByKt
                0x000000000821f14c                HSM_GenMac
                0x000000000821f5c8                HSM_GenMacByKt
                0x000000000821f9d0                HSM_GenHash
                0x000000000821fd08                HSM_RunEcdsa
                0x0000000008220158                HSM_RunRsa
                0x0000000008220658                HSM_Write
                0x000000000822089c                HSM_GetRand
                0x0000000008220b20                HSM_BlockApSystem
                0x0000000008220ca8                HSM_GetVersion
 .text          0x0000000008220f40      0x3fc /home/junghyun/topst/cr5-bsp/sources/build/tcc805x/gcc/tcc805x-freertos-debug/obj/adc.o
                0x00000000082210dc                ADC_Init
                0x00000000082211d0                ADC_Read
                0x00000000082212d0                ADC_AutoScan
                0x0000000008221320                ADC_DeInit
 .text          0x000000000822133c      0xbb0 /home/junghyun/topst/cr5-bsp/sources/build/tcc805x/gcc/tcc805x-freertos-debug/obj/can.o
                0x000000000822133c                CAN_Init
                0x00000000082214d4                CAN_Deinit
                0x0000000008221600                CAN_InitMessage
                0x0000000008221688                CAN_CheckNewRxMessage
                0x00000000082216d0                CAN_GetNewRxMessage
                0x00000000082217c4                CAN_SendMessage
                0x00000000082218c8                CAN_RequestTxMessageCancellation
                0x0000000008221988                CAN_CheckNewTxEvent
                0x00000000082219d0                CAN_GetNewTxEvent
                0x0000000008221a30                CAN_SetControllerMode
                0x0000000008221c7c                CAN_GetControllerMode
                0x0000000008221d00                CAN_GetProtocolStatus
                0x0000000008221d80                CAN_GetControllerInfo
                0x0000000008221df0                CAN_RegisterCallbackFunctionTx
                0x0000000008221e44                CAN_RegisterCallbackFunctionRx
                0x0000000008221e98                CAN_RegisterCallbackFunctionError
 .text          0x0000000008221eec     0x2ef8 /home/junghyun/topst/cr5-bsp/sources/build/tcc805x/gcc/tcc805x-freertos-debug/obj/can_drv.o
                0x0000000008221eec                CAN_DrvInitChannel
                0x00000000082220b8                CAN_DrvDeinitChannel
                0x000000000822219c                CAN_DrvSetNormalOperationMode
                0x0000000008222320                CAN_DrvSetMonitoringMode
                0x0000000008222408                CAN_DrvSetInternalTestMode
                0x0000000008222518                CAN_DrvSetExternalTestMode
                0x0000000008222614                CAN_DrvSetWakeUpMode
                0x0000000008222734                CAN_DrvSetSleepMode
                0x000000000822405c                CAN_DrvGetProtocolStatus
                0x0000000008224c98                CAN_DrvCallbackNotifyRxEvent
 .text          0x0000000008224de4     0x1ac0 /home/junghyun/topst/cr5-bsp/sources/build/tcc805x/gcc/tcc805x-freertos-debug/obj/can_msg.o
                0x0000000008224de4                CAN_MsgInit
                0x0000000008225788                CAN_MsgPutRxMessage
                0x0000000008225be8                CAN_MsgGetCountOfRxMessage
                0x0000000008225d8c                CAN_MsgGetRxMessage
                0x0000000008226300                CAN_MsgSetTxMessage
                0x00000000082265b4                CAN_MsgRequestTxMessageCancellation
                0x0000000008226644                CAN_MsgGetCountOfTxEvent
                0x00000000082266b4                CAN_MsgGetTxEventMessage
 .text          0x00000000082268a4        0x0 /home/junghyun/topst/cr5-bsp/sources/build/tcc805x/gcc/tcc805x-freertos-debug/obj/can_par.o
 .text          0x00000000082268a4      0xc10 /home/junghyun/topst/cr5-bsp/sources/build/tcc805x/gcc/tcc805x-freertos-debug/obj/can_porting.o
                0x00000000082268a4                CAN_PortingDelay
                0x0000000008226908                CAN_PortingInitHW
                0x0000000008226a04                CAN_PortingSetControllerClock
                0x0000000008226ad8                CAN_PortingResetDriver
                0x0000000008226c5c                CAN_PortingSetInterruptHandler
                0x0000000008226cd4                CAN_PortingDisableControllerInterrupts
                0x0000000008226d28                CAN_PortingEnableControllerInterrupts
                0x0000000008226d7c                CAN_PortingGetSizeofStandardIDFilterList
                0x0000000008226dc0                CAN_PortingGetSizeofExtendedIDFilterList
                0x0000000008226e04                CAN_PortingGetSizeofRxFIFO0
                0x0000000008226e48                CAN_PortingGetSizeofRxFIFO1
                0x0000000008226e8c                CAN_PortingGetSizeofRxBuffer
                0x0000000008226ed0                CAN_PortingGetSizeofTxEventBuffer
                0x0000000008226f14                CAN_PortingGetSizeofTxBuffer
                0x0000000008226f58                CAN_PortingGetBitRateSwitchEnable
                0x0000000008226f9c                CAN_PortingGetFDEnable
                0x0000000008226fe0                CAN_PortingGetStandardIDFilterEnable
                0x0000000008227024                CAN_PortingGetExtendedIDFilterEnable
                0x0000000008227068                CAN_PortingGetStandardIDRemoteRejectEnable
                0x00000000082270ac                CAN_PortingGetExtendedIDRemoteRejectEnable
                0x00000000082270f0                CAN_PortingGetTxEventFIFOEnable
                0x0000000008227134                CAN_PortingGetWatchDogEnable
                0x0000000008227178                CAN_PortingGetTimeOutEnable
                0x00000000082271bc                CAN_PortingGetTimeStampEnable
                0x0000000008227200                CAN_PortingAllocateNonCacheMemory
                0x0000000008227288                CAN_PortingDeallocateNonCacheMemory
                0x00000000082272c8                CAN_PortingGetControllerRegister
                0x0000000008227314                CAN_PortingGetConfigBaseAddr
                0x0000000008227340                CAN_PortingGetMessageRamBaseAddr
                0x0000000008227394                CAN_PortingGetConfigEXTS0Addr
                0x00000000082273dc                CAN_PortingGetConfigEXTS1Addr
                0x0000000008227424                CAN_PortingGetConfigWritePasswordAddr
                0x000000000822746c                CAN_PortingGetConfigWriteLockAddr
 *fill*         0x00000000082274b4        0x4 
 .text          0x00000000082274b8     0x226c /home/junghyun/topst/cr5-bsp/sources/build/tcc805x/gcc/tcc805x-freertos-debug/obj/clock_dev.o
                0x00000000082285e4                CLOCK_Init
                0x00000000082286b8                CLOCK_SetPllDiv
                0x0000000008228800                CLOCK_GetPllRate
                0x0000000008228878                CLOCK_SetPllRate
                0x0000000008228e3c                CLOCK_SetClkCtrlRate
                0x0000000008228edc                CLOCK_GetClkCtrlRate
                0x0000000008229030                CLOCK_IsPeriEnabled
                0x0000000008229098                CLOCK_EnablePeri
                0x00000000082290f8                CLOCK_DisablePeri
                0x0000000008229158                CLOCK_GetPeriRate
                0x00000000082292d4                CLOCK_SetPeriRate
                0x00000000082293f0                CLOCK_IsIobusPwdn
                0x00000000082294a4                CLOCK_EnableIobus
                0x0000000008229544                CLOCK_SetIobusPwdn
                0x0000000008229634                CLOCK_SetSwReset
 .text          0x0000000008229724      0xba8 /home/junghyun/topst/cr5-bsp/sources/build/tcc805x/gcc/tcc805x-freertos-debug/obj/debug.o
                0x0000000008229724                DBG_Putc
                0x0000000008229b84                DBG_Printfi
                0x000000000822a2a0                DBG_SerialPrintf
 .text          0x000000000822a2cc       0xd8 /home/junghyun/topst/cr5-bsp/sources/build/tcc805x/gcc/tcc805x-freertos-debug/obj/bsp.o
                0x000000000822a2cc                BSP_PreInit
                0x000000000822a2e8                BSP_Init
                0x000000000822a33c                BSP_UndefAbortExceptionHook
                0x000000000822a364                BSP_SystemHalt
 .text          0x000000000822a3a4     0x18a4 /home/junghyun/topst/cr5-bsp/sources/build/tcc805x/gcc/tcc805x-freertos-debug/obj/fmu.o
                0x000000000822b6c4                FMU_Init
                0x000000000822b74c                FMU_IsrHandler
                0x000000000822b878                FMU_Set
                0x000000000822bb98                FMU_IsrClr
                0x000000000822bc14                FMU_Deinit
 .text          0x000000000822bc48      0xc3c /home/junghyun/topst/cr5-bsp/sources/build/tcc805x/gcc/tcc805x-freertos-debug/obj/gdma.o
                0x000000000822c3c4                GDMA_TransferFunctionForM2M
                0x000000000822c6f8                GDMA_Initialize
 .text          0x000000000822c884      0xe1c /home/junghyun/topst/cr5-bsp/sources/build/tcc805x/gcc/tcc805x-freertos-debug/obj/gic.o
                0x000000000822cad4                GIC_Init
                0x000000000822cbc0                GIC_IntSrcEn
                0x000000000822cce0                GIC_IntSrcDis
                0x000000000822cdd8                GIC_IntPrioSet
                0x000000000822ce70                GIC_IntVectSet
                0x000000000822d094                GIC_IntHandlerWithParam
                0x000000000822d17c                GIC_IntHandler
                0x000000000822d268                GIC_IntExtSet
                0x000000000822d3ac                GIC_IntSGI
                0x000000000822d448                GIC_SmIrqEn
                0x000000000822d574                GIC_SmIrqSetHigh
 .text          0x000000000822d6a0     0x1224 /home/junghyun/topst/cr5-bsp/sources/build/tcc805x/gcc/tcc805x-freertos-debug/obj/gpio.o
                0x000000000822dbf4                GPIO_Config
                0x000000000822e530                GPIO_Get
                0x000000000822e5a8                GPIO_Set
                0x000000000822e670                GPIO_ToNum
 .text          0x000000000822e8c4     0x4d00 /home/junghyun/topst/cr5-bsp/sources/build/tcc805x/gcc/tcc805x-freertos-debug/obj/i2c.o
                0x000000000822ec7c                I2C_ScanSlave
                0x00000000082304f8                I2C_Xfer
                0x00000000082307bc                I2C_XferCmd
                0x0000000008230a44                I2C_GetMachineState
                0x0000000008232d98                I2C_Open
                0x00000000082331e0                I2C_Close
                0x000000000823350c                I2C_Init
                0x000000000823359c                I2C_Deinit
 .text          0x00000000082335c4        0x0 /home/junghyun/topst/cr5-bsp/sources/build/tcc805x/gcc/tcc805x-freertos-debug/obj/i2c_reg.o
 .text          0x00000000082335c4     0x153c /home/junghyun/topst/cr5-bsp/sources/build/tcc805x/gcc/tcc805x-freertos-debug/obj/ictc.o
                0x00000000082335c4                ICTC_Init
                0x000000000823373c                ICTC_Deinit
                0x00000000082337bc                ICTC_GetPrevPeriodCnt
                0x00000000082338e4                ICTC_GetPreDutyCnt
                0x0000000008233a0c                ICTC_GetCurEdgeCnt
                0x0000000008233b34                ICTC_GetPrvEdgeCnt
                0x0000000008233c5c                ICTC_GetREdgeTstmpCnt
                0x0000000008233e90                ICTC_GetFEdgeTstmpCnt
                0x0000000008234188                ICTC_EnableCapture
                0x0000000008234230                ICTC_DisableCapture
                0x00000000082342e0                ICTC_SetOpEnCtrlCounter
                0x0000000008234354                ICTC_SetOpModeCtrlReg
                0x0000000008234674                ICTC_SetIRQCtrlReg
                0x0000000008234804                ICTC_SetCallBackFunc
                0x0000000008234868                ICTC_SetTimeoutValue
                0x00000000082348e8                ICTC_SetEdgeMatchingValue
                0x0000000008234a20                ICTC_SetCompareRoundValue
 .text          0x0000000008234b00     0x10d4 /home/junghyun/topst/cr5-bsp/sources/build/tcc805x/gcc/tcc805x-freertos-debug/obj/mbox_phy.o
                0x0000000008234b00                MBOX_PhyReady
                0x0000000008234d74                MBOX_PhyBitSetCtrl
                0x0000000008234df8                MBOX_PhyBitClearCtrl
                0x0000000008234e50                MBOX_PhyIsIlevelSet
                0x0000000008234ea0                MBOX_PhyIsIenSet
                0x0000000008234ef4                MBOX_PhyIsOenSet
                0x0000000008234f48                MBOX_PhyIsFlushedCmd
                0x0000000008234f9c                MBOX_PhyIsFlushedData
                0x0000000008234ff0                MBOX_PhyCountScmd
                0x0000000008235044                MBOX_PhyFullScmd
                0x0000000008235098                MBOX_PhyEmptyScmd
                0x00000000082350ec                MBOX_PhyCountMcmd
                0x0000000008235140                MBOX_PhyFullMcmd
                0x0000000008235194                MBOX_PhyEmptyMcmd
                0x00000000082351e4                MBOX_PhyEmptyMdata
                0x0000000008235238                MBOX_PhyFullMdata
                0x000000000823528c                MBOX_PhyCountMdata
                0x00000000082352d8                MBOX_PhyEmptySdata
                0x000000000823532c                MBOX_PhyFullSdata
                0x0000000008235380                MBOX_PhyCountSdata
                0x00000000082353cc                MBOX_PhyWriteCmd
                0x0000000008235588                MBOX_PhyReadCmd
                0x000000000823580c                MBOX_PhyWriteData
                0x00000000082358f4                MBOX_PhyReadData
                0x00000000082359fc                MBOX_PhySetOwnTmnSts
                0x0000000008235ab0                MBOX_PhyGetOwnTmnSts
                0x0000000008235b40                MBOX_PhyGetOppTmnSts
 .text          0x0000000008235bd4     0x424c /home/junghyun/topst/cr5-bsp/sources/build/tcc805x/gcc/tcc805x-freertos-debug/obj/mbox_dev.o
                0x0000000008235bd4                MBOX_DevInit
                0x000000000823605c                MBOX_DevOpen
                0x000000000823675c                MBOX_DevSend
                0x0000000008236c70                MBOX_DevSendSss
                0x0000000008237178                MBOX_DevSendCmd
                0x00000000082375cc                MBOX_DevSendData
                0x0000000008237adc                MBOX_DevRecv
                0x0000000008237c54                MBOX_DevRecvSss
                0x0000000008237dcc                MBOX_DevRecvCmd
                0x0000000008237e00                MBOX_DevRecvData
                0x0000000008238e34                MBOX_DevIoctl
 .text          0x0000000008239e20      0xcc8 /home/junghyun/topst/cr5-bsp/sources/build/tcc805x/gcc/tcc805x-freertos-debug/obj/mbox.o
                0x000000000823a840                MBOX_Init
 .text          0x000000000823aae8      0x268 /home/junghyun/topst/cr5-bsp/sources/build/tcc805x/gcc/tcc805x-freertos-debug/obj/mpu.o
                0x000000000823ab74                MPU_Init
                0x000000000823ac04                MPU_GetDMABaseAddress
                0x000000000823ac30                MPU_SetRegion
                0x000000000823acd4                MPU_Enable
                0x000000000823ad08                MPU_Disable
 .text          0x000000000823ad50     0x3f08 /home/junghyun/topst/cr5-bsp/sources/build/tcc805x/gcc/tcc805x-freertos-debug/obj/pdm.o
                0x000000000823c038                PDM_EnableClock
                0x000000000823c1b8                PDM_DisableClock
                0x000000000823c1e0                PDM_Init
                0x000000000823c8c4                PDM_Deinit
                0x000000000823df64                PDM_GetChannelStatus
                0x000000000823e534                PDM_Enable
                0x000000000823e6e4                PDM_Disable
                0x000000000823e810                PDM_SetConfig
 .text          0x000000000823ec58     0x2914 /home/junghyun/topst/cr5-bsp/sources/build/tcc805x/gcc/tcc805x-freertos-debug/obj/pmio_dev.o
                0x000000000823f6d8                PMIO_ForceSTRModeTest
                0x000000000823f700                PMIO_EarlyWakeUp
                0x000000000823f7b4                PMIO_PowerDown
                0x000000000823fa18                PMIO_DebugPrintPowerStatus
                0x000000000823fc40                PMIO_Init
                0x000000000823fcf4                PMIO_ClearBackupRAM
                0x000000000823fd4c                PMIO_GetBackupRam
                0x000000000823fd88                PMIO_SetBackupRam
                0x000000000823fe08                PMIO_GetBootReason
                0x000000000823ff14                PMIO_GetWdtReset
                0x000000000823ff90                PMIO_SetGPK
                0x0000000008241554                PMIO_APBootOk
 .text          0x000000000824156c     0x7490 /home/junghyun/topst/cr5-bsp/sources/build/tcc805x/gcc/tcc805x-freertos-debug/obj/gpsb.o
                0x00000000082415e8                GPSB_BitClear
                0x0000000008241638                GPSB_BitSet
                0x0000000008241698                GPSB_BitCSet
                0x00000000082416fc                GPSB_BitSClear
                0x0000000008241eec                GPSB_Reset
                0x0000000008242a68                GPSB_SetSpeed
                0x0000000008242c60                GPSB_SetBpw
                0x0000000008242e50                GPSB_SetBpwNoSwap
                0x0000000008243010                GPSB_SetMode
                0x000000000824344c                GPSB_CsAlloc
                0x00000000082435cc                GPSB_CsInit
                0x00000000082436c0                GPSB_CsActivate
                0x0000000008243760                GPSB_CsDeactivate
                0x0000000008244a20                GPSB_Xfer
                0x0000000008244f20                GPSB_XferAbort
                0x0000000008245264                GPSB_Open
                0x0000000008245a78                GPSB_Close
                0x0000000008246fc8                GPSB_SetSdmExtPort
                0x0000000008247104                GPSB_SetRvcExtPort
                0x0000000008247224                GPSB_SetSdmChannel
                0x0000000008247448                GPSB_SetRvcChannel
                0x0000000008247678                GPSB_SetLbCfg
                0x00000000082477cc                GPSB_ClearLbCfg
                0x0000000008247e6c                GPSB_Init
                0x0000000008248064                GPSB_Deinit
                0x00000000082480d4                GPSB_SafetyEnableLock
                0x00000000082481cc                GPSB_SafetyDisableLock
                0x00000000082482c4                GPSB_SafetyEnableLoopback
                0x0000000008248420                GPSB_SafetyDisableLoopback
                0x000000000824852c                GPSB_SafetyEnableMonitor
                0x0000000008248758                GPSB_SafetyDisableMonitor
                0x0000000008248828                GPSB_SafetyGetStatus
 .text          0x00000000082489fc        0x0 /home/junghyun/topst/cr5-bsp/sources/build/tcc805x/gcc/tcc805x-freertos-debug/obj/gpsb_reg.o
 .text          0x00000000082489fc      0xedc /home/junghyun/topst/cr5-bsp/sources/build/tcc805x/gcc/tcc805x-freertos-debug/obj/timer.o
                0x0000000008248c34                TIMER_InterruptClear
                0x0000000008248cac                TIMER_Enable
                0x0000000008248cf8                TIMER_EnableWithMode
                0x0000000008248d80                TIMER_EnableWithCfg
                0x0000000008249500                TIMER_Disable
                0x00000000082496b4                TIMER_Init
 .text          0x00000000082498d8     0x3b9c /home/junghyun/topst/cr5-bsp/sources/build/tcc805x/gcc/tcc805x-freertos-debug/obj/uart.o
                0x000000000824c690                UART_Open
                0x000000000824c82c                UART_Close
                0x000000000824ca00                UART_Read
                0x000000000824cb90                UART_Write
                0x000000000824ccfc                UART_GetData
                0x000000000824ceb0                UART_GetChar
                0x000000000824d024                UART_PutChar
                0x000000000824d128                UART_SetLineControlReg
                0x000000000824d1b0                UART_SetInterruptClearReg
                0x000000000824d1e8                UART_SetErrorClearReg
                0x000000000824d220                UART_GetReceiveStatusReg
                0x000000000824d258                UART_GetRawInterruptStatusReg
                0x000000000824d290                UART_Init
                0x000000000824d2f8                UART_ISR
 .text          0x000000000824d474     0x1238 /home/junghyun/topst/cr5-bsp/sources/build/tcc805x/gcc/tcc805x-freertos-debug/obj/udma.o
                0x000000000824d474                UDMA_InterruptEnable
                0x000000000824d570                UDMA_InterruptDisable
                0x000000000824d66c                UDMA_SetAddrIncrement
                0x000000000824d764                UDMA_SetTransferWidth
                0x000000000824d85c                UDMA_SetBurstSize
                0x000000000824d954                UDMA_SetTransferSize
                0x000000000824da2c                UDMA_SetFlowControl
                0x000000000824db04                UDMA_Reset
                0x000000000824db84                UDMA_SetPeri
                0x000000000824dc38                UDMA_GetTransferSize
                0x000000000824df5c                UDMA_ChannelEnable
                0x000000000824e024                UDMA_ChannelDisable
                0x000000000824e0ec                UDMA_SetSrcAddr
                0x000000000824e194                UDMA_SetDestAddr
                0x000000000824e23c                UDMA_SetlliAddr
                0x000000000824e2e4                UDMA_GetDestAddr
                0x000000000824e394                UDMA_TransferMem2Mem
                0x000000000824e47c                UDMA_Init
 .text          0x000000000824e6ac      0x69c /home/junghyun/topst/cr5-bsp/sources/build/tcc805x/gcc/tcc805x-freertos-debug/obj/wdt.o
                0x000000000824e960                WDT_KickPing
                0x000000000824e980                WDT_ResetSystem
                0x000000000824ea04                WDT_Stop
                0x000000000824ea88                WDT_SmMode
                0x000000000824ec3c                WDT_Init
 .text          0x000000000824ed48      0x530 /home/junghyun/topst/cr5-bsp/sources/build/tcc805x/gcc/tcc805x-freertos-debug/obj/dse.o
                0x000000000824ed48                DSE_WriteLock
                0x000000000824f07c                DSE_Deinit
                0x000000000824f0d8                DSE_Init
                0x000000000824f248                DSE_GetGrpSts
 .text          0x000000000824f278      0xc5c /home/junghyun/topst/cr5-bsp/sources/build/tcc805x/gcc/tcc805x-freertos-debug/obj/midf.o
                0x000000000824f278                MIDF_FilterInitialize
                0x000000000824f514                MIDF_RegisterFilterRegion
                0x000000000824f858                MIDF_UnregisterFilterRegion
                0x000000000824fc44                MIDF_RegisterWriteLockSafetyMechanism
                0x000000000824fd40                MIDF_ConfigSoftFaultCheckSafetyMechanism
 .text          0x000000000824fed4      0xa08 /home/junghyun/topst/cr5-bsp/sources/build/tcc805x/gcc/tcc805x-freertos-debug/obj/pmu_reset.o
                0x000000000824fed4                PMU_ResetPreCfg
                0x0000000008250058                PMU_ResetSDMRstMskCfg
                0x00000000082501a0                PMU_ResetTRVCRstMskCfg
                0x00000000082502f4                PMU_ResetColdReset
                0x000000000825031c                PMU_ResetAPSystemReboot
                0x00000000082507bc                PMU_ResetSCWDTInit
 .text          0x00000000082508dc     0x3668 /home/junghyun/topst/cr5-bsp/sources/build/tcc805x/gcc/tcc805x-freertos-debug/obj/tasks.o
                0x00000000082508dc                xTaskCreateStatic
                0x00000000082509c4                xTaskCreate
                0x0000000008250e20                vTaskDelete
                0x0000000008250f74                vTaskDelayUntil
                0x00000000082510b4                vTaskDelay
                0x0000000008251124                eTaskGetState
                0x0000000008251270                uxTaskPriorityGet
                0x00000000082512c8                uxTaskPriorityGetFromISR
                0x000000000825132c                vTaskPrioritySet
                0x0000000008251544                vTaskSuspend
                0x0000000008251724                vTaskResume
                0x0000000008251834                xTaskResumeFromISR
                0x000000000825196c                vTaskStartScheduler
                0x0000000008251a88                vTaskEndScheduler
                0x0000000008251ab0                vTaskSuspendAll
                0x0000000008251ae8                xTaskResumeAll
                0x0000000008251cf0                xTaskGetTickCount
                0x0000000008251d24                xTaskGetTickCountFromISR
                0x0000000008251d64                uxTaskGetNumberOfTasks
                0x0000000008251d88                pcTaskGetName
                0x0000000008251f94                xTaskGetHandle
                0x00000000082520c8                xTaskCatchUpTicks
                0x0000000008252134                xTaskAbortDelay
                0x0000000008252278                xTaskIncrementTick
                0x0000000008252520                vTaskSwitchContext
                0x00000000082526fc                vTaskPlaceOnEventList
                0x0000000008252754                vTaskPlaceOnUnorderedEventList
                0x00000000082527e0                vTaskPlaceOnEventListRestricted
                0x0000000008252850                xTaskRemoveFromEventList
                0x000000000825298c                vTaskRemoveFromUnorderedEventList
                0x0000000008252aa0                vTaskSetTimeOutState
                0x0000000008252afc                vTaskInternalSetTimeOutState
                0x0000000008252b44                xTaskCheckForTimeOut
                0x0000000008252c98                vTaskMissedYield
                0x0000000008252f40                xTaskGetCurrentTaskHandle
                0x0000000008252f70                xTaskGetSchedulerState
                0x0000000008252fd8                xTaskPriorityInherit
                0x0000000008253174                xTaskPriorityDisinherit
                0x00000000082532c0                vTaskPriorityDisinheritAfterTimeout
                0x0000000008253460                uxTaskResetEventItemValue
                0x00000000082534b8                pvTaskIncrementMutexHeldCount
                0x0000000008253508                ulTaskNotifyTake
                0x00000000082535f4                xTaskNotifyWait
                0x0000000008253724                xTaskGenericNotify
                0x000000000825391c                xTaskGenericNotifyFromISR
                0x0000000008253b74                vTaskNotifyGiveFromISR
                0x0000000008253cfc                xTaskNotifyStateClear
                0x0000000008253d7c                ulTaskNotifyValueClear
 .text          0x0000000008253f44      0x294 /home/junghyun/topst/cr5-bsp/sources/build/tcc805x/gcc/tcc805x-freertos-debug/obj/list.o
                0x0000000008253f44                vListInitialise
                0x0000000008253fac                vListInitialiseItem
                0x0000000008253fd8                vListInsertEnd
                0x0000000008254060                vListInsert
                0x0000000008254138                uxListRemove
 .text          0x00000000082541d8     0x2278 /home/junghyun/topst/cr5-bsp/sources/build/tcc805x/gcc/tcc805x-freertos-debug/obj/queue.o
                0x00000000082541d8                xQueueGenericReset
                0x0000000008254304                xQueueGenericCreateStatic
                0x000000000825440c                xQueueGenericCreate
                0x0000000008254598                xQueueCreateMutex
                0x00000000082545ec                xQueueCreateMutexStatic
                0x000000000825464c                xQueueGetMutexHolder
                0x00000000082546a4                xQueueGetMutexHolderFromISR
                0x0000000008254700                xQueueGiveMutexRecursive
                0x000000000825479c                xQueueTakeMutexRecursive
                0x0000000008254840                xQueueCreateCountingSemaphoreStatic
                0x00000000082548c4                xQueueCreateCountingSemaphore
                0x0000000008254938                xQueueGenericSend
                0x0000000008254c0c                xQueueGenericSendFromISR
                0x0000000008254df0                xQueueGiveFromISR
                0x0000000008254f88                xQueueReceive
                0x00000000082551d0                xQueueSemaphoreTake
                0x0000000008255480                xQueuePeek
                0x00000000082556d0                xQueueReceiveFromISR
                0x0000000008255818                xQueuePeekFromISR
                0x00000000082558f8                uxQueueMessagesWaiting
                0x000000000825593c                uxQueueSpacesAvailable
                0x0000000008255994                uxQueueMessagesWaitingFromISR
                0x00000000082559dc                vQueueDelete
                0x0000000008255e30                xQueueIsQueueEmptyFromISR
                0x0000000008255ee4                xQueueIsQueueFullFromISR
                0x0000000008255f4c                vQueueAddToRegistry
                0x0000000008255fe0                pcQueueGetName
                0x000000000825606c                vQueueUnregisterQueue
                0x0000000008256108                vQueueWaitForMessageRestricted
                0x00000000082561ac                xQueueCreateSet
                0x00000000082561e0                xQueueAddToSet
                0x0000000008256258                xQueueRemoveFromSet
                0x00000000082562dc                xQueueSelectFromSet
                0x000000000825631c                xQueueSelectFromSetFromISR
 .text          0x0000000008256450      0x8e4 /home/junghyun/topst/cr5-bsp/sources/build/tcc805x/gcc/tcc805x-freertos-debug/obj/event_groups.o
                0x0000000008256450                xEventGroupCreateStatic
                0x00000000082564d4                xEventGroupCreate
                0x0000000008256530                xEventGroupSync
                0x0000000008256718                xEventGroupWaitBits
                0x0000000008256950                xEventGroupClearBits
                0x00000000082569d0                xEventGroupGetBitsFromISR
                0x0000000008256a14                xEventGroupSetBits
                0x0000000008256bc8                vEventGroupDelete
                0x0000000008256c5c                vEventGroupSetBitsCallback
                0x0000000008256c88                vEventGroupClearBitsCallback
 .text          0x0000000008256d34      0xfe0 /home/junghyun/topst/cr5-bsp/sources/build/tcc805x/gcc/tcc805x-freertos-debug/obj/timers.o
                0x0000000008256d34                xTimerCreateTimerTask
                0x0000000008256e08                xTimerCreate
                0x0000000008256e7c                xTimerCreateStatic
                0x0000000008256fc4                xTimerGenericCommand
                0x00000000082570b8                xTimerGetTimerDaemonTaskHandle
                0x00000000082570f4                xTimerGetPeriod
                0x0000000008257134                vTimerSetReloadMode
                0x00000000082571b4                uxTimerGetReloadMode
                0x000000000825721c                xTimerGetExpiryTime
                0x0000000008257264                pcTimerGetName
                0x0000000008257b24                xTimerIsTimerActive
                0x0000000008257b8c                pvTimerGetTimerID
                0x0000000008257bd8                vTimerSetTimerID
                0x0000000008257c24                xTimerPendFunctionCallFromISR
                0x0000000008257c90                xTimerPendFunctionCall
 .text          0x0000000008257d14     0x126c /home/junghyun/topst/cr5-bsp/sources/build/tcc805x/gcc/tcc805x-freertos-debug/obj/stream_buffer.o
                0x0000000008257d14                xStreamBufferGenericCreate
                0x0000000008257dec                xStreamBufferGenericCreateStatic
                0x0000000008257f10                vStreamBufferDelete
                0x0000000008257f74                xStreamBufferReset
                0x0000000008258014                xStreamBufferSetTriggerLevel
                0x000000000825809c                xStreamBufferSpacesAvailable
                0x0000000008258138                xStreamBufferBytesAvailable
                0x000000000825817c                xStreamBufferSend
                0x0000000008258364                xStreamBufferSendFromISR
                0x0000000008258564                xStreamBufferReceive
                0x0000000008258708                xStreamBufferNextMessageLengthBytes
                0x00000000082587c8                xStreamBufferReceiveFromISR
                0x0000000008258998                xStreamBufferIsEmpty
                0x0000000008258a08                xStreamBufferIsFull
                0x0000000008258a94                xStreamBufferSendCompletedFromISR
                0x0000000008258b30                xStreamBufferReceiveCompletedFromISR
 .text          0x0000000008258f80      0x8b8 /home/junghyun/topst/cr5-bsp/sources/build/tcc805x/gcc/tcc805x-freertos-debug/obj/port.o
                0x0000000008258f80                pxPortInitialiseStack
                0x0000000008259214                xPortStartScheduler
                0x0000000008259358                vPortEndScheduler
                0x0000000008259388                vPortEnterCritical
                0x00000000082593e4                vPortExitCritical
                0x0000000008259470                FreeRTOS_Tick_Handler
                0x0000000008259504                vPortTaskUsesFPU
                0x000000000825952c                vPortClearInterruptMask
                0x0000000008259588                ulPortSetInterruptMask
                0x0000000008259600                vPortValidateInterruptPriority
                0x0000000008259634                vApplicationGetIdleTaskMemory
                0x0000000008259688                vInitialiseTimerForRunTimeStats
                0x00000000082596a0                vApplicationStackOverflowHook
                0x00000000082596c4                vApplicationGetTimerTaskMemory
                0x0000000008259718                vConfigureTickInterrupt
                0x00000000082597a0                vClearTickInterrupt
                0x00000000082597b8                vApplicationFPUSafeIRQHandler
                0x00000000082597dc                xPortGetInterruptNestingCount
                0x0000000008259800                heap_init
 .text          0x0000000008259838      0x8ec /home/junghyun/topst/cr5-bsp/sources/build/tcc805x/gcc/tcc805x-freertos-debug/obj/heap_5.o
                0x0000000008259838                pvPortMalloc
                0x0000000008259a90                vPortFree
                0x0000000008259bb8                xPortGetFreeHeapSize
                0x0000000008259bdc                xPortGetMinimumEverFreeHeapSize
                0x0000000008259d58                vPortDefineHeapRegions
                0x0000000008259fd0                vPortGetHeapStats
 .text          0x000000000825a124      0x32c /home/junghyun/topst/cr5-bsp/sources/build/tcc805x/gcc/tcc805x-freertos-debug/obj/sal_api.o
                0x000000000825a124                SAL_RegisterFunction
 .text          0x000000000825a450     0x2714 /home/junghyun/topst/cr5-bsp/sources/build/tcc805x/gcc/tcc805x-freertos-debug/obj/sal_freertos_impl.o
                0x000000000825c708                SAL_Init
 .text          0x000000000825cb64       0x44 /home/junghyun/topst/cr5-bsp/sources/build/tcc805x/gcc/tcc805x-freertos-debug/obj/project_ipc.o
                0x000000000825cb64                ipc_send_on_sound
                0x000000000825cb80                ipc_send_data
 .text          0x000000000825cba8      0x284 /home/junghyun/topst/cr5-bsp/sources/build/tcc805x/gcc/tcc805x-freertos-debug/obj/project_i2c.o
                0x000000000825cba8                I2cRead
                0x000000000825cdb0                CreateI2CTask
 .text          0x000000000825ce2c        0x0 /home/junghyun/topst/cr5-bsp/sources/build/tcc805x/gcc/tcc805x-freertos-debug/obj/vector.o
 .text          0x000000000825ce2c        0x4 /home/junghyun/topst/cr5-bsp/sources/build/tcc805x/gcc/tcc805x-freertos-debug/obj/vfp_init.o
                0x000000000825ce2c                vfp_init
 .text          0x000000000825ce30        0xc /home/junghyun/topst/cr5-bsp/sources/build/tcc805x/gcc/tcc805x-freertos-debug/obj/arm_a.o
                0x000000000825ce30                ARM_DSB
 *fill*         0x000000000825ce3c        0x4 
 .text          0x000000000825ce40      0x270 /home/junghyun/topst/cr5-bsp/sources/build/tcc805x/gcc/tcc805x-freertos-debug/obj/portASM.o
                0x000000000825ce40                FreeRTOS_SWI_Handler
                0x000000000825cec8                vPortRestoreTaskContext
                0x000000000825cf20                FreeRTOS_IRQ_Handler
                0x000000000825d070                vApplicationIRQHandler
 .text          0x000000000825d0b0       0xb8 /home/junghyun/topst/cr5-bsp/sources/build/tcc805x/gcc/tcc805x-freertos-debug/obj/freertos.o
                0x000000000825d0b0                FreeRTOS_ARM_ExceptUndefInstrHndlr
                0x000000000825d0c4                FreeRTOS_ARM_ExceptSwiHndlr
                0x000000000825d0c8                FreeRTOS_ARM_ExceptPrefetchAbortHndlr
                0x000000000825d0e0                FreeRTOS_ARM_ExceptDataAbortHndlr
                0x000000000825d110                FreeRTOS_ARM_ExceptIrqHndlr
                0x000000000825d114                FreeRTOS_ARM_ExceptFiqHndlr
                0x000000000825d12c                FreeRTOS_ARM_DRegCntGet
                0x000000000825d134                CPU_WaitForEvent
                0x000000000825d140                __DSB
                0x000000000825d14c                CPU_SR_Save
                0x000000000825d15c                CPU_SR_Restore
 .text          0x000000000825d168       0x18 /home/junghyun/topst/cr5-bsp/sources/build/tcc805x/gcc/tcc805x-freertos-debug/obj/sal.o
                0x000000000825d168                ARM_ExceptUndefInstrHndlr
                0x000000000825d16c                ARM_ExceptSwiHndlr
                0x000000000825d170                ARM_ExceptPrefetchAbortHndlr
                0x000000000825d174                ARM_ExceptDataAbortHndlr
                0x000000000825d178                ARM_ExceptIrqHndlr
                0x000000000825d17c                ARM_ExceptFiqHndlr
 .text          0x000000000825d180       0x30 /home/junghyun/topst/buildtools/gcc-linaro-7.2.1-2017.11-x86_64_arm-eabi/arm-eabi/libc/usr/lib/libc.a(lib_a-atoi.o)
                0x000000000825d180                atoi
                0x000000000825d198                _atoi_r
 .text          0x000000000825d1b0       0x30 /home/junghyun/topst/buildtools/gcc-linaro-7.2.1-2017.11-x86_64_arm-eabi/arm-eabi/libc/usr/lib/libc.a(lib_a-atol.o)
                0x000000000825d1b0                atol
                0x000000000825d1c8                _atol_r
 .text          0x000000000825d1e0      0x104 /home/junghyun/topst/buildtools/gcc-linaro-7.2.1-2017.11-x86_64_arm-eabi/arm-eabi/libc/usr/lib/libc.a(lib_a-memcmp.o)
                0x000000000825d1e0                memcmp
 .text          0x000000000825d2e4      0x110 /home/junghyun/topst/buildtools/gcc-linaro-7.2.1-2017.11-x86_64_arm-eabi/arm-eabi/libc/usr/lib/libc.a(lib_a-memcpy-stub.o)
                0x000000000825d2e4                memcpy
 .text          0x000000000825d3f4      0x114 /home/junghyun/topst/buildtools/gcc-linaro-7.2.1-2017.11-x86_64_arm-eabi/arm-eabi/libc/usr/lib/libc.a(lib_a-memset.o)
                0x000000000825d3f4                memset
 .text          0x000000000825d508       0x60 /home/junghyun/topst/buildtools/gcc-linaro-7.2.1-2017.11-x86_64_arm-eabi/arm-eabi/libc/usr/lib/libc.a(lib_a-strlen-stub.o)
                0x000000000825d508                strlen
 .text          0x000000000825d568      0x100 /home/junghyun/topst/buildtools/gcc-linaro-7.2.1-2017.11-x86_64_arm-eabi/arm-eabi/libc/usr/lib/libc.a(lib_a-strncmp.o)
                0x000000000825d568                strncmp
 .text          0x000000000825d668       0xe0 /home/junghyun/topst/buildtools/gcc-linaro-7.2.1-2017.11-x86_64_arm-eabi/arm-eabi/libc/usr/lib/libc.a(lib_a-strncpy.o)
                0x000000000825d668                strncpy
 .text          0x000000000825d748       0x5c /home/junghyun/topst/buildtools/gcc-linaro-7.2.1-2017.11-x86_64_arm-eabi/arm-eabi/libc/usr/lib/libc.a(lib_a-strnlen.o)
                0x000000000825d748                strnlen
 .text          0x000000000825d7a4      0x27c /home/junghyun/topst/buildtools/gcc-linaro-7.2.1-2017.11-x86_64_arm-eabi/arm-eabi/libc/usr/lib/libc.a(lib_a-strtol.o)
                0x000000000825d960                _strtol_r
                0x000000000825d99c                strtol_l
                0x000000000825d9d4                strtol
 .text          0x000000000825da20      0x28c /home/junghyun/topst/buildtools/gcc-linaro-7.2.1-2017.11-x86_64_arm-eabi/arm-eabi/libc/usr/lib/libc.a(lib_a-strtoul.o)
                0x000000000825dbec                _strtoul_r
                0x000000000825dc28                strtoul_l
                0x000000000825dc60                strtoul
 .text          0x000000000825dcac        0x0 /home/junghyun/topst/buildtools/gcc-linaro-7.2.1-2017.11-x86_64_arm-eabi/arm-eabi/libc/usr/lib/libc.a(lib_a-impure.o)
 .text          0x000000000825dcac      0xd0c /home/junghyun/topst/buildtools/gcc-linaro-7.2.1-2017.11-x86_64_arm-eabi/arm-eabi/libc/usr/lib/libc.a(lib_a-locale.o)
                0x000000000825dd40                __loadlocale
                0x000000000825e578                __get_locale_env
                0x000000000825e60c                _setlocale_r
                0x000000000825e948                __locale_mb_cur_max
                0x000000000825e970                __locale_ctype_ptr_l
                0x000000000825e978                __locale_ctype_ptr
                0x000000000825e9a0                setlocale
 .text          0x000000000825e9b8      0x744 /home/junghyun/topst/buildtools/gcc-linaro-7.2.1-2017.11-x86_64_arm-eabi/arm-eabi/libc/usr/lib/libc.a(lib_a-mbtowc_r.o)
                0x000000000825e9b8                _mbtowc_r
                0x000000000825e9ec                __ascii_mbtowc
                0x000000000825ea30                __utf8_mbtowc
                0x000000000825ed38                __sjis_mbtowc
                0x000000000825ee0c                __eucjp_mbtowc
                0x000000000825ef44                __jis_mbtowc
 .text          0x000000000825f0fc       0x70 /home/junghyun/topst/buildtools/gcc-linaro-7.2.1-2017.11-x86_64_arm-eabi/arm-eabi/libc/usr/lib/libc.a(lib_a-strcasecmp.o)
                0x000000000825f0fc                strcasecmp
 .text          0x000000000825f16c       0x74 /home/junghyun/topst/buildtools/gcc-linaro-7.2.1-2017.11-x86_64_arm-eabi/arm-eabi/libc/usr/lib/libc.a(lib_a-strcat.o)
                0x000000000825f16c                strcat
 .text          0x000000000825f1e0      0x184 /home/junghyun/topst/buildtools/gcc-linaro-7.2.1-2017.11-x86_64_arm-eabi/arm-eabi/libc/usr/lib/libc.a(lib_a-strchr.o)
                0x000000000825f1e0                strchr
 .text          0x000000000825f364      0x224 /home/junghyun/topst/buildtools/gcc-linaro-7.2.1-2017.11-x86_64_arm-eabi/arm-eabi/libc/usr/lib/libc.a(lib_a-strcmp.o)
                0x000000000825f364                strcmp
 .text          0x000000000825f588       0xf0 /home/junghyun/topst/buildtools/gcc-linaro-7.2.1-2017.11-x86_64_arm-eabi/arm-eabi/libc/usr/lib/libc.a(lib_a-strcpy.o)
                0x000000000825f588                strcpy
 .text          0x000000000825f678       0x54 /home/junghyun/topst/buildtools/gcc-linaro-7.2.1-2017.11-x86_64_arm-eabi/arm-eabi/libc/usr/lib/libc.a(lib_a-strlcpy.o)
                0x000000000825f678                strlcpy
 .text          0x000000000825f6cc       0x94 /home/junghyun/topst/buildtools/gcc-linaro-7.2.1-2017.11-x86_64_arm-eabi/arm-eabi/libc/usr/lib/libc.a(lib_a-strncasecmp.o)
                0x000000000825f6cc                strncasecmp
 .text          0x000000000825f760      0x35c /home/junghyun/topst/buildtools/gcc-linaro-7.2.1-2017.11-x86_64_arm-eabi/arm-eabi/libc/usr/lib/libc.a(lib_a-wctomb_r.o)
                0x000000000825f760                _wctomb_r
                0x000000000825f794                __ascii_wctomb
                0x000000000825f7bc                __utf8_wctomb
                0x000000000825f8a8                __sjis_wctomb
                0x000000000825f930                __eucjp_wctomb
                0x000000000825f9e0                __jis_wctomb
 .text          0x000000000825fabc       0x10 /home/junghyun/topst/buildtools/gcc-linaro-7.2.1-2017.11-x86_64_arm-eabi/arm-eabi/libc/usr/lib/libc.a(lib_a-ctype_.o)
                0x000000000825fabc                __set_ctype
 .text          0x000000000825facc       0xec /home/junghyun/topst/buildtools/gcc-linaro-7.2.1-2017.11-x86_64_arm-eabi/arm-eabi/libc/usr/lib/libc.a(lib_a-getenv_r.o)
                0x000000000825facc                _findenv_r
                0x000000000825fb9c                _getenv_r
 .text          0x000000000825fbb8        0x0 /home/junghyun/topst/buildtools/gcc-linaro-7.2.1-2017.11-x86_64_arm-eabi/arm-eabi/libc/usr/lib/libc.a(lib_a-environ.o)
 .text          0x000000000825fbb8        0x8 /home/junghyun/topst/buildtools/gcc-linaro-7.2.1-2017.11-x86_64_arm-eabi/arm-eabi/libc/usr/lib/libc.a(lib_a-envlock.o)
                0x000000000825fbb8                __env_lock
                0x000000000825fbbc                __env_unlock
 .text          0x000000000825fbc0      0x114 /home/junghyun/topst/buildtools/gcc-linaro-7.2.1-2017.11-x86_64_arm-eabi/arm-eabi/libc/usr/lib/libgcc.a(_udivsi3.o)
                0x000000000825fbc0                __udivsi3
                0x000000000825fbc0                __aeabi_uidiv
                0x000000000825fcb4                __aeabi_uidivmod
 .text          0x000000000825fcd4        0x4 /home/junghyun/topst/buildtools/gcc-linaro-7.2.1-2017.11-x86_64_arm-eabi/arm-eabi/libc/usr/lib/libgcc.a(_dvmd_tls.o)
                0x000000000825fcd4                __aeabi_ldiv0
                0x000000000825fcd4                __aeabi_idiv0
 .text          0x000000000825fcd8       0x3c /home/junghyun/topst/buildtools/gcc-linaro-7.2.1-2017.11-x86_64_arm-eabi/arm-eabi/libc/usr/lib/libgcc.a(_aeabi_uldivmod.o)
                0x000000000825fcd8                __aeabi_uldivmod
 .text          0x000000000825fd14      0x12c /home/junghyun/topst/buildtools/gcc-linaro-7.2.1-2017.11-x86_64_arm-eabi/arm-eabi/libc/usr/lib/libgcc.a(_udivmoddi4.o)
                0x000000000825fd14                __udivmoddi4
 .text          0x000000000825fe40       0x28 /home/junghyun/topst/buildtools/gcc-linaro-7.2.1-2017.11-x86_64_arm-eabi/arm-eabi/libc/usr/lib/libgcc.a(_clzdi2.o)
                0x000000000825fe40                __clzdi2
 .text          0x000000000825fe68       0x48 /home/junghyun/topst/buildtools/gcc-linaro-7.2.1-2017.11-x86_64_arm-eabi/arm-eabi/libc/usr/lib/libgcc.a(_clzsi2.o)
                0x000000000825fe68                __clzsi2
 .text.__stub   0x000000000825feb0        0x8 linker stubs
                0x000000000825feb8                __TEXT_END__ = .
                0x000000000825feb8                . = ALIGN (0x4)

.rodata         0x000000000825feb8     0xc5e8
                0x000000000825feb8                __RODATA_START__ = .
 *(.rodata)
 .rodata        0x000000000825feb8       0x35 /home/junghyun/topst/cr5-bsp/sources/build/tcc805x/gcc/tcc805x-freertos-debug/obj/main.o
 *fill*         0x000000000825feed        0x3 
 .rodata        0x000000000825fef0      0xb01 /home/junghyun/topst/cr5-bsp/sources/build/tcc805x/gcc/tcc805x-freertos-debug/obj/can_demo.o
 *fill*         0x00000000082609f1        0x3 
 .rodata        0x00000000082609f4      0x5d5 /home/junghyun/topst/cr5-bsp/sources/build/tcc805x/gcc/tcc805x-freertos-debug/obj/console.o
 *fill*         0x0000000008260fc9        0x3 
 .rodata        0x0000000008260fcc      0x101 /home/junghyun/topst/cr5-bsp/sources/build/tcc805x/gcc/tcc805x-freertos-debug/obj/fwug.o
 *fill*         0x00000000082610cd        0x3 
 .rodata        0x00000000082610d0      0x145 /home/junghyun/topst/cr5-bsp/sources/build/tcc805x/gcc/tcc805x-freertos-debug/obj/key_i2c.o
 *fill*         0x0000000008261215        0x3 
 .rodata        0x0000000008261218      0x267 /home/junghyun/topst/cr5-bsp/sources/build/tcc805x/gcc/tcc805x-freertos-debug/obj/key.o
 *fill*         0x000000000826147f        0x1 
 .rodata        0x0000000008261480        0x7 /home/junghyun/topst/cr5-bsp/sources/build/tcc805x/gcc/tcc805x-freertos-debug/obj/system_monitoring.o
 *fill*         0x0000000008261487        0x1 
 .rodata        0x0000000008261488      0x12b /home/junghyun/topst/cr5-bsp/sources/build/tcc805x/gcc/tcc805x-freertos-debug/obj/bootctrl.o
 *fill*         0x00000000082615b3        0x1 
 .rodata        0x00000000082615b4       0x24 /home/junghyun/topst/cr5-bsp/sources/build/tcc805x/gcc/tcc805x-freertos-debug/obj/reset_demo.o
 .rodata        0x00000000082615d8      0x5af /home/junghyun/topst/cr5-bsp/sources/build/tcc805x/gcc/tcc805x-freertos-debug/obj/dse_test.o
 *fill*         0x0000000008261b87        0x1 
 .rodata        0x0000000008261b88       0xe9 /home/junghyun/topst/cr5-bsp/sources/build/tcc805x/gcc/tcc805x-freertos-debug/obj/fmu_test.o
 *fill*         0x0000000008261c71        0x3 
 .rodata        0x0000000008261c74      0x1ba /home/junghyun/topst/cr5-bsp/sources/build/tcc805x/gcc/tcc805x-freertos-debug/obj/gdma_test.o
 *fill*         0x0000000008261e2e        0x2 
 .rodata        0x0000000008261e30      0x1f6 /home/junghyun/topst/cr5-bsp/sources/build/tcc805x/gcc/tcc805x-freertos-debug/obj/gic_test.o
 *fill*         0x0000000008262026        0x2 
 .rodata        0x0000000008262028      0x279 /home/junghyun/topst/cr5-bsp/sources/build/tcc805x/gcc/tcc805x-freertos-debug/obj/gpio_test.o
 *fill*         0x00000000082622a1        0x3 
 .rodata        0x00000000082622a4      0xbcb /home/junghyun/topst/cr5-bsp/sources/build/tcc805x/gcc/tcc805x-freertos-debug/obj/gpsb_test.o
 *fill*         0x0000000008262e6f        0x1 
 .rodata        0x0000000008262e70      0xb69 /home/junghyun/topst/cr5-bsp/sources/build/tcc805x/gcc/tcc805x-freertos-debug/obj/hsm_test.o
 *fill*         0x00000000082639d9        0x3 
 .rodata        0x00000000082639dc      0x441 /home/junghyun/topst/cr5-bsp/sources/build/tcc805x/gcc/tcc805x-freertos-debug/obj/i2c_test.o
 *fill*         0x0000000008263e1d        0x3 
 .rodata        0x0000000008263e20       0xe6 /home/junghyun/topst/cr5-bsp/sources/build/tcc805x/gcc/tcc805x-freertos-debug/obj/ictc_test.o
 *fill*         0x0000000008263f06        0x2 
 .rodata        0x0000000008263f08       0xdb /home/junghyun/topst/cr5-bsp/sources/build/tcc805x/gcc/tcc805x-freertos-debug/obj/lin_test.o
 *fill*         0x0000000008263fe3        0x1 
 .rodata        0x0000000008263fe4      0x126 /home/junghyun/topst/cr5-bsp/sources/build/tcc805x/gcc/tcc805x-freertos-debug/obj/pdm_test.o
 *fill*         0x000000000826410a        0x2 
 .rodata        0x000000000826410c      0x55f /home/junghyun/topst/cr5-bsp/sources/build/tcc805x/gcc/tcc805x-freertos-debug/obj/pmio_test.o
 *fill*         0x000000000826466b        0x1 
 .rodata        0x000000000826466c      0x4af /home/junghyun/topst/cr5-bsp/sources/build/tcc805x/gcc/tcc805x-freertos-debug/obj/timer_test.o
 *fill*         0x0000000008264b1b        0x1 
 .rodata        0x0000000008264b1c      0xa37 /home/junghyun/topst/cr5-bsp/sources/build/tcc805x/gcc/tcc805x-freertos-debug/obj/wdt_test.o
 *fill*         0x0000000008265553        0x1 
 .rodata        0x0000000008265554       0x68 /home/junghyun/topst/cr5-bsp/sources/build/tcc805x/gcc/tcc805x-freertos-debug/obj/mptool.o
 .rodata        0x00000000082655bc      0x1b3 /home/junghyun/topst/cr5-bsp/sources/build/tcc805x/gcc/tcc805x-freertos-debug/obj/ipc_os.o
 *fill*         0x000000000826576f        0x1 
 .rodata        0x0000000008265770       0xe2 /home/junghyun/topst/cr5-bsp/sources/build/tcc805x/gcc/tcc805x-freertos-debug/obj/ipc_buffer.o
 *fill*         0x0000000008265852        0x2 
 .rodata        0x0000000008265854      0x183 /home/junghyun/topst/cr5-bsp/sources/build/tcc805x/gcc/tcc805x-freertos-debug/obj/ipc_ctl.o
 *fill*         0x00000000082659d7        0x1 
 .rodata        0x00000000082659d8       0x38 /home/junghyun/topst/cr5-bsp/sources/build/tcc805x/gcc/tcc805x-freertos-debug/obj/ipc_parser.o
 .rodata        0x0000000008265a10      0x262 /home/junghyun/topst/cr5-bsp/sources/build/tcc805x/gcc/tcc805x-freertos-debug/obj/ipc_api.o
 *fill*         0x0000000008265c72        0x2 
 .rodata        0x0000000008265c74      0x3aa /home/junghyun/topst/cr5-bsp/sources/build/tcc805x/gcc/tcc805x-freertos-debug/obj/lin.o
 *fill*         0x000000000826601e        0x2 
 .rodata        0x0000000008266020      0x209 /home/junghyun/topst/cr5-bsp/sources/build/tcc805x/gcc/tcc805x-freertos-debug/obj/sdm.o
 *fill*         0x0000000008266229        0x3 
 .rodata        0x000000000826622c      0x38b /home/junghyun/topst/cr5-bsp/sources/build/tcc805x/gcc/tcc805x-freertos-debug/obj/hsm_manager.o
 *fill*         0x00000000082665b7        0x1 
 .rodata        0x00000000082665b8       0xf5 /home/junghyun/topst/cr5-bsp/sources/build/tcc805x/gcc/tcc805x-freertos-debug/obj/adc.o
 *fill*         0x00000000082666ad        0x3 
 .rodata        0x00000000082666b0       0x9f /home/junghyun/topst/cr5-bsp/sources/build/tcc805x/gcc/tcc805x-freertos-debug/obj/can.o
 *fill*         0x000000000826674f        0x1 
 .rodata        0x0000000008266750      0x4ee /home/junghyun/topst/cr5-bsp/sources/build/tcc805x/gcc/tcc805x-freertos-debug/obj/can_drv.o
 *fill*         0x0000000008266c3e        0x2 
 .rodata        0x0000000008266c40       0x25 /home/junghyun/topst/cr5-bsp/sources/build/tcc805x/gcc/tcc805x-freertos-debug/obj/debug.o
 *fill*         0x0000000008266c65        0x3 
 .rodata        0x0000000008266c68       0x3a /home/junghyun/topst/cr5-bsp/sources/build/tcc805x/gcc/tcc805x-freertos-debug/obj/bsp.o
 *fill*         0x0000000008266ca2        0x2 
 .rodata        0x0000000008266ca4      0x365 /home/junghyun/topst/cr5-bsp/sources/build/tcc805x/gcc/tcc805x-freertos-debug/obj/fmu.o
 *fill*         0x0000000008267009        0x3 
 .rodata        0x000000000826700c      0x164 /home/junghyun/topst/cr5-bsp/sources/build/tcc805x/gcc/tcc805x-freertos-debug/obj/gdma.o
 .rodata        0x0000000008267170      0x3d0 /home/junghyun/topst/cr5-bsp/sources/build/tcc805x/gcc/tcc805x-freertos-debug/obj/gic.o
 .rodata        0x0000000008267540       0x77 /home/junghyun/topst/cr5-bsp/sources/build/tcc805x/gcc/tcc805x-freertos-debug/obj/gpio.o
 *fill*         0x00000000082675b7        0x1 
 .rodata        0x00000000082675b8      0x93e /home/junghyun/topst/cr5-bsp/sources/build/tcc805x/gcc/tcc805x-freertos-debug/obj/i2c.o
 *fill*         0x0000000008267ef6        0x2 
 .rodata        0x0000000008267ef8      0x1ec /home/junghyun/topst/cr5-bsp/sources/build/tcc805x/gcc/tcc805x-freertos-debug/obj/i2c_reg.o
                0x0000000008267ef8                i2cport
 .rodata        0x00000000082680e4      0x32a /home/junghyun/topst/cr5-bsp/sources/build/tcc805x/gcc/tcc805x-freertos-debug/obj/ictc.o
 *fill*         0x000000000826840e        0x2 
 .rodata        0x0000000008268410      0x620 /home/junghyun/topst/cr5-bsp/sources/build/tcc805x/gcc/tcc805x-freertos-debug/obj/mbox_dev.o
 .rodata        0x0000000008268a30      0x342 /home/junghyun/topst/cr5-bsp/sources/build/tcc805x/gcc/tcc805x-freertos-debug/obj/mbox.o
 *fill*         0x0000000008268d72        0x2 
 .rodata        0x0000000008268d74       0xc0 /home/junghyun/topst/cr5-bsp/sources/build/tcc805x/gcc/tcc805x-freertos-debug/obj/mpu.o
                0x0000000008268d74                sMPUTable
 .rodata        0x0000000008268e34      0x1ea /home/junghyun/topst/cr5-bsp/sources/build/tcc805x/gcc/tcc805x-freertos-debug/obj/pdm.o
 *fill*         0x000000000826901e        0x2 
 .rodata        0x0000000008269020      0xc45 /home/junghyun/topst/cr5-bsp/sources/build/tcc805x/gcc/tcc805x-freertos-debug/obj/pmio_dev.o
 *fill*         0x0000000008269c65        0x3 
 .rodata        0x0000000008269c68     0x13b1 /home/junghyun/topst/cr5-bsp/sources/build/tcc805x/gcc/tcc805x-freertos-debug/obj/gpsb.o
 *fill*         0x000000000826b019        0x3 
 .rodata        0x000000000826b01c      0x2d8 /home/junghyun/topst/cr5-bsp/sources/build/tcc805x/gcc/tcc805x-freertos-debug/obj/gpsb_reg.o
                0x000000000826b01c                gpsbport
                0x000000000826b2dc                gpsb_sm
 .rodata        0x000000000826b2f4       0xe3 /home/junghyun/topst/cr5-bsp/sources/build/tcc805x/gcc/tcc805x-freertos-debug/obj/timer.o
 *fill*         0x000000000826b3d7        0x1 
 .rodata        0x000000000826b3d8      0x531 /home/junghyun/topst/cr5-bsp/sources/build/tcc805x/gcc/tcc805x-freertos-debug/obj/uart.o
 *fill*         0x000000000826b909        0x3 
 .rodata        0x000000000826b90c      0x13e /home/junghyun/topst/cr5-bsp/sources/build/tcc805x/gcc/tcc805x-freertos-debug/obj/udma.o
 *fill*         0x000000000826ba4a        0x2 
 .rodata        0x000000000826ba4c      0x18d /home/junghyun/topst/cr5-bsp/sources/build/tcc805x/gcc/tcc805x-freertos-debug/obj/wdt.o
 *fill*         0x000000000826bbd9        0x3 
 .rodata        0x000000000826bbdc       0xb8 /home/junghyun/topst/cr5-bsp/sources/build/tcc805x/gcc/tcc805x-freertos-debug/obj/dse.o
 .rodata        0x000000000826bc94       0xde /home/junghyun/topst/cr5-bsp/sources/build/tcc805x/gcc/tcc805x-freertos-debug/obj/pmu_reset.o
 *fill*         0x000000000826bd72        0x2 
 .rodata        0x000000000826bd74        0x5 /home/junghyun/topst/cr5-bsp/sources/build/tcc805x/gcc/tcc805x-freertos-debug/obj/tasks.o
 *fill*         0x000000000826bd79        0x3 
 .rodata        0x000000000826bd7c        0xd /home/junghyun/topst/cr5-bsp/sources/build/tcc805x/gcc/tcc805x-freertos-debug/obj/timers.o
 *fill*         0x000000000826bd89        0x3 
 .rodata        0x000000000826bd8c       0x20 /home/junghyun/topst/cr5-bsp/sources/build/tcc805x/gcc/tcc805x-freertos-debug/obj/port.o
                0x000000000826bd8c                ulICCIAR
                0x000000000826bd90                ulICCEOIR
                0x000000000826bd94                ulICCPMR
                0x000000000826bd98                ulMaxAPIPriorityMask
 .rodata        0x000000000826bdac        0x4 /home/junghyun/topst/cr5-bsp/sources/build/tcc805x/gcc/tcc805x-freertos-debug/obj/heap_5.o
 .rodata        0x000000000826bdb0      0x249 /home/junghyun/topst/cr5-bsp/sources/build/tcc805x/gcc/tcc805x-freertos-debug/obj/sal_freertos_impl.o
 *fill*         0x000000000826bff9        0x3 
 .rodata        0x000000000826bffc       0x55 /home/junghyun/topst/cr5-bsp/sources/build/tcc805x/gcc/tcc805x-freertos-debug/obj/project_i2c.o
 *fill*         0x000000000826c051        0x3 
 .rodata        0x000000000826c054        0x4 /home/junghyun/topst/buildtools/gcc-linaro-7.2.1-2017.11-x86_64_arm-eabi/arm-eabi/libc/usr/lib/libc.a(lib_a-impure.o)
                0x000000000826c054                _global_impure_ptr
 .rodata        0x000000000826c058      0x188 /home/junghyun/topst/buildtools/gcc-linaro-7.2.1-2017.11-x86_64_arm-eabi/arm-eabi/libc/usr/lib/libc.a(lib_a-locale.o)
                0x000000000826c074                __C_locale
 .rodata        0x000000000826c1e0       0x90 /home/junghyun/topst/buildtools/gcc-linaro-7.2.1-2017.11-x86_64_arm-eabi/arm-eabi/libc/usr/lib/libc.a(lib_a-mbtowc_r.o)
 .rodata        0x000000000826c270      0x101 /home/junghyun/topst/buildtools/gcc-linaro-7.2.1-2017.11-x86_64_arm-eabi/arm-eabi/libc/usr/lib/libc.a(lib_a-ctype_.o)
                0x000000000826c270                _ctype_
 *(.rodata.*)
 *fill*         0x000000000826c371        0x3 
 .rodata.str1.4
                0x000000000826c374      0x12c /home/junghyun/topst/buildtools/gcc-linaro-7.2.1-2017.11-x86_64_arm-eabi/arm-eabi/libc/usr/lib/libc.a(lib_a-locale.o)
                                        0x130 (size before relaxing)
 *(.const)
 *(.const.*)
                0x000000000826c4a0                . = ALIGN (0x20)
 *fill*         0x000000000826c4a0        0x0 
                0x000000000826c4a0                __RODATA_END__ = .

.vector         0x0000000006000000       0x60 load address 0x000000000826c4a0
                0x000000000826c4a0                __VECTOR_START_LOAD = LOADADDR (.vector)
                0x0000000006000000                __VECTOR_START__ = .
 *vector.o(.vector .text .rodata .rodata*)
 .vector        0x0000000006000000       0x50 /home/junghyun/topst/cr5-bsp/sources/build/tcc805x/gcc/tcc805x-freertos-debug/obj/vector.o
                0x0000000006000000                _vector
                0x0000000006000000                _start
                0x0000000006000024                ARM_Reserved
                0x0000000006000060                . = ALIGN (0x20)
 *fill*         0x0000000006000050       0x10 
                0x0000000006000060                __VECTOR_END__ = .

.data           0x0000000006000060     0x30e0 load address 0x000000000826c500
                0x000000000826c500                __DATA_START_LOAD = LOADADDR (.data)
                0x0000000006000060                __DATA_START__ = .
 *(.data)
 .data          0x0000000006000060        0x0 /home/junghyun/topst/cr5-bsp/sources/build/tcc805x/gcc/tcc805x-freertos-debug/obj/main.o
 .data          0x0000000006000060      0x2f4 /home/junghyun/topst/cr5-bsp/sources/build/tcc805x/gcc/tcc805x-freertos-debug/obj/can_demo.o
 .data          0x0000000006000354      0x198 /home/junghyun/topst/cr5-bsp/sources/build/tcc805x/gcc/tcc805x-freertos-debug/obj/console.o
 .data          0x00000000060004ec        0x0 /home/junghyun/topst/cr5-bsp/sources/build/tcc805x/gcc/tcc805x-freertos-debug/obj/fwug.o
 .data          0x00000000060004ec       0xf8 /home/junghyun/topst/cr5-bsp/sources/build/tcc805x/gcc/tcc805x-freertos-debug/obj/key_adc.o
 .data          0x00000000060005e4        0x0 /home/junghyun/topst/cr5-bsp/sources/build/tcc805x/gcc/tcc805x-freertos-debug/obj/key_gpio.o
 .data          0x00000000060005e4       0x74 /home/junghyun/topst/cr5-bsp/sources/build/tcc805x/gcc/tcc805x-freertos-debug/obj/key_i2c.o
 .data          0x0000000006000658        0x0 /home/junghyun/topst/cr5-bsp/sources/build/tcc805x/gcc/tcc805x-freertos-debug/obj/key.o
 .data          0x0000000006000658        0x0 /home/junghyun/topst/cr5-bsp/sources/build/tcc805x/gcc/tcc805x-freertos-debug/obj/system_monitoring.o
 .data          0x0000000006000658        0x8 /home/junghyun/topst/cr5-bsp/sources/build/tcc805x/gcc/tcc805x-freertos-debug/obj/bootctrl.o
 .data          0x0000000006000660        0x0 /home/junghyun/topst/cr5-bsp/sources/build/tcc805x/gcc/tcc805x-freertos-debug/obj/reset_demo.o
 .data          0x0000000006000660        0x0 /home/junghyun/topst/cr5-bsp/sources/build/tcc805x/gcc/tcc805x-freertos-debug/obj/adc_test.o
 .data          0x0000000006000660        0x0 /home/junghyun/topst/cr5-bsp/sources/build/tcc805x/gcc/tcc805x-freertos-debug/obj/dse_test.o
 .data          0x0000000006000660        0x0 /home/junghyun/topst/cr5-bsp/sources/build/tcc805x/gcc/tcc805x-freertos-debug/obj/fmu_test.o
 .data          0x0000000006000660        0x0 /home/junghyun/topst/cr5-bsp/sources/build/tcc805x/gcc/tcc805x-freertos-debug/obj/gdma_test.o
 .data          0x0000000006000660        0x0 /home/junghyun/topst/cr5-bsp/sources/build/tcc805x/gcc/tcc805x-freertos-debug/obj/gic_test.o
 .data          0x0000000006000660      0x628 /home/junghyun/topst/cr5-bsp/sources/build/tcc805x/gcc/tcc805x-freertos-debug/obj/gpio_test.o
 .data          0x0000000006000c88        0x0 /home/junghyun/topst/cr5-bsp/sources/build/tcc805x/gcc/tcc805x-freertos-debug/obj/gpsb_test.o
 .data          0x0000000006000c88      0x430 /home/junghyun/topst/cr5-bsp/sources/build/tcc805x/gcc/tcc805x-freertos-debug/obj/hsm_test.o
 .data          0x00000000060010b8        0x0 /home/junghyun/topst/cr5-bsp/sources/build/tcc805x/gcc/tcc805x-freertos-debug/obj/i2c_test.o
 .data          0x00000000060010b8        0x0 /home/junghyun/topst/cr5-bsp/sources/build/tcc805x/gcc/tcc805x-freertos-debug/obj/ictc_test.o
 .data          0x00000000060010b8        0x0 /home/junghyun/topst/cr5-bsp/sources/build/tcc805x/gcc/tcc805x-freertos-debug/obj/lin_test.o
 .data          0x00000000060010b8        0x0 /home/junghyun/topst/cr5-bsp/sources/build/tcc805x/gcc/tcc805x-freertos-debug/obj/pdm_test.o
 .data          0x00000000060010b8      0x3d4 /home/junghyun/topst/cr5-bsp/sources/build/tcc805x/gcc/tcc805x-freertos-debug/obj/pmio_test.o
 .data          0x000000000600148c        0x0 /home/junghyun/topst/cr5-bsp/sources/build/tcc805x/gcc/tcc805x-freertos-debug/obj/timer_test.o
 .data          0x000000000600148c       0x20 /home/junghyun/topst/cr5-bsp/sources/build/tcc805x/gcc/tcc805x-freertos-debug/obj/wdt_test.o
 .data          0x00000000060014ac        0x0 /home/junghyun/topst/cr5-bsp/sources/build/tcc805x/gcc/tcc805x-freertos-debug/obj/mptool.o
 .data          0x00000000060014ac        0x0 /home/junghyun/topst/cr5-bsp/sources/build/tcc805x/gcc/tcc805x-freertos-debug/obj/ipc_os.o
 .data          0x00000000060014ac        0x0 /home/junghyun/topst/cr5-bsp/sources/build/tcc805x/gcc/tcc805x-freertos-debug/obj/ipc_buffer.o
 .data          0x00000000060014ac        0x0 /home/junghyun/topst/cr5-bsp/sources/build/tcc805x/gcc/tcc805x-freertos-debug/obj/ipc_cmd.o
 .data          0x00000000060014ac        0x0 /home/junghyun/topst/cr5-bsp/sources/build/tcc805x/gcc/tcc805x-freertos-debug/obj/ipc_ctl.o
 .data          0x00000000060014ac       0x20 /home/junghyun/topst/cr5-bsp/sources/build/tcc805x/gcc/tcc805x-freertos-debug/obj/ipc_parser.o
 .data          0x00000000060014cc        0x0 /home/junghyun/topst/cr5-bsp/sources/build/tcc805x/gcc/tcc805x-freertos-debug/obj/ipc_api.o
 .data          0x00000000060014cc        0x0 /home/junghyun/topst/cr5-bsp/sources/build/tcc805x/gcc/tcc805x-freertos-debug/obj/ipc.o
 .data          0x00000000060014cc        0x0 /home/junghyun/topst/cr5-bsp/sources/build/tcc805x/gcc/tcc805x-freertos-debug/obj/lin.o
 .data          0x00000000060014cc        0x0 /home/junghyun/topst/cr5-bsp/sources/build/tcc805x/gcc/tcc805x-freertos-debug/obj/sdm.o
 .data          0x00000000060014cc        0x0 /home/junghyun/topst/cr5-bsp/sources/build/tcc805x/gcc/tcc805x-freertos-debug/obj/hsm_manager.o
 .data          0x00000000060014cc        0x0 /home/junghyun/topst/cr5-bsp/sources/build/tcc805x/gcc/tcc805x-freertos-debug/obj/adc.o
 .data          0x00000000060014cc        0x0 /home/junghyun/topst/cr5-bsp/sources/build/tcc805x/gcc/tcc805x-freertos-debug/obj/can.o
 .data          0x00000000060014cc        0x0 /home/junghyun/topst/cr5-bsp/sources/build/tcc805x/gcc/tcc805x-freertos-debug/obj/can_drv.o
 .data          0x00000000060014cc        0x0 /home/junghyun/topst/cr5-bsp/sources/build/tcc805x/gcc/tcc805x-freertos-debug/obj/can_msg.o
 .data          0x00000000060014cc      0x234 /home/junghyun/topst/cr5-bsp/sources/build/tcc805x/gcc/tcc805x-freertos-debug/obj/can_par.o
                0x000000000600167c                ArbitrationPhaseTimingPar
                0x0000000006001694                DataPhaseTimingPar
                0x00000000060016ac                TxBufferInfoPar
                0x00000000060016c4                RxBufferInfoPar
                0x00000000060016d0                RxBufferFIFO0InfoPar
                0x00000000060016dc                RxBufferFIFO1InfoPar
                0x00000000060016e8                StandardIDFilterPar
                0x00000000060016f4                ExtendedIDFilterPar
 .data          0x0000000006001700        0x0 /home/junghyun/topst/cr5-bsp/sources/build/tcc805x/gcc/tcc805x-freertos-debug/obj/can_porting.o
 .data          0x0000000006001700        0x0 /home/junghyun/topst/cr5-bsp/sources/build/tcc805x/gcc/tcc805x-freertos-debug/obj/clock_dev.o
 .data          0x0000000006001700       0xa0 /home/junghyun/topst/cr5-bsp/sources/build/tcc805x/gcc/tcc805x-freertos-debug/obj/debug.o
                0x0000000006001700                gDebugOption
                0x0000000006001704                dbgTags
 .data          0x00000000060017a0        0x0 /home/junghyun/topst/cr5-bsp/sources/build/tcc805x/gcc/tcc805x-freertos-debug/obj/bsp.o
 .data          0x00000000060017a0        0x0 /home/junghyun/topst/cr5-bsp/sources/build/tcc805x/gcc/tcc805x-freertos-debug/obj/fmu.o
 .data          0x00000000060017a0        0x0 /home/junghyun/topst/cr5-bsp/sources/build/tcc805x/gcc/tcc805x-freertos-debug/obj/gdma.o
 .data          0x00000000060017a0        0x0 /home/junghyun/topst/cr5-bsp/sources/build/tcc805x/gcc/tcc805x-freertos-debug/obj/gic.o
 .data          0x00000000060017a0        0x0 /home/junghyun/topst/cr5-bsp/sources/build/tcc805x/gcc/tcc805x-freertos-debug/obj/gpio.o
 .data          0x00000000060017a0        0x0 /home/junghyun/topst/cr5-bsp/sources/build/tcc805x/gcc/tcc805x-freertos-debug/obj/i2c.o
 .data          0x00000000060017a0       0xe4 /home/junghyun/topst/cr5-bsp/sources/build/tcc805x/gcc/tcc805x-freertos-debug/obj/i2c_reg.o
                0x00000000060017a0                i2c
 .data          0x0000000006001884        0x0 /home/junghyun/topst/cr5-bsp/sources/build/tcc805x/gcc/tcc805x-freertos-debug/obj/ictc.o
 .data          0x0000000006001884      0xc08 /home/junghyun/topst/cr5-bsp/sources/build/tcc805x/gcc/tcc805x-freertos-debug/obj/mbox_phy.o
                0x0000000006001884                mboxInfo
 .data          0x000000000600248c      0x428 /home/junghyun/topst/cr5-bsp/sources/build/tcc805x/gcc/tcc805x-freertos-debug/obj/mbox_dev.o
 .data          0x00000000060028b4        0x0 /home/junghyun/topst/cr5-bsp/sources/build/tcc805x/gcc/tcc805x-freertos-debug/obj/mbox.o
 .data          0x00000000060028b4        0x0 /home/junghyun/topst/cr5-bsp/sources/build/tcc805x/gcc/tcc805x-freertos-debug/obj/mpu.o
 .data          0x00000000060028b4        0x0 /home/junghyun/topst/cr5-bsp/sources/build/tcc805x/gcc/tcc805x-freertos-debug/obj/pdm.o
 .data          0x00000000060028b4       0x20 /home/junghyun/topst/cr5-bsp/sources/build/tcc805x/gcc/tcc805x-freertos-debug/obj/pmio_dev.o
 .data          0x00000000060028d4        0x0 /home/junghyun/topst/cr5-bsp/sources/build/tcc805x/gcc/tcc805x-freertos-debug/obj/gpsb.o
 .data          0x00000000060028d4      0x228 /home/junghyun/topst/cr5-bsp/sources/build/tcc805x/gcc/tcc805x-freertos-debug/obj/gpsb_reg.o
                0x00000000060028d4                gpsb
 .data          0x0000000006002afc        0x0 /home/junghyun/topst/cr5-bsp/sources/build/tcc805x/gcc/tcc805x-freertos-debug/obj/timer.o
 .data          0x0000000006002afc       0x30 /home/junghyun/topst/cr5-bsp/sources/build/tcc805x/gcc/tcc805x-freertos-debug/obj/uart.o
 .data          0x0000000006002b2c       0x48 /home/junghyun/topst/cr5-bsp/sources/build/tcc805x/gcc/tcc805x-freertos-debug/obj/udma.o
 .data          0x0000000006002b74        0x0 /home/junghyun/topst/cr5-bsp/sources/build/tcc805x/gcc/tcc805x-freertos-debug/obj/wdt.o
 .data          0x0000000006002b74        0x0 /home/junghyun/topst/cr5-bsp/sources/build/tcc805x/gcc/tcc805x-freertos-debug/obj/dse.o
 .data          0x0000000006002b74        0x0 /home/junghyun/topst/cr5-bsp/sources/build/tcc805x/gcc/tcc805x-freertos-debug/obj/midf.o
 .data          0x0000000006002b74        0x0 /home/junghyun/topst/cr5-bsp/sources/build/tcc805x/gcc/tcc805x-freertos-debug/obj/pmu_reset.o
 .data          0x0000000006002b74        0x0 /home/junghyun/topst/cr5-bsp/sources/build/tcc805x/gcc/tcc805x-freertos-debug/obj/tasks.o
 .data          0x0000000006002b74        0x0 /home/junghyun/topst/cr5-bsp/sources/build/tcc805x/gcc/tcc805x-freertos-debug/obj/list.o
 .data          0x0000000006002b74        0x0 /home/junghyun/topst/cr5-bsp/sources/build/tcc805x/gcc/tcc805x-freertos-debug/obj/queue.o
 .data          0x0000000006002b74        0x0 /home/junghyun/topst/cr5-bsp/sources/build/tcc805x/gcc/tcc805x-freertos-debug/obj/event_groups.o
 .data          0x0000000006002b74        0x0 /home/junghyun/topst/cr5-bsp/sources/build/tcc805x/gcc/tcc805x-freertos-debug/obj/timers.o
 .data          0x0000000006002b74        0x0 /home/junghyun/topst/cr5-bsp/sources/build/tcc805x/gcc/tcc805x-freertos-debug/obj/stream_buffer.o
 .data          0x0000000006002b74        0x4 /home/junghyun/topst/cr5-bsp/sources/build/tcc805x/gcc/tcc805x-freertos-debug/obj/port.o
                0x0000000006002b74                ulCriticalNesting
 .data          0x0000000006002b78        0x0 /home/junghyun/topst/cr5-bsp/sources/build/tcc805x/gcc/tcc805x-freertos-debug/obj/heap_5.o
 .data          0x0000000006002b78        0x0 /home/junghyun/topst/cr5-bsp/sources/build/tcc805x/gcc/tcc805x-freertos-debug/obj/sal_api.o
 .data          0x0000000006002b78        0x0 /home/junghyun/topst/cr5-bsp/sources/build/tcc805x/gcc/tcc805x-freertos-debug/obj/sal_freertos_impl.o
 .data          0x0000000006002b78        0x0 /home/junghyun/topst/cr5-bsp/sources/build/tcc805x/gcc/tcc805x-freertos-debug/obj/project_ipc.o
 .data          0x0000000006002b78        0x0 /home/junghyun/topst/cr5-bsp/sources/build/tcc805x/gcc/tcc805x-freertos-debug/obj/project_i2c.o
 .data          0x0000000006002b78        0x0 /home/junghyun/topst/cr5-bsp/sources/build/tcc805x/gcc/tcc805x-freertos-debug/obj/startup.o
 .data          0x0000000006002b78        0x0 /home/junghyun/topst/cr5-bsp/sources/build/tcc805x/gcc/tcc805x-freertos-debug/obj/vector.o
 .data          0x0000000006002b78        0x0 /home/junghyun/topst/cr5-bsp/sources/build/tcc805x/gcc/tcc805x-freertos-debug/obj/vfp_init.o
 .data          0x0000000006002b78        0x0 /home/junghyun/topst/cr5-bsp/sources/build/tcc805x/gcc/tcc805x-freertos-debug/obj/arm_a.o
 .data          0x0000000006002b78        0x0 /home/junghyun/topst/cr5-bsp/sources/build/tcc805x/gcc/tcc805x-freertos-debug/obj/portASM.o
 .data          0x0000000006002b78        0x0 /home/junghyun/topst/cr5-bsp/sources/build/tcc805x/gcc/tcc805x-freertos-debug/obj/freertos.o
 .data          0x0000000006002b78        0x0 /home/junghyun/topst/cr5-bsp/sources/build/tcc805x/gcc/tcc805x-freertos-debug/obj/sal.o
 .data          0x0000000006002b78        0x0 /home/junghyun/topst/buildtools/gcc-linaro-7.2.1-2017.11-x86_64_arm-eabi/arm-eabi/libc/usr/lib/libc.a(lib_a-atoi.o)
 .data          0x0000000006002b78        0x0 /home/junghyun/topst/buildtools/gcc-linaro-7.2.1-2017.11-x86_64_arm-eabi/arm-eabi/libc/usr/lib/libc.a(lib_a-atol.o)
 .data          0x0000000006002b78        0x0 /home/junghyun/topst/buildtools/gcc-linaro-7.2.1-2017.11-x86_64_arm-eabi/arm-eabi/libc/usr/lib/libc.a(lib_a-memcmp.o)
 .data          0x0000000006002b78        0x0 /home/junghyun/topst/buildtools/gcc-linaro-7.2.1-2017.11-x86_64_arm-eabi/arm-eabi/libc/usr/lib/libc.a(lib_a-memcpy-stub.o)
 .data          0x0000000006002b78        0x0 /home/junghyun/topst/buildtools/gcc-linaro-7.2.1-2017.11-x86_64_arm-eabi/arm-eabi/libc/usr/lib/libc.a(lib_a-memset.o)
 .data          0x0000000006002b78        0x0 /home/junghyun/topst/buildtools/gcc-linaro-7.2.1-2017.11-x86_64_arm-eabi/arm-eabi/libc/usr/lib/libc.a(lib_a-strlen-stub.o)
 .data          0x0000000006002b78        0x0 /home/junghyun/topst/buildtools/gcc-linaro-7.2.1-2017.11-x86_64_arm-eabi/arm-eabi/libc/usr/lib/libc.a(lib_a-strncmp.o)
 .data          0x0000000006002b78        0x0 /home/junghyun/topst/buildtools/gcc-linaro-7.2.1-2017.11-x86_64_arm-eabi/arm-eabi/libc/usr/lib/libc.a(lib_a-strncpy.o)
 .data          0x0000000006002b78        0x0 /home/junghyun/topst/buildtools/gcc-linaro-7.2.1-2017.11-x86_64_arm-eabi/arm-eabi/libc/usr/lib/libc.a(lib_a-strnlen.o)
 .data          0x0000000006002b78        0x0 /home/junghyun/topst/buildtools/gcc-linaro-7.2.1-2017.11-x86_64_arm-eabi/arm-eabi/libc/usr/lib/libc.a(lib_a-strtol.o)
 .data          0x0000000006002b78        0x0 /home/junghyun/topst/buildtools/gcc-linaro-7.2.1-2017.11-x86_64_arm-eabi/arm-eabi/libc/usr/lib/libc.a(lib_a-strtoul.o)
 .data          0x0000000006002b78      0x430 /home/junghyun/topst/buildtools/gcc-linaro-7.2.1-2017.11-x86_64_arm-eabi/arm-eabi/libc/usr/lib/libc.a(lib_a-impure.o)
                0x0000000006002b78                _impure_ptr
 .data          0x0000000006002fa8      0x18c /home/junghyun/topst/buildtools/gcc-linaro-7.2.1-2017.11-x86_64_arm-eabi/arm-eabi/libc/usr/lib/libc.a(lib_a-locale.o)
                0x0000000006002fa8                __global_locale
                0x0000000006003114                __default_locale
 .data          0x0000000006003134        0x0 /home/junghyun/topst/buildtools/gcc-linaro-7.2.1-2017.11-x86_64_arm-eabi/arm-eabi/libc/usr/lib/libc.a(lib_a-mbtowc_r.o)
 .data          0x0000000006003134        0x0 /home/junghyun/topst/buildtools/gcc-linaro-7.2.1-2017.11-x86_64_arm-eabi/arm-eabi/libc/usr/lib/libc.a(lib_a-strcasecmp.o)
 .data          0x0000000006003134        0x0 /home/junghyun/topst/buildtools/gcc-linaro-7.2.1-2017.11-x86_64_arm-eabi/arm-eabi/libc/usr/lib/libc.a(lib_a-strcat.o)
 .data          0x0000000006003134        0x0 /home/junghyun/topst/buildtools/gcc-linaro-7.2.1-2017.11-x86_64_arm-eabi/arm-eabi/libc/usr/lib/libc.a(lib_a-strchr.o)
 .data          0x0000000006003134        0x0 /home/junghyun/topst/buildtools/gcc-linaro-7.2.1-2017.11-x86_64_arm-eabi/arm-eabi/libc/usr/lib/libc.a(lib_a-strcmp.o)
 .data          0x0000000006003134        0x0 /home/junghyun/topst/buildtools/gcc-linaro-7.2.1-2017.11-x86_64_arm-eabi/arm-eabi/libc/usr/lib/libc.a(lib_a-strcpy.o)
 .data          0x0000000006003134        0x0 /home/junghyun/topst/buildtools/gcc-linaro-7.2.1-2017.11-x86_64_arm-eabi/arm-eabi/libc/usr/lib/libc.a(lib_a-strlcpy.o)
 .data          0x0000000006003134        0x0 /home/junghyun/topst/buildtools/gcc-linaro-7.2.1-2017.11-x86_64_arm-eabi/arm-eabi/libc/usr/lib/libc.a(lib_a-strncasecmp.o)
 .data          0x0000000006003134        0x0 /home/junghyun/topst/buildtools/gcc-linaro-7.2.1-2017.11-x86_64_arm-eabi/arm-eabi/libc/usr/lib/libc.a(lib_a-wctomb_r.o)
 .data          0x0000000006003134        0x0 /home/junghyun/topst/buildtools/gcc-linaro-7.2.1-2017.11-x86_64_arm-eabi/arm-eabi/libc/usr/lib/libc.a(lib_a-ctype_.o)