Archive member included to satisfy reference by file (symbol)

/home/junghyun/topst/buildtools/gcc-linaro-7.2.1-2017.11-x86_64_arm-eabi/arm-eabi/libc/usr/lib/libc.a(lib_a-atol.o)
                              /home/junghyun/topst/cr5-bsp/sources/build/tcc805x/gcc/tcc805x-freertos-debug/obj/hsm_test.o (atol)
/home/junghyun/topst/buildtools/gcc-linaro-7.2.1-2017.11-x86_64_arm-eabi/arm-eabi/libc/usr/lib/libc.a(lib_a-memcmp.o)
                              /home/junghyun/topst/cr5-bsp/sources/build/tcc805x/gcc/tcc805x-freertos-debug/obj/sal_freertos_impl.o (memcmp)
/home/junghyun/topst/buildtools/gcc-linaro-7.2.1-2017.11-x86_64_arm-eabi/arm-eabi/libc/usr/lib/libc.a(lib_a-memcpy-stub.o)
                              /home/junghyun/topst/cr5-bsp/sources/build/tcc805x/gcc/tcc805x-freertos-debug/obj/dse_test.o (memcpy)
/home/junghyun/topst/buildtools/gcc-linaro-7.2.1-2017.11-x86_64_arm-eabi/arm-eabi/libc/usr/lib/libc.a(lib_a-memset.o)
                              /home/junghyun/topst/cr5-bsp/sources/build/tcc805x/gcc/tcc805x-freertos-debug/obj/hsm_test.o (memset)
/home/junghyun/topst/buildtools/gcc-linaro-7.2.1-2017.11-x86_64_arm-eabi/arm-eabi/libc/usr/lib/libc.a(lib_a-strlen-stub.o)
                              /home/junghyun/topst/cr5-bsp/sources/build/tcc805x/gcc/tcc805x-freertos-debug/obj/tasks.o (strlen)
/home/junghyun/topst/buildtools/gcc-linaro-7.2.1-2017.11-x86_64_arm-eabi/arm-eabi/libc/usr/lib/libc.a(lib_a-strncmp.o)
                              /home/junghyun/topst/cr5-bsp/sources/build/tcc805x/gcc/tcc805x-freertos-debug/obj/sal_freertos_impl.o (strncmp)
/home/junghyun/topst/buildtools/gcc-linaro-7.2.1-2017.11-x86_64_arm-eabi/arm-eabi/libc/usr/lib/libc.a(lib_a-strncpy.o)
                              /home/junghyun/topst/cr5-bsp/sources/build/tcc805x/gcc/tcc805x-freertos-debug/obj/sal_freertos_impl.o (strncpy)
/home/junghyun/topst/buildtools/gcc-linaro-7.2.1-2017.11-x86_64_arm-eabi/arm-eabi/libc/usr/lib/libc.a(lib_a-strnlen.o)
                              /home/junghyun/topst/cr5-bsp/sources/build/tcc805x/gcc/tcc805x-freertos-debug/obj/sal_freertos_impl.o (strnlen)
/home/junghyun/topst/buildtools/gcc-linaro-7.2.1-2017.11-x86_64_arm-eabi/arm-eabi/libc/usr/lib/libc.a(lib_a-strtol.o)
                              /home/junghyun/topst/buildtools/gcc-linaro-7.2.1-2017.11-x86_64_arm-eabi/arm-eabi/libc/usr/lib/libc.a(lib_a-atol.o) (_strtol_r)
/home/junghyun/topst/buildtools/gcc-linaro-7.2.1-2017.11-x86_64_arm-eabi/arm-eabi/libc/usr/lib/libc.a(lib_a-impure.o)
                              /home/junghyun/topst/buildtools/gcc-linaro-7.2.1-2017.11-x86_64_arm-eabi/arm-eabi/libc/usr/lib/libc.a(lib_a-strtol.o) (_impure_ptr)
/home/junghyun/topst/buildtools/gcc-linaro-7.2.1-2017.11-x86_64_arm-eabi/arm-eabi/libc/usr/lib/libc.a(lib_a-locale.o)
                              /home/junghyun/topst/buildtools/gcc-linaro-7.2.1-2017.11-x86_64_arm-eabi/arm-eabi/libc/usr/lib/libc.a(lib_a-strtol.o) (__locale_ctype_ptr_l)
/home/junghyun/topst/buildtools/gcc-linaro-7.2.1-2017.11-x86_64_arm-eabi/arm-eabi/libc/usr/lib/libc.a(lib_a-mbtowc_r.o)
                              /home/junghyun/topst/buildtools/gcc-linaro-7.2.1-2017.11-x86_64_arm-eabi/arm-eabi/libc/usr/lib/libc.a(lib_a-locale.o) (__ascii_mbtowc)
/home/junghyun/topst/buildtools/gcc-linaro-7.2.1-2017.11-x86_64_arm-eabi/arm-eabi/libc/usr/lib/libc.a(lib_a-strcasecmp.o)
                              /home/junghyun/topst/buildtools/gcc-linaro-7.2.1-2017.11-x86_64_arm-eabi/arm-eabi/libc/usr/lib/libc.a(lib_a-locale.o) (strcasecmp)
/home/junghyun/topst/buildtools/gcc-linaro-7.2.1-2017.11-x86_64_arm-eabi/arm-eabi/libc/usr/lib/libc.a(lib_a-strcat.o)
                              /home/junghyun/topst/buildtools/gcc-linaro-7.2.1-2017.11-x86_64_arm-eabi/arm-eabi/libc/usr/lib/libc.a(lib_a-locale.o) (strcat)
/home/junghyun/topst/buildtools/gcc-linaro-7.2.1-2017.11-x86_64_arm-eabi/arm-eabi/libc/usr/lib/libc.a(lib_a-strchr.o)
                              /home/junghyun/topst/buildtools/gcc-linaro-7.2.1-2017.11-x86_64_arm-eabi/arm-eabi/libc/usr/lib/libc.a(lib_a-locale.o) (strchr)
/home/junghyun/topst/buildtools/gcc-linaro-7.2.1-2017.11-x86_64_arm-eabi/arm-eabi/libc/usr/lib/libc.a(lib_a-strcmp.o)
                              /home/junghyun/topst/buildtools/gcc-linaro-7.2.1-2017.11-x86_64_arm-eabi/arm-eabi/libc/usr/lib/libc.a(lib_a-locale.o) (strcmp)
/home/junghyun/topst/buildtools/gcc-linaro-7.2.1-2017.11-x86_64_arm-eabi/arm-eabi/libc/usr/lib/libc.a(lib_a-strcpy.o)
                              /home/junghyun/topst/buildtools/gcc-linaro-7.2.1-2017.11-x86_64_arm-eabi/arm-eabi/libc/usr/lib/libc.a(lib_a-locale.o) (strcpy)
/home/junghyun/topst/buildtools/gcc-linaro-7.2.1-2017.11-x86_64_arm-eabi/arm-eabi/libc/usr/lib/libc.a(lib_a-strlcpy.o)
                              /home/junghyun/topst/buildtools/gcc-linaro-7.2.1-2017.11-x86_64_arm-eabi/arm-eabi/libc/usr/lib/libc.a(lib_a-locale.o) (strlcpy)
[...]
Memory Configuration

Name             Origin             Length             Attributes
SRAM             0x0000000006000000 0x000000000007b980 xrw
SRAM_ARM_STACK   0x000000000607b980 0x0000000000000680 xrw
NC_SRAM          0x00000000c007c000 0x0000000000004000 xrw
NOR              0x0000000008200000 0x0000000000200000 xr
*default*        0x0000000000000000 0xffffffffffffffff

Linker script and memory map

                0x0000000006000000                __VECTOR_START = 0x6000000
                0x0000000000004000                DMA_NC_SIZE = 0x4000

.text           0x0000000008200000    0x5e850
                0x0000000008200000                __TEXT_START__ = .
 *startup.o(.text)
 .text          0x0000000008200000      0x230 /home/junghyun/topst/cr5-bsp/sources/build/tcc805x/gcc/tcc805x-freertos-debug/obj/startup.o
                0x0000000008200000                reset
 *(.text)
 .text          0x0000000008200230       0xf8 /home/junghyun/topst/cr5-bsp/sources/build/tcc805x/gcc/tcc805x-freertos-debug/obj/main.o
                0x0000000008200230                cmain
 .text          0x0000000008200328     0x1a50 /home/junghyun/topst/cr5-bsp/sources/build/tcc805x/gcc/tcc805x-freertos-debug/obj/can_demo.o
                0x00000000082014fc                CAN_DemoInitialize
                0x0000000008201750                CAN_DemoTest
                0x0000000008201c74                CAN_DemoCreateApp
 .text          0x0000000008201d78      0x4fc /home/junghyun/topst/cr5-bsp/sources/build/tcc805x/gcc/tcc805x-freertos-debug/obj/fwug.o
                0x0000000008201d78                FWUG_CreateApp
                0x0000000008201f70                FWUG_Start
 .text          0x0000000008202274      0xb00 /home/junghyun/topst/cr5-bsp/sources/build/tcc805x/gcc/tcc805x-freertos-debug/obj/key_adc.o
                0x0000000008202644                KEY_AdcOpen
                0x000000000820289c                KEY_AdcScan
 .text          0x0000000008202d74      0x500 /home/junghyun/topst/cr5-bsp/sources/build/tcc805x/gcc/tcc805x-freertos-debug/obj/key_gpio.o
                0x0000000008202f40                KEY_GpioKeyOpen
                0x0000000008202fb4                KEY_GpioGetRotaryValue
 .text          0x0000000008203274      0xa08 /home/junghyun/topst/cr5-bsp/sources/build/tcc805x/gcc/tcc805x-freertos-debug/obj/key_i2c.o
                0x00000000082033f0                KEY_I2cOpen
                0x00000000082034c4                KEY_I2cRead
                0x0000000008203640                KEY_I2cWrite
                0x00000000082037c8                KEY_I2cScan
 .text          0x0000000008203c7c      0xcdc /home/junghyun/topst/cr5-bsp/sources/build/tcc805x/gcc/tcc805x-freertos-debug/obj/key.o
                0x00000000082047d8                KEY_AppCreate
 .text          0x0000000008204958      0xc0c /home/junghyun/topst/cr5-bsp/sources/build/tcc805x/gcc/tcc805x-freertos-debug/obj/system_monitoring.o
                0x00000000082054e8                SM_CreateAppTask
 .text          0x0000000008205564      0x4b0 /home/junghyun/topst/cr5-bsp/sources/build/tcc805x/gcc/tcc805x-freertos-debug/obj/bootctrl.o
                0x00000000082058b0                BCTRL_Init
 .text          0x0000000008205a14      0x1dc /home/junghyun/topst/cr5-bsp/sources/build/tcc805x/gcc/tcc805x-freertos-debug/obj/reset_demo.o
                0x0000000008205a14                PMU_ResetTest
 .text          0x0000000008205bf0        0x0 /home/junghyun/topst/cr5-bsp/sources/build/tcc805x/gcc/tcc805x-freertos-debug/obj/adc_test.o
 .text          0x0000000008205bf0      0x76c /home/junghyun/topst/cr5-bsp/sources/build/tcc805x/gcc/tcc805x-freertos-debug/obj/dse_test.o
                0x0000000008205bf0                DSE_Test_R5AccessFault
                0x00000000082060ac                DSE_Test_SoftFaultCheck
 .text          0x000000000820635c      0x620 /home/junghyun/topst/cr5-bsp/sources/build/tcc805x/gcc/tcc805x-freertos-debug/obj/fmu_test.o
                0x0000000008206928                FMU_StartFmuTest
 .text          0x000000000820697c      0x3dc /home/junghyun/topst/cr5-bsp/sources/build/tcc805x/gcc/tcc805x-freertos-debug/obj/gdma_test.o
                0x000000000820697c                GDMA_SampleForM2M
 .text          0x0000000008206d58      0x404 /home/junghyun/topst/cr5-bsp/sources/build/tcc805x/gcc/tcc805x-freertos-debug/obj/gic_test.o
                0x0000000008206e1c                GIC_Test_SmInt
                0x0000000008206fe0                GIC_Test_Sgi
 .text          0x000000000820715c     0x21b8 /home/junghyun/topst/cr5-bsp/sources/build/tcc805x/gcc/tcc805x-freertos-debug/obj/gpio_test.o
                0x00000000082092c0                GPIO_StartGpioTest
 .text          0x0000000008209314     0x2590 /home/junghyun/topst/cr5-bsp/sources/build/tcc805x/gcc/tcc805x-freertos-debug/obj/gpsb_test.o
                0x000000000820b2f0                GPSB_Test
 .text          0x000000000820b8a4     0x33b0 /home/junghyun/topst/cr5-bsp/sources/build/tcc805x/gcc/tcc805x-freertos-debug/obj/hsm_test.o
                0x000000000820ea30                HSM_Test
 .text          0x000000000820ec54      0xae0 /home/junghyun/topst/cr5-bsp/sources/build/tcc805x/gcc/tcc805x-freertos-debug/obj/i2c_test.o
                0x000000000820f688                I2C_TestMain
 .text          0x000000000820f734      0x2bc /home/junghyun/topst/cr5-bsp/sources/build/tcc805x/gcc/tcc805x-freertos-debug/obj/ictc_test.o
                0x000000000820f9b0                ICTC_SelectTestCase
 .text          0x000000000820f9f0      0x354 /home/junghyun/topst/cr5-bsp/sources/build/tcc805x/gcc/tcc805x-freertos-debug/obj/lin_test.o
                0x000000000820f9f0                LIN_TestUsage
                0x000000000820fa3c                LIN_SampleTest
 .text          0x000000000820fd44      0x48c /home/junghyun/topst/cr5-bsp/sources/build/tcc805x/gcc/tcc805x-freertos-debug/obj/pdm_test.o
                0x0000000008210170                PDM_SelectTestCase
 .text          0x00000000082101d0      0x66c /home/junghyun/topst/cr5-bsp/sources/build/tcc805x/gcc/tcc805x-freertos-debug/obj/pmio_test.o
                0x0000000008210528                PMIO_TEST_GetByAddress
                0x0000000008210598                PMIO_TEST_GetByName
                0x0000000008210634                PMIO_TEST_SetByAddress
                0x00000000082106ec                PMIO_TEST_SetByName
                0x00000000082107dc                PMIO_TEST_PrintStatus
                0x00000000082107fc                PMIO_TEST_Run
 .text          0x000000000821083c     0x13c4 /home/junghyun/topst/cr5-bsp/sources/build/tcc805x/gcc/tcc805x-freertos-debug/obj/timer_test.o
                0x0000000008211a44                us_delay
                0x0000000008211a94                timer
                0x0000000008211af8                TIMER_StartTimerTest
 .text          0x0000000008211c00      0xac0 /home/junghyun/topst/cr5-bsp/sources/build/tcc805x/gcc/tcc805x-freertos-debug/obj/wdt_test.o
                0x0000000008212578                WDT_StartTest
 .text          0x00000000082126c0      0x21c /home/junghyun/topst/cr5-bsp/sources/build/tcc805x/gcc/tcc805x-freertos-debug/obj/mptool.o
                0x00000000082126c0                MPTool_CreateApp
 .text          0x00000000082128dc     0x1bbc /home/junghyun/topst/cr5-bsp/sources/build/tcc805x/gcc/tcc805x-freertos-debug/obj/ipc_os.o
                0x00000000082128dc                IPC_GetUsec
                0x00000000082128f8                IPC_GetMsec
                0x0000000008212948                IPC_Mdelay
                0x0000000008212994                IPC_Udelay
                0x0000000008212ab4                IPC_CommonLock
                0x0000000008212b34                IPC_CommonUnlock
                0x0000000008213204                IPC_MboxLock
                0x0000000008213284                IPC_MboxUnlock
                0x00000000082132fc                IPC_WriteLock
                0x000000000821337c                IPC_WriteUnlock
                0x00000000082133f4                IPC_ReadLock
                0x0000000008213474                IPC_ReadUnlock
                0x00000000082134ec                IPC_RbufferLock
                0x000000000821356c                IPC_RbufferUnlock
                0x00000000082135e4                IPC_WbufferLock
                0x0000000008213664                IPC_WbufferUnlock
                0x000000000821389c                IPC_CmdWaitEventTimeOut
                0x0000000008213a28                IPC_CmdWakePreSet
                0x0000000008213b74                IPC_CmdWakeUp
                0x0000000008213e44                IPC_ReadWaitEventTimeOut
                0x0000000008213f24                IPC_ReadClearEvent
                0x0000000008213fa4                IPC_ReadWakeUp
                0x0000000008214194                IPC_BufferOverFlowWaitEventTimeOut
                0x00000000082142dc                IPC_BufferOverFlowWakeUp
                0x0000000008214360                IPC_RequestIrq
                0x00000000082143a8                IPC_FreeIrq
                0x00000000082143d0                IPC_OsResourceInit
                0x000000000821442c                IPC_OsResourceRelease
 .text          0x0000000008214498      0xfa8 /home/junghyun/topst/cr5-bsp/sources/build/tcc805x/gcc/tcc805x-freertos-debug/obj/ipc_buffer.o
                0x0000000008214498                IPC_BufferInit
                0x00000000082144f0                IPC_PushOneByte
                0x0000000008214604                IPC_PushOneByteOverWrite
                0x0000000008214770                IPC_PopOneByte
                0x000000000821488c                IPC_BufferFlush
                0x0000000008214918                IPC_BufferFlushByte
                0x0000000008214a7c                IPC_BufferDataAvailable
                0x0000000008214b68                IPC_BufferFreeSpace
                0x0000000008214c5c                IPC_BufferSetHead
                0x0000000008214ce0                IPC_BufferSetTail
                0x0000000008214d64                IPC_BufferGetHead
                0x0000000008214da0                IPC_BufferGetTail
                0x0000000008214ddc                IPC_PushBuffer
                0x0000000008215018                IPC_PushBufferOverWrite
                0x0000000008215238                IPC_PopBuffer
 .text          0x0000000008215440      0xc84 /home/junghyun/topst/cr5-bsp/sources/build/tcc805x/gcc/tcc805x-freertos-debug/obj/ipc_cmd.o
                0x00000000082154d4                IPC_SendOpen
                0x000000000821566c                IPC_SendClose
                0x00000000082157b0                IPC_SendWrite
                0x0000000008215a8c                IPC_SendPing
                0x0000000008215c28                IPC_SendAck
                0x0000000008215dac                IPC_SendCtl
                0x0000000008215f2c                IPC_SendData
 .text          0x00000000082160c4     0x20a0 /home/junghyun/topst/cr5-bsp/sources/build/tcc805x/gcc/tcc805x-freertos-debug/obj/ipc_ctl.o
                0x00000000082161b4                IPC_Write
                0x000000000821691c                IPC_Read
                0x0000000008216aa0                IPC_PingTest
                0x0000000008216bc8                IPC_Flush
                0x0000000008216c34                IPC_StructInit
                0x0000000008216d38                IPC_GetStatus
                0x0000000008217bd0                IPC_Initialize
                0x0000000008217d60                IPC_Release
                0x0000000008217db0                IPC_Main_Initialize
                0x0000000008218090                IPC_ReceiveTaskCreate
 .text          0x0000000008218164      0x534 /home/junghyun/topst/cr5-bsp/sources/build/tcc805x/gcc/tcc805x-freertos-debug/obj/ipc_parser.o
                0x000000000821866c                IPC_CreateIPCParserTask
 .text          0x0000000008218698     0x134c /home/junghyun/topst/cr5-bsp/sources/build/tcc805x/gcc/tcc805x-freertos-debug/obj/ipc_api.o
                0x0000000008218698                IPC_Open
                0x0000000008218914                IPC_Close
                0x0000000008218b1c                IPC_CalcCrc16
                0x0000000008218be0                IPC_Ioctl
                0x0000000008219434                IPC_SendPacketWithIPCHeader
                0x00000000082196bc                IPC_Main_Open
                0x0000000008219924                IPC_SendToMainCtlCmdHandler
                0x000000000821997c                IPC_SendToMainDataHandler
                0x00000000082199cc                IPC_apiCreateTask
 .text          0x00000000082199e4      0x288 /home/junghyun/topst/cr5-bsp/sources/build/tcc805x/gcc/tcc805x-freertos-debug/obj/ipc.o
                0x00000000082199e4                IPC_Create
                0x00000000082199f8                IPC_RegisterCbFunc
                0x0000000008219b00                IPC_SendPacket
                0x0000000008219b70                IPC_IsReady
                0x0000000008219bb8                IPC_init
                0x0000000008219bd0                IPC_SendToMainCtlCmd
                0x0000000008219c28                IPC_SendToMainData
                0x0000000008219c54                IPC_CreateTask
 .text          0x0000000008219c6c      0xe1c /home/junghyun/topst/cr5-bsp/sources/build/tcc805x/gcc/tcc805x-freertos-debug/obj/lin.o
                0x000000000821a2fc                LIN_Init
                0x000000000821a518                LIN_SendData
                0x000000000821a660                LIN_ReadData
                0x000000000821a9f0                LIN_TransceiverWakeup
 .text          0x000000000821aa88      0xc84 /home/junghyun/topst/cr5-bsp/sources/build/tcc805x/gcc/tcc805x-freertos-debug/obj/sdm.o
                0x000000000821ac54                SDM_ReadReg
                0x000000000821b078                SDM_WriteReg
                0x000000000821b5bc                SDM_Init
 .text          0x000000000821b70c     0x2d00 /home/junghyun/topst/cr5-bsp/sources/build/tcc805x/gcc/tcc805x-freertos-debug/obj/hsm_manager.o
                0x000000000821b70c                HSM_Init
                0x000000000821b7e0                HSM_VerifyFw
                0x000000000821b940                HSM_SetKey
                0x000000000821bb4c                HSM_RunAes
                0x000000000821c0ec                HSM_RunAesByKt
                0x000000000821c618                HSM_GenMac
                0x000000000821ca94                HSM_GenMacByKt
                0x000000000821ce9c                HSM_GenHash
                0x000000000821d1d4                HSM_RunEcdsa
                0x000000000821d624                HSM_RunRsa
                0x000000000821db24                HSM_Write
                0x000000000821dd68                HSM_GetRand
                0x000000000821dfec                HSM_BlockApSystem
                0x000000000821e174                HSM_GetVersion
 .text          0x000000000821e40c      0x3fc /home/junghyun/topst/cr5-bsp/sources/build/tcc805x/gcc/tcc805x-freertos-debug/obj/adc.o
                0x000000000821e5a8                ADC_Init
                0x000000000821e69c                ADC_Read
                0x000000000821e79c                ADC_AutoScan
                0x000000000821e7ec                ADC_DeInit
 .text          0x000000000821e808      0xbb0 /home/junghyun/topst/cr5-bsp/sources/build/tcc805x/gcc/tcc805x-freertos-debug/obj/can.o
                0x000000000821e808                CAN_Init
                0x000000000821e9a0                CAN_Deinit
                0x000000000821eacc                CAN_InitMessage
                0x000000000821eb54                CAN_CheckNewRxMessage
                0x000000000821eb9c                CAN_GetNewRxMessage
                0x000000000821ec90                CAN_SendMessage
                0x000000000821ed94                CAN_RequestTxMessageCancellation
                0x000000000821ee54                CAN_CheckNewTxEvent
                0x000000000821ee9c                CAN_GetNewTxEvent
                0x000000000821eefc                CAN_SetControllerMode
                0x000000000821f148                CAN_GetControllerMode
                0x000000000821f1cc                CAN_GetProtocolStatus
                0x000000000821f24c                CAN_GetControllerInfo
                0x000000000821f2bc                CAN_RegisterCallbackFunctionTx
                0x000000000821f310                CAN_RegisterCallbackFunctionRx
                0x000000000821f364                CAN_RegisterCallbackFunctionError
 .text          0x000000000821f3b8     0x2ef8 /home/junghyun/topst/cr5-bsp/sources/build/tcc805x/gcc/tcc805x-freertos-debug/obj/can_drv.o
                0x000000000821f3b8                CAN_DrvInitChannel
                0x000000000821f584                CAN_DrvDeinitChannel
                0x000000000821f668                CAN_DrvSetNormalOperationMode
                0x000000000821f7ec                CAN_DrvSetMonitoringMode
                0x000000000821f8d4                CAN_DrvSetInternalTestMode
                0x000000000821f9e4                CAN_DrvSetExternalTestMode
                0x000000000821fae0                CAN_DrvSetWakeUpMode
                0x000000000821fc00                CAN_DrvSetSleepMode
                0x0000000008221528                CAN_DrvGetProtocolStatus
                0x0000000008222164                CAN_DrvCallbackNotifyRxEvent
 .text          0x00000000082222b0     0x1ac0 /home/junghyun/topst/cr5-bsp/sources/build/tcc805x/gcc/tcc805x-freertos-debug/obj/can_msg.o
                0x00000000082222b0                CAN_MsgInit
                0x0000000008222c54                CAN_MsgPutRxMessage
                0x00000000082230b4                CAN_MsgGetCountOfRxMessage
                0x0000000008223258                CAN_MsgGetRxMessage
                0x00000000082237cc                CAN_MsgSetTxMessage
                0x0000000008223a80                CAN_MsgRequestTxMessageCancellation
                0x0000000008223b10                CAN_MsgGetCountOfTxEvent
                0x0000000008223b80                CAN_MsgGetTxEventMessage
 .text          0x0000000008223d70        0x0 /home/junghyun/topst/cr5-bsp/sources/build/tcc805x/gcc/tcc805x-freertos-debug/obj/can_par.o
 .text          0x0000000008223d70      0xc10 /home/junghyun/topst/cr5-bsp/sources/build/tcc805x/gcc/tcc805x-freertos-debug/obj/can_porting.o
                0x0000000008223d70                CAN_PortingDelay
                0x0000000008223dd4                CAN_PortingInitHW
                0x0000000008223ed0                CAN_PortingSetControllerClock
                0x0000000008223fa4                CAN_PortingResetDriver
                0x0000000008224128                CAN_PortingSetInterruptHandler
                0x00000000082241a0                CAN_PortingDisableControllerInterrupts
                0x00000000082241f4                CAN_PortingEnableControllerInterrupts
                0x0000000008224248                CAN_PortingGetSizeofStandardIDFilterList
                0x000000000822428c                CAN_PortingGetSizeofExtendedIDFilterList
                0x00000000082242d0                CAN_PortingGetSizeofRxFIFO0
                0x0000000008224314                CAN_PortingGetSizeofRxFIFO1
                0x0000000008224358                CAN_PortingGetSizeofRxBuffer
                0x000000000822439c                CAN_PortingGetSizeofTxEventBuffer
                0x00000000082243e0                CAN_PortingGetSizeofTxBuffer
                0x0000000008224424                CAN_PortingGetBitRateSwitchEnable
                0x0000000008224468                CAN_PortingGetFDEnable
                0x00000000082244ac                CAN_PortingGetStandardIDFilterEnable
                0x00000000082244f0                CAN_PortingGetExtendedIDFilterEnable
                0x0000000008224534                CAN_PortingGetStandardIDRemoteRejectEnable
                0x0000000008224578                CAN_PortingGetExtendedIDRemoteRejectEnable
                0x00000000082245bc                CAN_PortingGetTxEventFIFOEnable
                0x0000000008224600                CAN_PortingGetWatchDogEnable
                0x0000000008224644                CAN_PortingGetTimeOutEnable
                0x0000000008224688                CAN_PortingGetTimeStampEnable
                0x00000000082246cc                CAN_PortingAllocateNonCacheMemory
                0x0000000008224754                CAN_PortingDeallocateNonCacheMemory
                0x0000000008224794                CAN_PortingGetControllerRegister
                0x00000000082247e0                CAN_PortingGetConfigBaseAddr
                0x000000000822480c                CAN_PortingGetMessageRamBaseAddr
                0x0000000008224860                CAN_PortingGetConfigEXTS0Addr
                0x00000000082248a8                CAN_PortingGetConfigEXTS1Addr
                0x00000000082248f0                CAN_PortingGetConfigWritePasswordAddr
                0x0000000008224938                CAN_PortingGetConfigWriteLockAddr
 .text          0x0000000008224980     0x226c /home/junghyun/topst/cr5-bsp/sources/build/tcc805x/gcc/tcc805x-freertos-debug/obj/clock_dev.o
                0x0000000008225aac                CLOCK_Init
                0x0000000008225b80                CLOCK_SetPllDiv
                0x0000000008225cc8                CLOCK_GetPllRate
                0x0000000008225d40                CLOCK_SetPllRate
                0x0000000008226304                CLOCK_SetClkCtrlRate
                0x00000000082263a4                CLOCK_GetClkCtrlRate
                0x00000000082264f8                CLOCK_IsPeriEnabled
                0x0000000008226560                CLOCK_EnablePeri
                0x00000000082265c0                CLOCK_DisablePeri
                0x0000000008226620                CLOCK_GetPeriRate
                0x000000000822679c                CLOCK_SetPeriRate
                0x00000000082268b8                CLOCK_IsIobusPwdn
                0x000000000822696c                CLOCK_EnableIobus
                0x0000000008226a0c                CLOCK_SetIobusPwdn
                0x0000000008226afc                CLOCK_SetSwReset
 .text          0x0000000008226bec      0xba8 /home/junghyun/topst/cr5-bsp/sources/build/tcc805x/gcc/tcc805x-freertos-debug/obj/debug.o
                0x0000000008226bec                DBG_Putc
                0x000000000822704c                DBG_Printfi
                0x0000000008227768                DBG_SerialPrintf
 .text          0x0000000008227794       0xd8 /home/junghyun/topst/cr5-bsp/sources/build/tcc805x/gcc/tcc805x-freertos-debug/obj/bsp.o
                0x0000000008227794                BSP_PreInit
                0x00000000082277b0                BSP_Init
                0x0000000008227804                BSP_UndefAbortExceptionHook
                0x000000000822782c                BSP_SystemHalt
 .text          0x000000000822786c     0x18a4 /home/junghyun/topst/cr5-bsp/sources/build/tcc805x/gcc/tcc805x-freertos-debug/obj/fmu.o
                0x0000000008228b8c                FMU_Init
                0x0000000008228c14                FMU_IsrHandler
                0x0000000008228d40                FMU_Set
                0x0000000008229060                FMU_IsrClr
                0x00000000082290dc                FMU_Deinit
 .text          0x0000000008229110      0xc3c /home/junghyun/topst/cr5-bsp/sources/build/tcc805x/gcc/tcc805x-freertos-debug/obj/gdma.o
                0x000000000822988c                GDMA_TransferFunctionForM2M
                0x0000000008229bc0                GDMA_Initialize
 .text          0x0000000008229d4c      0xe1c /home/junghyun/topst/cr5-bsp/sources/build/tcc805x/gcc/tcc805x-freertos-debug/obj/gic.o
                0x0000000008229f9c                GIC_Init
                0x000000000822a088                GIC_IntSrcEn
                0x000000000822a1a8                GIC_IntSrcDis
                0x000000000822a2a0                GIC_IntPrioSet
                0x000000000822a338                GIC_IntVectSet
                0x000000000822a55c                GIC_IntHandlerWithParam
                0x000000000822a644                GIC_IntHandler
                0x000000000822a730                GIC_IntExtSet
                0x000000000822a874                GIC_IntSGI
                0x000000000822a910                GIC_SmIrqEn
                0x000000000822aa3c                GIC_SmIrqSetHigh
 .text          0x000000000822ab68     0x1224 /home/junghyun/topst/cr5-bsp/sources/build/tcc805x/gcc/tcc805x-freertos-debug/obj/gpio.o
                0x000000000822b0bc                GPIO_Config
                0x000000000822b9f8                GPIO_Get
                0x000000000822ba70                GPIO_Set
                0x000000000822bb38                GPIO_ToNum
 .text          0x000000000822bd8c     0x4d00 /home/junghyun/topst/cr5-bsp/sources/build/tcc805x/gcc/tcc805x-freertos-debug/obj/i2c.o
                0x000000000822c144                I2C_ScanSlave
                0x000000000822d9c0                I2C_Xfer
                0x000000000822dc84                I2C_XferCmd
                0x000000000822df0c                I2C_GetMachineState
                0x0000000008230260                I2C_Open
                0x00000000082306a8                I2C_Close
                0x00000000082309d4                I2C_Init
                0x0000000008230a64                I2C_Deinit
 .text          0x0000000008230a8c        0x0 /home/junghyun/topst/cr5-bsp/sources/build/tcc805x/gcc/tcc805x-freertos-debug/obj/i2c_reg.o
 .text          0x0000000008230a8c     0x153c /home/junghyun/topst/cr5-bsp/sources/build/tcc805x/gcc/tcc805x-freertos-debug/obj/ictc.o
                0x0000000008230a8c                ICTC_Init
                0x0000000008230c04                ICTC_Deinit
                0x0000000008230c84                ICTC_GetPrevPeriodCnt
                0x0000000008230dac                ICTC_GetPreDutyCnt
                0x0000000008230ed4                ICTC_GetCurEdgeCnt
                0x0000000008230ffc                ICTC_GetPrvEdgeCnt
                0x0000000008231124                ICTC_GetREdgeTstmpCnt
                0x0000000008231358                ICTC_GetFEdgeTstmpCnt
                0x0000000008231650                ICTC_EnableCapture
                0x00000000082316f8                ICTC_DisableCapture
                0x00000000082317a8                ICTC_SetOpEnCtrlCounter
                0x000000000823181c                ICTC_SetOpModeCtrlReg
                0x0000000008231b3c                ICTC_SetIRQCtrlReg
                0x0000000008231ccc                ICTC_SetCallBackFunc
                0x0000000008231d30                ICTC_SetTimeoutValue
                0x0000000008231db0                ICTC_SetEdgeMatchingValue
                0x0000000008231ee8                ICTC_SetCompareRoundValue
 .text          0x0000000008231fc8     0x10d4 /home/junghyun/topst/cr5-bsp/sources/build/tcc805x/gcc/tcc805x-freertos-debug/obj/mbox_phy.o
                0x0000000008231fc8                MBOX_PhyReady
                0x000000000823223c                MBOX_PhyBitSetCtrl
                0x00000000082322c0                MBOX_PhyBitClearCtrl
                0x0000000008232318                MBOX_PhyIsIlevelSet
                0x0000000008232368                MBOX_PhyIsIenSet
                0x00000000082323bc                MBOX_PhyIsOenSet
                0x0000000008232410                MBOX_PhyIsFlushedCmd
                0x0000000008232464                MBOX_PhyIsFlushedData
                0x00000000082324b8                MBOX_PhyCountScmd
                0x000000000823250c                MBOX_PhyFullScmd
                0x0000000008232560                MBOX_PhyEmptyScmd
                0x00000000082325b4                MBOX_PhyCountMcmd
                0x0000000008232608                MBOX_PhyFullMcmd
                0x000000000823265c                MBOX_PhyEmptyMcmd
                0x00000000082326ac                MBOX_PhyEmptyMdata
                0x0000000008232700                MBOX_PhyFullMdata
                0x0000000008232754                MBOX_PhyCountMdata
                0x00000000082327a0                MBOX_PhyEmptySdata
                0x00000000082327f4                MBOX_PhyFullSdata
                0x0000000008232848                MBOX_PhyCountSdata
                0x0000000008232894                MBOX_PhyWriteCmd
                0x0000000008232a50                MBOX_PhyReadCmd
                0x0000000008232cd4                MBOX_PhyWriteData
                0x0000000008232dbc                MBOX_PhyReadData
                0x0000000008232ec4                MBOX_PhySetOwnTmnSts
                0x0000000008232f78                MBOX_PhyGetOwnTmnSts
                0x0000000008233008                MBOX_PhyGetOppTmnSts
 .text          0x000000000823309c     0x424c /home/junghyun/topst/cr5-bsp/sources/build/tcc805x/gcc/tcc805x-freertos-debug/obj/mbox_dev.o
                0x000000000823309c                MBOX_DevInit
                0x0000000008233524                MBOX_DevOpen
                0x0000000008233c24                MBOX_DevSend
                0x0000000008234138                MBOX_DevSendSss
                0x0000000008234640                MBOX_DevSendCmd
                0x0000000008234a94                MBOX_DevSendData
                0x0000000008234fa4                MBOX_DevRecv
                0x000000000823511c                MBOX_DevRecvSss
                0x0000000008235294                MBOX_DevRecvCmd
                0x00000000082352c8                MBOX_DevRecvData
                0x00000000082362fc                MBOX_DevIoctl
 .text          0x00000000082372e8      0xcc8 /home/junghyun/topst/cr5-bsp/sources/build/tcc805x/gcc/tcc805x-freertos-debug/obj/mbox.o
                0x0000000008237d08                MBOX_Init
 .text          0x0000000008237fb0      0x268 /home/junghyun/topst/cr5-bsp/sources/build/tcc805x/gcc/tcc805x-freertos-debug/obj/mpu.o
                0x000000000823803c                MPU_Init
                0x00000000082380cc                MPU_GetDMABaseAddress
                0x00000000082380f8                MPU_SetRegion
                0x000000000823819c                MPU_Enable
                0x00000000082381d0                MPU_Disable
 .text          0x0000000008238218     0x3f08 /home/junghyun/topst/cr5-bsp/sources/build/tcc805x/gcc/tcc805x-freertos-debug/obj/pdm.o
                0x0000000008239500                PDM_EnableClock
                0x0000000008239680                PDM_DisableClock
                0x00000000082396a8                PDM_Init
                0x0000000008239d8c                PDM_Deinit
                0x000000000823b42c                PDM_GetChannelStatus
                0x000000000823b9fc                PDM_Enable
                0x000000000823bbac                PDM_Disable
                0x000000000823bcd8                PDM_SetConfig
 .text          0x000000000823c120     0x2914 /home/junghyun/topst/cr5-bsp/sources/build/tcc805x/gcc/tcc805x-freertos-debug/obj/pmio_dev.o
                0x000000000823cba0                PMIO_ForceSTRModeTest
                0x000000000823cbc8                PMIO_EarlyWakeUp
                0x000000000823cc7c                PMIO_PowerDown
                0x000000000823cee0                PMIO_DebugPrintPowerStatus
                0x000000000823d108                PMIO_Init
                0x000000000823d1bc                PMIO_ClearBackupRAM
                0x000000000823d214                PMIO_GetBackupRam
                0x000000000823d250                PMIO_SetBackupRam
                0x000000000823d2d0                PMIO_GetBootReason
                0x000000000823d3dc                PMIO_GetWdtReset
                0x000000000823d458                PMIO_SetGPK
                0x000000000823ea1c                PMIO_APBootOk
 .text          0x000000000823ea34     0x7490 /home/junghyun/topst/cr5-bsp/sources/build/tcc805x/gcc/tcc805x-freertos-debug/obj/gpsb.o
                0x000000000823eab0                GPSB_BitClear
                0x000000000823eb00                GPSB_BitSet
                0x000000000823eb60                GPSB_BitCSet
                0x000000000823ebc4                GPSB_BitSClear
                0x000000000823f3b4                GPSB_Reset
                0x000000000823ff30                GPSB_SetSpeed
                0x0000000008240128                GPSB_SetBpw
                0x0000000008240318                GPSB_SetBpwNoSwap
                0x00000000082404d8                GPSB_SetMode
                0x0000000008240914                GPSB_CsAlloc
                0x0000000008240a94                GPSB_CsInit
                0x0000000008240b88                GPSB_CsActivate
                0x0000000008240c28                GPSB_CsDeactivate
                0x0000000008241ee8                GPSB_Xfer
                0x00000000082423e8                GPSB_XferAbort
                0x000000000824272c                GPSB_Open
                0x0000000008242f40                GPSB_Close
                0x0000000008244490                GPSB_SetSdmExtPort
                0x00000000082445cc                GPSB_SetRvcExtPort
                0x00000000082446ec                GPSB_SetSdmChannel
                0x0000000008244910                GPSB_SetRvcChannel
                0x0000000008244b40                GPSB_SetLbCfg
                0x0000000008244c94                GPSB_ClearLbCfg
                0x0000000008245334                GPSB_Init
                0x000000000824552c                GPSB_Deinit
                0x000000000824559c                GPSB_SafetyEnableLock
                0x0000000008245694                GPSB_SafetyDisableLock
                0x000000000824578c                GPSB_SafetyEnableLoopback
                0x00000000082458e8                GPSB_SafetyDisableLoopback
                0x00000000082459f4                GPSB_SafetyEnableMonitor
                0x0000000008245c20                GPSB_SafetyDisableMonitor
                0x0000000008245cf0                GPSB_SafetyGetStatus
 .text          0x0000000008245ec4        0x0 /home/junghyun/topst/cr5-bsp/sources/build/tcc805x/gcc/tcc805x-freertos-debug/obj/gpsb_reg.o
 .text          0x0000000008245ec4      0xf18 /home/junghyun/topst/cr5-bsp/sources/build/tcc805x/gcc/tcc805x-freertos-debug/obj/timer.o
                0x0000000008245ec4                read_timer
                0x0000000008246138                TIMER_InterruptClear
                0x00000000082461b0                TIMER_Enable
                0x00000000082461fc                TIMER_EnableWithMode
                0x0000000008246284                TIMER_EnableWithCfg
                0x0000000008246a04                TIMER_Disable
                0x0000000008246bb8                TIMER_Init
 .text          0x0000000008246ddc     0x3dd8 /home/junghyun/topst/cr5-bsp/sources/build/tcc805x/gcc/tcc805x-freertos-debug/obj/uart.o
                0x0000000008249bcc                UART_Open
                0x0000000008249d68                UART_Close
                0x0000000008249f3c                UART_Read
                0x000000000824a0cc                UART_Write
                0x000000000824a238                UART_GetData
                0x000000000824a3ec                UART_GetChar
                0x000000000824a560                UART_PutChar
                0x000000000824a664                UART_SetLineControlReg
                0x000000000824a6ec                UART_SetInterruptClearReg
                0x000000000824a724                UART_SetErrorClearReg
                0x000000000824a75c                UART_GetReceiveStatusReg
                0x000000000824a794                UART_GetRawInterruptStatusReg
                0x000000000824a7cc                UART_Init
                0x000000000824a834                UART_ISR
                0x000000000824a9f4                UART_ISR2
 .text          0x000000000824abb4     0x1238 /home/junghyun/topst/cr5-bsp/sources/build/tcc805x/gcc/tcc805x-freertos-debug/obj/udma.o
                0x000000000824abb4                UDMA_InterruptEnable
                0x000000000824acb0                UDMA_InterruptDisable
                0x000000000824adac                UDMA_SetAddrIncrement
                0x000000000824aea4                UDMA_SetTransferWidth
                0x000000000824af9c                UDMA_SetBurstSize
                0x000000000824b094                UDMA_SetTransferSize
                0x000000000824b16c                UDMA_SetFlowControl
                0x000000000824b244                UDMA_Reset
                0x000000000824b2c4                UDMA_SetPeri
                0x000000000824b378                UDMA_GetTransferSize
                0x000000000824b69c                UDMA_ChannelEnable
                0x000000000824b764                UDMA_ChannelDisable
                0x000000000824b82c                UDMA_SetSrcAddr
                0x000000000824b8d4                UDMA_SetDestAddr
                0x000000000824b97c                UDMA_SetlliAddr
                0x000000000824ba24                UDMA_GetDestAddr
                0x000000000824bad4                UDMA_TransferMem2Mem
                0x000000000824bbbc                UDMA_Init
 .text          0x000000000824bdec      0x69c /home/junghyun/topst/cr5-bsp/sources/build/tcc805x/gcc/tcc805x-freertos-debug/obj/wdt.o
                0x000000000824c0a0                WDT_KickPing
                0x000000000824c0c0                WDT_ResetSystem
                0x000000000824c144                WDT_Stop
                0x000000000824c1c8                WDT_SmMode
                0x000000000824c37c                WDT_Init
 .text          0x000000000824c488      0x530 /home/junghyun/topst/cr5-bsp/sources/build/tcc805x/gcc/tcc805x-freertos-debug/obj/dse.o
                0x000000000824c488                DSE_WriteLock
                0x000000000824c7bc                DSE_Deinit
                0x000000000824c818                DSE_Init
                0x000000000824c988                DSE_GetGrpSts
 .text          0x000000000824c9b8      0xc5c /home/junghyun/topst/cr5-bsp/sources/build/tcc805x/gcc/tcc805x-freertos-debug/obj/midf.o
                0x000000000824c9b8                MIDF_FilterInitialize
                0x000000000824cc54                MIDF_RegisterFilterRegion
                0x000000000824cf98                MIDF_UnregisterFilterRegion
                0x000000000824d384                MIDF_RegisterWriteLockSafetyMechanism
                0x000000000824d480                MIDF_ConfigSoftFaultCheckSafetyMechanism
 .text          0x000000000824d614      0xa08 /home/junghyun/topst/cr5-bsp/sources/build/tcc805x/gcc/tcc805x-freertos-debug/obj/pmu_reset.o
                0x000000000824d614                PMU_ResetPreCfg
                0x000000000824d798                PMU_ResetSDMRstMskCfg
                0x000000000824d8e0                PMU_ResetTRVCRstMskCfg
                0x000000000824da34                PMU_ResetColdReset
                0x000000000824da5c                PMU_ResetAPSystemReboot
                0x000000000824defc                PMU_ResetSCWDTInit
 .text          0x000000000824e01c     0x3668 /home/junghyun/topst/cr5-bsp/sources/build/tcc805x/gcc/tcc805x-freertos-debug/obj/tasks.o
                0x000000000824e01c                xTaskCreateStatic
                0x000000000824e104                xTaskCreate
                0x000000000824e560                vTaskDelete
                0x000000000824e6b4                vTaskDelayUntil
                0x000000000824e7f4                vTaskDelay
                0x000000000824e864                eTaskGetState
                0x000000000824e9b0                uxTaskPriorityGet
                0x000000000824ea08                uxTaskPriorityGetFromISR
                0x000000000824ea6c                vTaskPrioritySet
                0x000000000824ec84                vTaskSuspend
                0x000000000824ee64                vTaskResume
                0x000000000824ef74                xTaskResumeFromISR
                0x000000000824f0ac                vTaskStartScheduler
                0x000000000824f1c8                vTaskEndScheduler
                0x000000000824f1f0                vTaskSuspendAll
                0x000000000824f228                xTaskResumeAll
                0x000000000824f430                xTaskGetTickCount
                0x000000000824f464                xTaskGetTickCountFromISR
                0x000000000824f4a4                uxTaskGetNumberOfTasks
                0x000000000824f4c8                pcTaskGetName
                0x000000000824f6d4                xTaskGetHandle
                0x000000000824f808                xTaskCatchUpTicks
                0x000000000824f874                xTaskAbortDelay
                0x000000000824f9b8                xTaskIncrementTick
                0x000000000824fc60                vTaskSwitchContext
                0x000000000824fe3c                vTaskPlaceOnEventList
                0x000000000824fe94                vTaskPlaceOnUnorderedEventList
                0x000000000824ff20                vTaskPlaceOnEventListRestricted
                0x000000000824ff90                xTaskRemoveFromEventList
                0x00000000082500cc                vTaskRemoveFromUnorderedEventList
                0x00000000082501e0                vTaskSetTimeOutState
                0x000000000825023c                vTaskInternalSetTimeOutState
                0x0000000008250284                xTaskCheckForTimeOut
                0x00000000082503d8                vTaskMissedYield
                0x0000000008250680                xTaskGetCurrentTaskHandle
                0x00000000082506b0                xTaskGetSchedulerState
                0x0000000008250718                xTaskPriorityInherit
                0x00000000082508b4                xTaskPriorityDisinherit
                0x0000000008250a00                vTaskPriorityDisinheritAfterTimeout
                0x0000000008250ba0                uxTaskResetEventItemValue
                0x0000000008250bf8                pvTaskIncrementMutexHeldCount
                0x0000000008250c48                ulTaskNotifyTake
                0x0000000008250d34                xTaskNotifyWait
                0x0000000008250e64                xTaskGenericNotify
                0x000000000825105c                xTaskGenericNotifyFromISR
                0x00000000082512b4                vTaskNotifyGiveFromISR
                0x000000000825143c                xTaskNotifyStateClear
                0x00000000082514bc                ulTaskNotifyValueClear
 .text          0x0000000008251684      0x294 /home/junghyun/topst/cr5-bsp/sources/build/tcc805x/gcc/tcc805x-freertos-debug/obj/list.o
                0x0000000008251684                vListInitialise
                0x00000000082516ec                vListInitialiseItem
                0x0000000008251718                vListInsertEnd
                0x00000000082517a0                vListInsert
                0x0000000008251878                uxListRemove
 .text          0x0000000008251918     0x2278 /home/junghyun/topst/cr5-bsp/sources/build/tcc805x/gcc/tcc805x-freertos-debug/obj/queue.o
                0x0000000008251918                xQueueGenericReset
                0x0000000008251a44                xQueueGenericCreateStatic
                0x0000000008251b4c                xQueueGenericCreate
                0x0000000008251cd8                xQueueCreateMutex
                0x0000000008251d2c                xQueueCreateMutexStatic
                0x0000000008251d8c                xQueueGetMutexHolder
                0x0000000008251de4                xQueueGetMutexHolderFromISR
                0x0000000008251e40                xQueueGiveMutexRecursive
                0x0000000008251edc                xQueueTakeMutexRecursive
                0x0000000008251f80                xQueueCreateCountingSemaphoreStatic
                0x0000000008252004                xQueueCreateCountingSemaphore
                0x0000000008252078                xQueueGenericSend
                0x000000000825234c                xQueueGenericSendFromISR
                0x0000000008252530                xQueueGiveFromISR
                0x00000000082526c8                xQueueReceive
                0x0000000008252910                xQueueSemaphoreTake
                0x0000000008252bc0                xQueuePeek
                0x0000000008252e10                xQueueReceiveFromISR
                0x0000000008252f58                xQueuePeekFromISR
                0x0000000008253038                uxQueueMessagesWaiting
                0x000000000825307c                uxQueueSpacesAvailable
                0x00000000082530d4                uxQueueMessagesWaitingFromISR
                0x000000000825311c                vQueueDelete
                0x0000000008253570                xQueueIsQueueEmptyFromISR
                0x0000000008253624                xQueueIsQueueFullFromISR
                0x000000000825368c                vQueueAddToRegistry
                0x0000000008253720                pcQueueGetName
                0x00000000082537ac                vQueueUnregisterQueue
                0x0000000008253848                vQueueWaitForMessageRestricted
                0x00000000082538ec                xQueueCreateSet
                0x0000000008253920                xQueueAddToSet
                0x0000000008253998                xQueueRemoveFromSet
                0x0000000008253a1c                xQueueSelectFromSet
                0x0000000008253a5c                xQueueSelectFromSetFromISR
 .text          0x0000000008253b90      0x8e4 /home/junghyun/topst/cr5-bsp/sources/build/tcc805x/gcc/tcc805x-freertos-debug/obj/event_groups.o
                0x0000000008253b90                xEventGroupCreateStatic
                0x0000000008253c14                xEventGroupCreate
                0x0000000008253c70                xEventGroupSync
                0x0000000008253e58                xEventGroupWaitBits
                0x0000000008254090                xEventGroupClearBits
                0x0000000008254110                xEventGroupGetBitsFromISR
                0x0000000008254154                xEventGroupSetBits
                0x0000000008254308                vEventGroupDelete
                0x000000000825439c                vEventGroupSetBitsCallback
                0x00000000082543c8                vEventGroupClearBitsCallback
 .text          0x0000000008254474      0xfe0 /home/junghyun/topst/cr5-bsp/sources/build/tcc805x/gcc/tcc805x-freertos-debug/obj/timers.o
                0x0000000008254474                xTimerCreateTimerTask
                0x0000000008254548                xTimerCreate
                0x00000000082545bc                xTimerCreateStatic
                0x0000000008254704                xTimerGenericCommand
                0x00000000082547f8                xTimerGetTimerDaemonTaskHandle
                0x0000000008254834                xTimerGetPeriod
                0x0000000008254874                vTimerSetReloadMode
                0x00000000082548f4                uxTimerGetReloadMode
                0x000000000825495c                xTimerGetExpiryTime
                0x00000000082549a4                pcTimerGetName
                0x0000000008255264                xTimerIsTimerActive
                0x00000000082552cc                pvTimerGetTimerID
                0x0000000008255318                vTimerSetTimerID
                0x0000000008255364                xTimerPendFunctionCallFromISR
                0x00000000082553d0                xTimerPendFunctionCall
 .text          0x0000000008255454     0x126c /home/junghyun/topst/cr5-bsp/sources/build/tcc805x/gcc/tcc805x-freertos-debug/obj/stream_buffer.o
                0x0000000008255454                xStreamBufferGenericCreate
                0x000000000825552c                xStreamBufferGenericCreateStatic
                0x0000000008255650                vStreamBufferDelete
                0x00000000082556b4                xStreamBufferReset
                0x0000000008255754                xStreamBufferSetTriggerLevel
                0x00000000082557dc                xStreamBufferSpacesAvailable
                0x0000000008255878                xStreamBufferBytesAvailable
                0x00000000082558bc                xStreamBufferSend
                0x0000000008255aa4                xStreamBufferSendFromISR
                0x0000000008255ca4                xStreamBufferReceive
                0x0000000008255e48                xStreamBufferNextMessageLengthBytes
                0x0000000008255f08                xStreamBufferReceiveFromISR
                0x00000000082560d8                xStreamBufferIsEmpty
                0x0000000008256148                xStreamBufferIsFull
                0x00000000082561d4                xStreamBufferSendCompletedFromISR
                0x0000000008256270                xStreamBufferReceiveCompletedFromISR
 .text          0x00000000082566c0      0x8b8 /home/junghyun/topst/cr5-bsp/sources/build/tcc805x/gcc/tcc805x-freertos-debug/obj/port.o
                0x00000000082566c0                pxPortInitialiseStack
                0x0000000008256954                xPortStartScheduler
                0x0000000008256a98                vPortEndScheduler
                0x0000000008256ac8                vPortEnterCritical
                0x0000000008256b24                vPortExitCritical
                0x0000000008256bb0                FreeRTOS_Tick_Handler
                0x0000000008256c44                vPortTaskUsesFPU
                0x0000000008256c6c                vPortClearInterruptMask
                0x0000000008256cc8                ulPortSetInterruptMask
                0x0000000008256d40                vPortValidateInterruptPriority
                0x0000000008256d74                vApplicationGetIdleTaskMemory
                0x0000000008256dc8                vInitialiseTimerForRunTimeStats
                0x0000000008256de0                vApplicationStackOverflowHook
                0x0000000008256e04                vApplicationGetTimerTaskMemory
                0x0000000008256e58                vConfigureTickInterrupt
                0x0000000008256ee0                vClearTickInterrupt
                0x0000000008256ef8                vApplicationFPUSafeIRQHandler
                0x0000000008256f1c                xPortGetInterruptNestingCount
                0x0000000008256f40                heap_init
 .text          0x0000000008256f78      0x8ec /home/junghyun/topst/cr5-bsp/sources/build/tcc805x/gcc/tcc805x-freertos-debug/obj/heap_5.o
                0x0000000008256f78                pvPortMalloc
                0x00000000082571d0                vPortFree
                0x00000000082572f8                xPortGetFreeHeapSize
                0x000000000825731c                xPortGetMinimumEverFreeHeapSize
                0x0000000008257498                vPortDefineHeapRegions
                0x0000000008257710                vPortGetHeapStats
 .text          0x0000000008257864      0x32c /home/junghyun/topst/cr5-bsp/sources/build/tcc805x/gcc/tcc805x-freertos-debug/obj/sal_api.o
                0x0000000008257864                SAL_RegisterFunction
 .text          0x0000000008257b90     0x2714 /home/junghyun/topst/cr5-bsp/sources/build/tcc805x/gcc/tcc805x-freertos-debug/obj/sal_freertos_impl.o
                0x0000000008259e48                SAL_Init
 .text          0x000000000825a2a4      0x854 /home/junghyun/topst/cr5-bsp/sources/build/tcc805x/gcc/tcc805x-freertos-debug/obj/front_board.o
                0x000000000825a2a4                createTask
 .text          0x000000000825aaf8      0x2bc /home/junghyun/topst/cr5-bsp/sources/build/tcc805x/gcc/tcc805x-freertos-debug/obj/control.o
                0x000000000825ab5c                Motor_Init
                0x000000000825ac28                Motor_UpdateDuty
                0x000000000825ac9c                Motor_Option
                0x000000000825ad74                Motor_ConfigurePDM
 .text          0x000000000825adb4      0x190 /home/junghyun/topst/cr5-bsp/sources/build/tcc805x/gcc/tcc805x-freertos-debug/obj/external_io.o
                0x000000000825adb4                init_uart
                0x000000000825ae38                init_uart2
                0x000000000825aebc                uart_send_data
                0x000000000825af00                uart_receive_data
 .text          0x000000000825af44       0x90 /home/junghyun/topst/cr5-bsp/sources/build/tcc805x/gcc/tcc805x-freertos-debug/obj/internal_io.o
                0x000000000825af44                ipc_init
                0x000000000825af5c                ipc_create_receive_task
                0x000000000825af74                ipc_send_on_sound
                0x000000000825af90                ipc_send_off_sound
                0x000000000825afac                ipc_send_data
 .text          0x000000000825afd4      0x194 /home/junghyun/topst/cr5-bsp/sources/build/tcc805x/gcc/tcc805x-freertos-debug/obj/ultra_sonic.o
                0x000000000825b048                get_distance
                0x000000000825b140                ultrasonic_init
 .text          0x000000000825b168        0x0 /home/junghyun/topst/cr5-bsp/sources/build/tcc805x/gcc/tcc805x-freertos-debug/obj/vector.o
 .text          0x000000000825b168        0x4 /home/junghyun/topst/cr5-bsp/sources/build/tcc805x/gcc/tcc805x-freertos-debug/obj/vfp_init.o
                0x000000000825b168                vfp_init
 .text          0x000000000825b16c        0xc /home/junghyun/topst/cr5-bsp/sources/build/tcc805x/gcc/tcc805x-freertos-debug/obj/arm_a.o
                0x000000000825b16c                ARM_DSB
 *fill*         0x000000000825b178        0x8 
 .text          0x000000000825b180      0x270 /home/junghyun/topst/cr5-bsp/sources/build/tcc805x/gcc/tcc805x-freertos-debug/obj/portASM.o
                0x000000000825b180                FreeRTOS_SWI_Handler
                0x000000000825b208                vPortRestoreTaskContext
                0x000000000825b260                FreeRTOS_IRQ_Handler
                0x000000000825b3b0                vApplicationIRQHandler
 .text          0x000000000825b3f0       0xb8 /home/junghyun/topst/cr5-bsp/sources/build/tcc805x/gcc/tcc805x-freertos-debug/obj/freertos.o
                0x000000000825b3f0                FreeRTOS_ARM_ExceptUndefInstrHndlr
                0x000000000825b404                FreeRTOS_ARM_ExceptSwiHndlr
                0x000000000825b408                FreeRTOS_ARM_ExceptPrefetchAbortHndlr
                0x000000000825b420                FreeRTOS_ARM_ExceptDataAbortHndlr
                0x000000000825b450                FreeRTOS_ARM_ExceptIrqHndlr
                0x000000000825b454                FreeRTOS_ARM_ExceptFiqHndlr
                0x000000000825b46c                FreeRTOS_ARM_DRegCntGet
                0x000000000825b474                CPU_WaitForEvent
                0x000000000825b480                __DSB
                0x000000000825b48c                CPU_SR_Save
                0x000000000825b49c                CPU_SR_Restore
 .text          0x000000000825b4a8       0x18 /home/junghyun/topst/cr5-bsp/sources/build/tcc805x/gcc/tcc805x-freertos-debug/obj/sal.o
                0x000000000825b4a8                ARM_ExceptUndefInstrHndlr
                0x000000000825b4ac                ARM_ExceptSwiHndlr
                0x000000000825b4b0                ARM_ExceptPrefetchAbortHndlr
                0x000000000825b4b4                ARM_ExceptDataAbortHndlr
                0x000000000825b4b8                ARM_ExceptIrqHndlr
                0x000000000825b4bc                ARM_ExceptFiqHndlr
 .text          0x000000000825b4c0       0x30 /home/junghyun/topst/buildtools/gcc-linaro-7.2.1-2017.11-x86_64_arm-eabi/arm-eabi/libc/usr/lib/libc.a(lib_a-atol.o)
                0x000000000825b4c0                atol
                0x000000000825b4d8                _atol_r
 .text          0x000000000825b4f0      0x104 /home/junghyun/topst/buildtools/gcc-linaro-7.2.1-2017.11-x86_64_arm-eabi/arm-eabi/libc/usr/lib/libc.a(lib_a-memcmp.o)
                0x000000000825b4f0                memcmp
 .text          0x000000000825b5f4      0x110 /home/junghyun/topst/buildtools/gcc-linaro-7.2.1-2017.11-x86_64_arm-eabi/arm-eabi/libc/usr/lib/libc.a(lib_a-memcpy-stub.o)
                0x000000000825b5f4                memcpy
 .text          0x000000000825b704      0x114 /home/junghyun/topst/buildtools/gcc-linaro-7.2.1-2017.11-x86_64_arm-eabi/arm-eabi/libc/usr/lib/libc.a(lib_a-memset.o)
                0x000000000825b704                memset
 .text          0x000000000825b818       0x60 /home/junghyun/topst/buildtools/gcc-linaro-7.2.1-2017.11-x86_64_arm-eabi/arm-eabi/libc/usr/lib/libc.a(lib_a-strlen-stub.o)
                0x000000000825b818                strlen
 .text          0x000000000825b878      0x100 /home/junghyun/topst/buildtools/gcc-linaro-7.2.1-2017.11-x86_64_arm-eabi/arm-eabi/libc/usr/lib/libc.a(lib_a-strncmp.o)
                0x000000000825b878                strncmp
 .text          0x000000000825b978       0xe0 /home/junghyun/topst/buildtools/gcc-linaro-7.2.1-2017.11-x86_64_arm-eabi/arm-eabi/libc/usr/lib/libc.a(lib_a-strncpy.o)
                0x000000000825b978                strncpy
 .text          0x000000000825ba58       0x5c /home/junghyun/topst/buildtools/gcc-linaro-7.2.1-2017.11-x86_64_arm-eabi/arm-eabi/libc/usr/lib/libc.a(lib_a-strnlen.o)
                0x000000000825ba58                strnlen
 .text          0x000000000825bab4      0x27c /home/junghyun/topst/buildtools/gcc-linaro-7.2.1-2017.11-x86_64_arm-eabi/arm-eabi/libc/usr/lib/libc.a(lib_a-strtol.o)
                0x000000000825bc70                _strtol_r
                0x000000000825bcac                strtol_l
                0x000000000825bce4                strtol
 .text          0x000000000825bd30        0x0 /home/junghyun/topst/buildtools/gcc-linaro-7.2.1-2017.11-x86_64_arm-eabi/arm-eabi/libc/usr/lib/libc.a(lib_a-impure.o)
 .text          0x000000000825bd30      0xd0c /home/junghyun/topst/buildtools/gcc-linaro-7.2.1-2017.11-x86_64_arm-eabi/arm-eabi/libc/usr/lib/libc.a(lib_a-locale.o)
                0x000000000825bdc4                __loadlocale
                0x000000000825c5fc                __get_locale_env
                0x000000000825c690                _setlocale_r
                0x000000000825c9cc                __locale_mb_cur_max
                0x000000000825c9f4                __locale_ctype_ptr_l
                0x000000000825c9fc                __locale_ctype_ptr
                0x000000000825ca24                setlocale
 .text          0x000000000825ca3c      0x744 /home/junghyun/topst/buildtools/gcc-linaro-7.2.1-2017.11-x86_64_arm-eabi/arm-eabi/libc/usr/lib/libc.a(lib_a-mbtowc_r.o)
                0x000000000825ca3c                _mbtowc_r
                0x000000000825ca70                __ascii_mbtowc
                0x000000000825cab4                __utf8_mbtowc
                0x000000000825cdbc                __sjis_mbtowc
                0x000000000825ce90                __eucjp_mbtowc
                0x000000000825cfc8                __jis_mbtowc
 .text          0x000000000825d180       0x70 /home/junghyun/topst/buildtools/gcc-linaro-7.2.1-2017.11-x86_64_arm-eabi/arm-eabi/libc/usr/lib/libc.a(lib_a-strcasecmp.o)
                0x000000000825d180                strcasecmp
 .text          0x000000000825d1f0       0x74 /home/junghyun/topst/buildtools/gcc-linaro-7.2.1-2017.11-x86_64_arm-eabi/arm-eabi/libc/usr/lib/libc.a(lib_a-strcat.o)
                0x000000000825d1f0                strcat
 .text          0x000000000825d264      0x184 /home/junghyun/topst/buildtools/gcc-linaro-7.2.1-2017.11-x86_64_arm-eabi/arm-eabi/libc/usr/lib/libc.a(lib_a-strchr.o)
                0x000000000825d264                strchr
 .text          0x000000000825d3e8      0x224 /home/junghyun/topst/buildtools/gcc-linaro-7.2.1-2017.11-x86_64_arm-eabi/arm-eabi/libc/usr/lib/libc.a(lib_a-strcmp.o)
                0x000000000825d3e8                strcmp
 .text          0x000000000825d60c       0xf0 /home/junghyun/topst/buildtools/gcc-linaro-7.2.1-2017.11-x86_64_arm-eabi/arm-eabi/libc/usr/lib/libc.a(lib_a-strcpy.o)
                0x000000000825d60c                strcpy
 .text          0x000000000825d6fc       0x54 /home/junghyun/topst/buildtools/gcc-linaro-7.2.1-2017.11-x86_64_arm-eabi/arm-eabi/libc/usr/lib/libc.a(lib_a-strlcpy.o)
                0x000000000825d6fc                strlcpy
 .text          0x000000000825d750       0x94 /home/junghyun/topst/buildtools/gcc-linaro-7.2.1-2017.11-x86_64_arm-eabi/arm-eabi/libc/usr/lib/libc.a(lib_a-strncasecmp.o)
                0x000000000825d750                strncasecmp
 .text          0x000000000825d7e4      0x35c /home/junghyun/topst/buildtools/gcc-linaro-7.2.1-2017.11-x86_64_arm-eabi/arm-eabi/libc/usr/lib/libc.a(lib_a-wctomb_r.o)
                0x000000000825d7e4                _wctomb_r
                0x000000000825d818                __ascii_wctomb
                0x000000000825d840                __utf8_wctomb
                0x000000000825d92c                __sjis_wctomb
                0x000000000825d9b4                __eucjp_wctomb
                0x000000000825da64                __jis_wctomb
 .text          0x000000000825db40       0x10 /home/junghyun/topst/buildtools/gcc-linaro-7.2.1-2017.11-x86_64_arm-eabi/arm-eabi/libc/usr/lib/libc.a(lib_a-ctype_.o)
                0x000000000825db40                __set_ctype
 .text          0x000000000825db50       0xec /home/junghyun/topst/buildtools/gcc-linaro-7.2.1-2017.11-x86_64_arm-eabi/arm-eabi/libc/usr/lib/libc.a(lib_a-getenv_r.o)
                0x000000000825db50                _findenv_r
                0x000000000825dc20                _getenv_r
 .text          0x000000000825dc3c        0x0 /home/junghyun/topst/buildtools/gcc-linaro-7.2.1-2017.11-x86_64_arm-eabi/arm-eabi/libc/usr/lib/libc.a(lib_a-environ.o)
 .text          0x000000000825dc3c        0x8 /home/junghyun/topst/buildtools/gcc-linaro-7.2.1-2017.11-x86_64_arm-eabi/arm-eabi/libc/usr/lib/libc.a(lib_a-envlock.o)
                0x000000000825dc3c                __env_lock
                0x000000000825dc40                __env_unlock
 .text          0x000000000825dc44      0x114 /home/junghyun/topst/buildtools/gcc-linaro-7.2.1-2017.11-x86_64_arm-eabi/arm-eabi/libc/usr/lib/libgcc.a(_udivsi3.o)
                0x000000000825dc44                __udivsi3
                0x000000000825dc44                __aeabi_uidiv
                0x000000000825dd38                __aeabi_uidivmod
 .text          0x000000000825dd58        0x4 /home/junghyun/topst/buildtools/gcc-linaro-7.2.1-2017.11-x86_64_arm-eabi/arm-eabi/libc/usr/lib/libgcc.a(_dvmd_tls.o)
                0x000000000825dd58                __aeabi_ldiv0
                0x000000000825dd58                __aeabi_idiv0
 .text          0x000000000825dd5c      0x424 /home/junghyun/topst/buildtools/gcc-linaro-7.2.1-2017.11-x86_64_arm-eabi/arm-eabi/libc/usr/lib/libgcc.a(_arm_addsubdf3.o)
                0x000000000825dd5c                __aeabi_drsub
                0x000000000825dd64                __aeabi_dsub
                0x000000000825dd64                __subdf3
                0x000000000825dd68                __adddf3
                0x000000000825dd68                __aeabi_dadd
                0x000000000825e078                __aeabi_ui2d
                0x000000000825e078                __floatunsidf
                0x000000000825e09c                __floatsidf
                0x000000000825e09c                __aeabi_i2d
                0x000000000825e0c4                __extendsfdf2
                0x000000000825e0c4                __aeabi_f2d
                0x000000000825e10c                __aeabi_ul2d
                0x000000000825e10c                __floatundidf
                0x000000000825e120                __floatdidf
                0x000000000825e120                __aeabi_l2d
 .text          0x000000000825e180      0x49c /home/junghyun/topst/buildtools/gcc-linaro-7.2.1-2017.11-x86_64_arm-eabi/arm-eabi/libc/usr/lib/libgcc.a(_arm_muldivdf3.o)
                0x000000000825e180                __aeabi_dmul
                0x000000000825e180                __muldf3
                0x000000000825e410                __aeabi_ddiv
                0x000000000825e410                __divdf3
 .text          0x000000000825e61c       0x54 /home/junghyun/topst/buildtools/gcc-linaro-7.2.1-2017.11-x86_64_arm-eabi/arm-eabi/libc/usr/lib/libgcc.a(_arm_fixunsdfsi.o)
                0x000000000825e61c                __fixunsdfsi
                0x000000000825e61c                __aeabi_d2uiz
 .text          0x000000000825e670       0x3c /home/junghyun/topst/buildtools/gcc-linaro-7.2.1-2017.11-x86_64_arm-eabi/arm-eabi/libc/usr/lib/libgcc.a(_aeabi_uldivmod.o)
                0x000000000825e670                __aeabi_uldivmod
 .text          0x000000000825e6ac      0x12c /home/junghyun/topst/buildtools/gcc-linaro-7.2.1-2017.11-x86_64_arm-eabi/arm-eabi/libc/usr/lib/libgcc.a(_udivmoddi4.o)
                0x000000000825e6ac                __udivmoddi4
 .text          0x000000000825e7d8       0x28 /home/junghyun/topst/buildtools/gcc-linaro-7.2.1-2017.11-x86_64_arm-eabi/arm-eabi/libc/usr/lib/libgcc.a(_clzdi2.o)
                0x000000000825e7d8                __clzdi2
 .text          0x000000000825e800       0x48 /home/junghyun/topst/buildtools/gcc-linaro-7.2.1-2017.11-x86_64_arm-eabi/arm-eabi/libc/usr/lib/libgcc.a(_clzsi2.o)
                0x000000000825e800                __clzsi2
 .text.__stub   0x000000000825e848        0x8 linker stubs
                0x000000000825e850                __TEXT_END__ = .
                0x000000000825e850                . = ALIGN (0x4)

.rodata         0x000000000825e850     0xc210
                0x000000000825e850                __RODATA_START__ = .
 *(.rodata)
 .rodata        0x000000000825e850       0x1d /home/junghyun/topst/cr5-bsp/sources/build/tcc805x/gcc/tcc805x-freertos-debug/obj/main.o
 *fill*         0x000000000825e86d        0x3 
 .rodata        0x000000000825e870      0xb01 /home/junghyun/topst/cr5-bsp/sources/build/tcc805x/gcc/tcc805x-freertos-debug/obj/can_demo.o
 *fill*         0x000000000825f371        0x3 
 .rodata        0x000000000825f374      0x101 /home/junghyun/topst/cr5-bsp/sources/build/tcc805x/gcc/tcc805x-freertos-debug/obj/fwug.o
 *fill*         0x000000000825f475        0x3 
 .rodata        0x000000000825f478      0x145 /home/junghyun/topst/cr5-bsp/sources/build/tcc805x/gcc/tcc805x-freertos-debug/obj/key_i2c.o
 *fill*         0x000000000825f5bd        0x3 
 .rodata        0x000000000825f5c0      0x267 /home/junghyun/topst/cr5-bsp/sources/build/tcc805x/gcc/tcc805x-freertos-debug/obj/key.o
 *fill*         0x000000000825f827        0x1 
 .rodata        0x000000000825f828        0x7 /home/junghyun/topst/cr5-bsp/sources/build/tcc805x/gcc/tcc805x-freertos-debug/obj/system_monitoring.o
 *fill*         0x000000000825f82f        0x1 
 .rodata        0x000000000825f830      0x12b /home/junghyun/topst/cr5-bsp/sources/build/tcc805x/gcc/tcc805x-freertos-debug/obj/bootctrl.o
 *fill*         0x000000000825f95b        0x1 
 .rodata        0x000000000825f95c       0x24 /home/junghyun/topst/cr5-bsp/sources/build/tcc805x/gcc/tcc805x-freertos-debug/obj/reset_demo.o
 .rodata        0x000000000825f980      0x5af /home/junghyun/topst/cr5-bsp/sources/build/tcc805x/gcc/tcc805x-freertos-debug/obj/dse_test.o
 *fill*         0x000000000825ff2f        0x1 
 .rodata        0x000000000825ff30       0xe9 /home/junghyun/topst/cr5-bsp/sources/build/tcc805x/gcc/tcc805x-freertos-debug/obj/fmu_test.o
 *fill*         0x0000000008260019        0x3 
 .rodata        0x000000000826001c      0x1ba /home/junghyun/topst/cr5-bsp/sources/build/tcc805x/gcc/tcc805x-freertos-debug/obj/gdma_test.o
 *fill*         0x00000000082601d6        0x2 
 .rodata        0x00000000082601d8      0x1f6 /home/junghyun/topst/cr5-bsp/sources/build/tcc805x/gcc/tcc805x-freertos-debug/obj/gic_test.o
 *fill*         0x00000000082603ce        0x2 
 .rodata        0x00000000082603d0      0x279 /home/junghyun/topst/cr5-bsp/sources/build/tcc805x/gcc/tcc805x-freertos-debug/obj/gpio_test.o
 *fill*         0x0000000008260649        0x3 
 .rodata        0x000000000826064c      0xbcb /home/junghyun/topst/cr5-bsp/sources/build/tcc805x/gcc/tcc805x-freertos-debug/obj/gpsb_test.o
 *fill*         0x0000000008261217        0x1 
 .rodata        0x0000000008261218      0xb69 /home/junghyun/topst/cr5-bsp/sources/build/tcc805x/gcc/tcc805x-freertos-debug/obj/hsm_test.o
 *fill*         0x0000000008261d81        0x3 
 .rodata        0x0000000008261d84      0x441 /home/junghyun/topst/cr5-bsp/sources/build/tcc805x/gcc/tcc805x-freertos-debug/obj/i2c_test.o
 *fill*         0x00000000082621c5        0x3 
 .rodata        0x00000000082621c8       0xe6 /home/junghyun/topst/cr5-bsp/sources/build/tcc805x/gcc/tcc805x-freertos-debug/obj/ictc_test.o
 *fill*         0x00000000082622ae        0x2 
 .rodata        0x00000000082622b0       0xdb /home/junghyun/topst/cr5-bsp/sources/build/tcc805x/gcc/tcc805x-freertos-debug/obj/lin_test.o
 *fill*         0x000000000826238b        0x1 
 .rodata        0x000000000826238c      0x126 /home/junghyun/topst/cr5-bsp/sources/build/tcc805x/gcc/tcc805x-freertos-debug/obj/pdm_test.o
 *fill*         0x00000000082624b2        0x2 
 .rodata        0x00000000082624b4      0x55f /home/junghyun/topst/cr5-bsp/sources/build/tcc805x/gcc/tcc805x-freertos-debug/obj/pmio_test.o
 *fill*         0x0000000008262a13        0x1 
 .rodata        0x0000000008262a14      0x4af /home/junghyun/topst/cr5-bsp/sources/build/tcc805x/gcc/tcc805x-freertos-debug/obj/timer_test.o
 *fill*         0x0000000008262ec3        0x1 
 .rodata        0x0000000008262ec4      0xa37 /home/junghyun/topst/cr5-bsp/sources/build/tcc805x/gcc/tcc805x-freertos-debug/obj/wdt_test.o
 *fill*         0x00000000082638fb        0x1 
 .rodata        0x00000000082638fc       0x68 /home/junghyun/topst/cr5-bsp/sources/build/tcc805x/gcc/tcc805x-freertos-debug/obj/mptool.o
 .rodata        0x0000000008263964      0x1b3 /home/junghyun/topst/cr5-bsp/sources/build/tcc805x/gcc/tcc805x-freertos-debug/obj/ipc_os.o
 *fill*         0x0000000008263b17        0x1 
 .rodata        0x0000000008263b18       0xe2 /home/junghyun/topst/cr5-bsp/sources/build/tcc805x/gcc/tcc805x-freertos-debug/obj/ipc_buffer.o
 *fill*         0x0000000008263bfa        0x2 
 .rodata        0x0000000008263bfc      0x22f /home/junghyun/topst/cr5-bsp/sources/build/tcc805x/gcc/tcc805x-freertos-debug/obj/ipc_ctl.o
 *fill*         0x0000000008263e2b        0x1 
 .rodata        0x0000000008263e2c      0x262 /home/junghyun/topst/cr5-bsp/sources/build/tcc805x/gcc/tcc805x-freertos-debug/obj/ipc_api.o
 *fill*         0x000000000826408e        0x2 
 .rodata        0x0000000008264090      0x3aa /home/junghyun/topst/cr5-bsp/sources/build/tcc805x/gcc/tcc805x-freertos-debug/obj/lin.o
 *fill*         0x000000000826443a        0x2 
 .rodata        0x000000000826443c      0x209 /home/junghyun/topst/cr5-bsp/sources/build/tcc805x/gcc/tcc805x-freertos-debug/obj/sdm.o
 *fill*         0x0000000008264645        0x3 
 .rodata        0x0000000008264648      0x38b /home/junghyun/topst/cr5-bsp/sources/build/tcc805x/gcc/tcc805x-freertos-debug/obj/hsm_manager.o
 *fill*         0x00000000082649d3        0x1 
 .rodata        0x00000000082649d4       0xf5 /home/junghyun/topst/cr5-bsp/sources/build/tcc805x/gcc/tcc805x-freertos-debug/obj/adc.o
 *fill*         0x0000000008264ac9        0x3 
 .rodata        0x0000000008264acc       0x9f /home/junghyun/topst/cr5-bsp/sources/build/tcc805x/gcc/tcc805x-freertos-debug/obj/can.o
 *fill*         0x0000000008264b6b        0x1 
 .rodata        0x0000000008264b6c      0x4ee /home/junghyun/topst/cr5-bsp/sources/build/tcc805x/gcc/tcc805x-freertos-debug/obj/can_drv.o
 *fill*         0x000000000826505a        0x2 
 .rodata        0x000000000826505c       0x25 /home/junghyun/topst/cr5-bsp/sources/build/tcc805x/gcc/tcc805x-freertos-debug/obj/debug.o
 *fill*         0x0000000008265081        0x3 
 .rodata        0x0000000008265084       0x3a /home/junghyun/topst/cr5-bsp/sources/build/tcc805x/gcc/tcc805x-freertos-debug/obj/bsp.o
 *fill*         0x00000000082650be        0x2 
 .rodata        0x00000000082650c0      0x365 /home/junghyun/topst/cr5-bsp/sources/build/tcc805x/gcc/tcc805x-freertos-debug/obj/fmu.o
 *fill*         0x0000000008265425        0x3 
 .rodata        0x0000000008265428      0x164 /home/junghyun/topst/cr5-bsp/sources/build/tcc805x/gcc/tcc805x-freertos-debug/obj/gdma.o
 .rodata        0x000000000826558c      0x3d0 /home/junghyun/topst/cr5-bsp/sources/build/tcc805x/gcc/tcc805x-freertos-debug/obj/gic.o
 .rodata        0x000000000826595c       0x77 /home/junghyun/topst/cr5-bsp/sources/build/tcc805x/gcc/tcc805x-freertos-debug/obj/gpio.o
 *fill*         0x00000000082659d3        0x1 
 .rodata        0x00000000082659d4      0x93e /home/junghyun/topst/cr5-bsp/sources/build/tcc805x/gcc/tcc805x-freertos-debug/obj/i2c.o
 *fill*         0x0000000008266312        0x2 
 .rodata        0x0000000008266314      0x1ec /home/junghyun/topst/cr5-bsp/sources/build/tcc805x/gcc/tcc805x-freertos-debug/obj/i2c_reg.o
                0x0000000008266314                i2cport
 .rodata        0x0000000008266500      0x32a /home/junghyun/topst/cr5-bsp/sources/build/tcc805x/gcc/tcc805x-freertos-debug/obj/ictc.o
 *fill*         0x000000000826682a        0x2 
 .rodata        0x000000000826682c      0x620 /home/junghyun/topst/cr5-bsp/sources/build/tcc805x/gcc/tcc805x-freertos-debug/obj/mbox_dev.o
 .rodata        0x0000000008266e4c      0x342 /home/junghyun/topst/cr5-bsp/sources/build/tcc805x/gcc/tcc805x-freertos-debug/obj/mbox.o
 *fill*         0x000000000826718e        0x2 
 .rodata        0x0000000008267190       0xc0 /home/junghyun/topst/cr5-bsp/sources/build/tcc805x/gcc/tcc805x-freertos-debug/obj/mpu.o
                0x0000000008267190                sMPUTable
 .rodata        0x0000000008267250      0x1ea /home/junghyun/topst/cr5-bsp/sources/build/tcc805x/gcc/tcc805x-freertos-debug/obj/pdm.o
 *fill*         0x000000000826743a        0x2 
 .rodata        0x000000000826743c      0xc45 /home/junghyun/topst/cr5-bsp/sources/build/tcc805x/gcc/tcc805x-freertos-debug/obj/pmio_dev.o
 *fill*         0x0000000008268081        0x3 
 .rodata        0x0000000008268084     0x13b1 /home/junghyun/topst/cr5-bsp/sources/build/tcc805x/gcc/tcc805x-freertos-debug/obj/gpsb.o
 *fill*         0x0000000008269435        0x3 
 .rodata        0x0000000008269438      0x2d8 /home/junghyun/topst/cr5-bsp/sources/build/tcc805x/gcc/tcc805x-freertos-debug/obj/gpsb_reg.o
                0x0000000008269438                gpsbport
                0x00000000082696f8                gpsb_sm
 .rodata        0x0000000008269710       0xe3 /home/junghyun/topst/cr5-bsp/sources/build/tcc805x/gcc/tcc805x-freertos-debug/obj/timer.o
 *fill*         0x00000000082697f3        0x1 
 .rodata        0x00000000082697f4      0x531 /home/junghyun/topst/cr5-bsp/sources/build/tcc805x/gcc/tcc805x-freertos-debug/obj/uart.o
 *fill*         0x0000000008269d25        0x3 
 .rodata        0x0000000008269d28      0x13e /home/junghyun/topst/cr5-bsp/sources/build/tcc805x/gcc/tcc805x-freertos-debug/obj/udma.o
 *fill*         0x0000000008269e66        0x2 
 .rodata        0x0000000008269e68      0x18d /home/junghyun/topst/cr5-bsp/sources/build/tcc805x/gcc/tcc805x-freertos-debug/obj/wdt.o
 *fill*         0x0000000008269ff5        0x3 
 .rodata        0x0000000008269ff8       0xb8 /home/junghyun/topst/cr5-bsp/sources/build/tcc805x/gcc/tcc805x-freertos-debug/obj/dse.o
 .rodata        0x000000000826a0b0       0xde /home/junghyun/topst/cr5-bsp/sources/build/tcc805x/gcc/tcc805x-freertos-debug/obj/pmu_reset.o
 *fill*         0x000000000826a18e        0x2 
 .rodata        0x000000000826a190        0x5 /home/junghyun/topst/cr5-bsp/sources/build/tcc805x/gcc/tcc805x-freertos-debug/obj/tasks.o
 *fill*         0x000000000826a195        0x3 
 .rodata        0x000000000826a198        0xd /home/junghyun/topst/cr5-bsp/sources/build/tcc805x/gcc/tcc805x-freertos-debug/obj/timers.o
 *fill*         0x000000000826a1a5        0x3 
 .rodata        0x000000000826a1a8       0x20 /home/junghyun/topst/cr5-bsp/sources/build/tcc805x/gcc/tcc805x-freertos-debug/obj/port.o
                0x000000000826a1a8                ulICCIAR
                0x000000000826a1ac                ulICCEOIR
                0x000000000826a1b0                ulICCPMR
                0x000000000826a1b4                ulMaxAPIPriorityMask
 .rodata        0x000000000826a1c8        0x4 /home/junghyun/topst/cr5-bsp/sources/build/tcc805x/gcc/tcc805x-freertos-debug/obj/heap_5.o
 .rodata        0x000000000826a1cc      0x249 /home/junghyun/topst/cr5-bsp/sources/build/tcc805x/gcc/tcc805x-freertos-debug/obj/sal_freertos_impl.o
 *fill*         0x000000000826a415        0x3 
 .rodata        0x000000000826a418      0x1df /home/junghyun/topst/cr5-bsp/sources/build/tcc805x/gcc/tcc805x-freertos-debug/obj/front_board.o
 *fill*         0x000000000826a5f7        0x1 
 .rodata        0x000000000826a5f8        0x4 /home/junghyun/topst/buildtools/gcc-linaro-7.2.1-2017.11-x86_64_arm-eabi/arm-eabi/libc/usr/lib/libc.a(lib_a-impure.o)
                0x000000000826a5f8                _global_impure_ptr
 .rodata        0x000000000826a5fc      0x188 /home/junghyun/topst/buildtools/gcc-linaro-7.2.1-2017.11-x86_64_arm-eabi/arm-eabi/libc/usr/lib/libc.a(lib_a-locale.o)
                0x000000000826a618                __C_locale
 .rodata        0x000000000826a784       0x90 /home/junghyun/topst/buildtools/gcc-linaro-7.2.1-2017.11-x86_64_arm-eabi/arm-eabi/libc/usr/lib/libc.a(lib_a-mbtowc_r.o)
 .rodata        0x000000000826a814      0x101 /home/junghyun/topst/buildtools/gcc-linaro-7.2.1-2017.11-x86_64_arm-eabi/arm-eabi/libc/usr/lib/libc.a(lib_a-ctype_.o)
                0x000000000826a814                _ctype_
 *(.rodata.*)
 *fill*         0x000000000826a915        0x3 
 .rodata.str1.4
                0x000000000826a918      0x12c /home/junghyun/topst/buildtools/gcc-linaro-7.2.1-2017.11-x86_64_arm-eabi/arm-eabi/libc/usr/lib/libc.a(lib_a-locale.o)
                                        0x130 (size before relaxing)
 *(.const)
 *(.const.*)
                0x000000000826aa60                . = ALIGN (0x20)
 *fill*         0x000000000826aa44       0x1c 
                0x000000000826aa60                __RODATA_END__ = .

.vector         0x0000000006000000       0x60 load address 0x000000000826aa60
                0x000000000826aa60                __VECTOR_START_LOAD = LOADADDR (.vector)
                0x0000000006000000                __VECTOR_START__ = .
 *vector.o(.vector .text .rodata .rodata*)
 .vector        0x0000000006000000       0x50 /home/junghyun/topst/cr5-bsp/sources/build/tcc805x/gcc/tcc805x-freertos-debug/obj/vector.o
                0x0000000006000000                _vector
                0x0000000006000000                _start
                0x0000000006000024                ARM_Reserved
                0x0000000006000060                . = ALIGN (0x20)
 *fill*         0x0000000006000050       0x10 
                0x0000000006000060                __VECTOR_END__ = .

.data           0x0000000006000060     0x2f60 load address 0x000000000826aac0
                0x000000000826aac0                __DATA_START_LOAD = LOADADDR (.data)
                0x0000000006000060                __DATA_START__ = .
 *(.data)
 .data          0x0000000006000060        0x0 /home/junghyun/topst/cr5-bsp/sources/build/tcc805x/gcc/tcc805x-freertos-debug/obj/main.o
 .data          0x0000000006000060      0x2f4 /home/junghyun/topst/cr5-bsp/sources/build/tcc805x/gcc/tcc805x-freertos-debug/obj/can_demo.o
 .data          0x0000000006000354        0x0 /home/junghyun/topst/cr5-bsp/sources/build/tcc805x/gcc/tcc805x-freertos-debug/obj/fwug.o
 .data          0x0000000006000354       0xf8 /home/junghyun/topst/cr5-bsp/sources/build/tcc805x/gcc/tcc805x-freertos-debug/obj/key_adc.o
 .data          0x000000000600044c        0x0 /home/junghyun/topst/cr5-bsp/sources/build/tcc805x/gcc/tcc805x-freertos-debug/obj/key_gpio.o
 .data          0x000000000600044c       0x74 /home/junghyun/topst/cr5-bsp/sources/build/tcc805x/gcc/tcc805x-freertos-debug/obj/key_i2c.o
 .data          0x00000000060004c0        0x0 /home/junghyun/topst/cr5-bsp/sources/build/tcc805x/gcc/tcc805x-freertos-debug/obj/key.o
 .data          0x00000000060004c0        0x0 /home/junghyun/topst/cr5-bsp/sources/build/tcc805x/gcc/tcc805x-freertos-debug/obj/system_monitoring.o
 .data          0x00000000060004c0        0x8 /home/junghyun/topst/cr5-bsp/sources/build/tcc805x/gcc/tcc805x-freertos-debug/obj/bootctrl.o
 .data          0x00000000060004c8        0x0 /home/junghyun/topst/cr5-bsp/sources/build/tcc805x/gcc/tcc805x-freertos-debug/obj/reset_demo.o
 .data          0x00000000060004c8        0x0 /home/junghyun/topst/cr5-bsp/sources/build/tcc805x/gcc/tcc805x-freertos-debug/obj/adc_test.o
 .data          0x00000000060004c8        0x0 /home/junghyun/topst/cr5-bsp/sources/build/tcc805x/gcc/tcc805x-freertos-debug/obj/dse_test.o
 .data          0x00000000060004c8        0x0 /home/junghyun/topst/cr5-bsp/sources/build/tcc805x/gcc/tcc805x-freertos-debug/obj/fmu_test.o
 .data          0x00000000060004c8        0x0 /home/junghyun/topst/cr5-bsp/sources/build/tcc805x/gcc/tcc805x-freertos-debug/obj/gdma_test.o
 .data          0x00000000060004c8        0x0 /home/junghyun/topst/cr5-bsp/sources/build/tcc805x/gcc/tcc805x-freertos-debug/obj/gic_test.o
 .data          0x00000000060004c8      0x628 /home/junghyun/topst/cr5-bsp/sources/build/tcc805x/gcc/tcc805x-freertos-debug/obj/gpio_test.o
 .data          0x0000000006000af0        0x0 /home/junghyun/topst/cr5-bsp/sources/build/tcc805x/gcc/tcc805x-freertos-debug/obj/gpsb_test.o
 .data          0x0000000006000af0      0x430 /home/junghyun/topst/cr5-bsp/sources/build/tcc805x/gcc/tcc805x-freertos-debug/obj/hsm_test.o
 .data          0x0000000006000f20        0x0 /home/junghyun/topst/cr5-bsp/sources/build/tcc805x/gcc/tcc805x-freertos-debug/obj/i2c_test.o
 .data          0x0000000006000f20        0x0 /home/junghyun/topst/cr5-bsp/sources/build/tcc805x/gcc/tcc805x-freertos-debug/obj/ictc_test.o
 .data          0x0000000006000f20        0x0 /home/junghyun/topst/cr5-bsp/sources/build/tcc805x/gcc/tcc805x-freertos-debug/obj/lin_test.o
 .data          0x0000000006000f20        0x0 /home/junghyun/topst/cr5-bsp/sources/build/tcc805x/gcc/tcc805x-freertos-debug/obj/pdm_test.o
 .data          0x0000000006000f20      0x3d4 /home/junghyun/topst/cr5-bsp/sources/build/tcc805x/gcc/tcc805x-freertos-debug/obj/pmio_test.o
 .data          0x00000000060012f4        0x0 /home/junghyun/topst/cr5-bsp/sources/build/tcc805x/gcc/tcc805x-freertos-debug/obj/timer_test.o
 .data          0x00000000060012f4       0x20 /home/junghyun/topst/cr5-bsp/sources/build/tcc805x/gcc/tcc805x-freertos-debug/obj/wdt_test.o
 .data          0x0000000006001314        0x0 /home/junghyun/topst/cr5-bsp/sources/build/tcc805x/gcc/tcc805x-freertos-debug/obj/mptool.o
 .data          0x0000000006001314        0x0 /home/junghyun/topst/cr5-bsp/sources/build/tcc805x/gcc/tcc805x-freertos-debug/obj/ipc_os.o
 .data          0x0000000006001314        0x0 /home/junghyun/topst/cr5-bsp/sources/build/tcc805x/gcc/tcc805x-freertos-debug/obj/ipc_buffer.o
 .data          0x0000000006001314        0x0 /home/junghyun/topst/cr5-bsp/sources/build/tcc805x/gcc/tcc805x-freertos-debug/obj/ipc_cmd.o
 .data          0x0000000006001314        0x4 /home/junghyun/topst/cr5-bsp/sources/build/tcc805x/gcc/tcc805x-freertos-debug/obj/ipc_ctl.o
                0x0000000006001314                send_data
 .data          0x0000000006001318       0x20 /home/junghyun/topst/cr5-bsp/sources/build/tcc805x/gcc/tcc805x-freertos-debug/obj/ipc_parser.o
 .data          0x0000000006001338        0x0 /home/junghyun/topst/cr5-bsp/sources/build/tcc805x/gcc/tcc805x-freertos-debug/obj/ipc_api.o
 .data          0x0000000006001338        0x0 /home/junghyun/topst/cr5-bsp/sources/build/tcc805x/gcc/tcc805x-freertos-debug/obj/ipc.o
 .data          0x0000000006001338        0x0 /home/junghyun/topst/cr5-bsp/sources/build/tcc805x/gcc/tcc805x-freertos-debug/obj/lin.o
 .data          0x0000000006001338        0x0 /home/junghyun/topst/cr5-bsp/sources/build/tcc805x/gcc/tcc805x-freertos-debug/obj/sdm.o
 .data          0x0000000006001338        0x0 /home/junghyun/topst/cr5-bsp/sources/build/tcc805x/gcc/tcc805x-freertos-debug/obj/hsm_manager.o
 .data          0x0000000006001338        0x0 /home/junghyun/topst/cr5-bsp/sources/build/tcc805x/gcc/tcc805x-freertos-debug/obj/adc.o
 .data          0x0000000006001338        0x0 /home/junghyun/topst/cr5-bsp/sources/build/tcc805x/gcc/tcc805x-freertos-debug/obj/can.o
 .data          0x0000000006001338        0x0 /home/junghyun/topst/cr5-bsp/sources/build/tcc805x/gcc/tcc805x-freertos-debug/obj/can_drv.o
 .data          0x0000000006001338        0x0 /home/junghyun/topst/cr5-bsp/sources/build/tcc805x/gcc/tcc805x-freertos-debug/obj/can_msg.o
 .data          0x0000000006001338      0x234 /home/junghyun/topst/cr5-bsp/sources/build/tcc805x/gcc/tcc805x-freertos-debug/obj/can_par.o
                0x00000000060014e8                ArbitrationPhaseTimingPar
                0x0000000006001500                DataPhaseTimingPar
                0x0000000006001518                TxBufferInfoPar
                0x0000000006001530                RxBufferInfoPar
                0x000000000600153c                RxBufferFIFO0InfoPar
                0x0000000006001548                RxBufferFIFO1InfoPar
                0x0000000006001554                StandardIDFilterPar
                0x0000000006001560                ExtendedIDFilterPar
 .data          0x000000000600156c        0x0 /home/junghyun/topst/cr5-bsp/sources/build/tcc805x/gcc/tcc805x-freertos-debug/obj/can_porting.o
 .data          0x000000000600156c        0x0 /home/junghyun/topst/cr5-bsp/sources/build/tcc805x/gcc/tcc805x-freertos-debug/obj/clock_dev.o
 .data          0x000000000600156c       0xa0 /home/junghyun/topst/cr5-bsp/sources/build/tcc805x/gcc/tcc805x-freertos-debug/obj/debug.o
                0x000000000600156c                gDebugOption
                0x0000000006001570                dbgTags
 .data          0x000000000600160c        0x0 /home/junghyun/topst/cr5-bsp/sources/build/tcc805x/gcc/tcc805x-freertos-debug/obj/bsp.o
 .data          0x000000000600160c        0x0 /home/junghyun/topst/cr5-bsp/sources/build/tcc805x/gcc/tcc805x-freertos-debug/obj/fmu.o
 .data          0x000000000600160c        0x0 /home/junghyun/topst/cr5-bsp/sources/build/tcc805x/gcc/tcc805x-freertos-debug/obj/gdma.o
 .data          0x000000000600160c        0x0 /home/junghyun/topst/cr5-bsp/sources/build/tcc805x/gcc/tcc805x-freertos-debug/obj/gic.o
 .data          0x000000000600160c        0x0 /home/junghyun/topst/cr5-bsp/sources/build/tcc805x/gcc/tcc805x-freertos-debug/obj/gpio.o
 .data          0x000000000600160c        0x0 /home/junghyun/topst/cr5-bsp/sources/build/tcc805x/gcc/tcc805x-freertos-debug/obj/i2c.o
 .data          0x000000000600160c       0xe4 /home/junghyun/topst/cr5-bsp/sources/build/tcc805x/gcc/tcc805x-freertos-debug/obj/i2c_reg.o
                0x000000000600160c                i2c
 .data          0x00000000060016f0        0x0 /home/junghyun/topst/cr5-bsp/sources/build/tcc805x/gcc/tcc805x-freertos-debug/obj/ictc.o
 .data          0x00000000060016f0      0xc08 /home/junghyun/topst/cr5-bsp/sources/build/tcc805x/gcc/tcc805x-freertos-debug/obj/mbox_phy.o
                0x00000000060016f0                mboxInfo
 .data          0x00000000060022f8      0x428 /home/junghyun/topst/cr5-bsp/sources/build/tcc805x/gcc/tcc805x-freertos-debug/obj/mbox_dev.o
 .data          0x0000000006002720        0x0 /home/junghyun/topst/cr5-bsp/sources/build/tcc805x/gcc/tcc805x-freertos-debug/obj/mbox.o
 .data          0x0000000006002720        0x0 /home/junghyun/topst/cr5-bsp/sources/build/tcc805x/gcc/tcc805x-freertos-debug/obj/mpu.o
 .data          0x0000000006002720        0x0 /home/junghyun/topst/cr5-bsp/sources/build/tcc805x/gcc/tcc805x-freertos-debug/obj/pdm.o
 .data          0x0000000006002720       0x20 /home/junghyun/topst/cr5-bsp/sources/build/tcc805x/gcc/tcc805x-freertos-debug/obj/pmio_dev.o
 .data          0x0000000006002740        0x0 /home/junghyun/topst/cr5-bsp/sources/build/tcc805x/gcc/tcc805x-freertos-debug/obj/gpsb.o
 .data          0x0000000006002740      0x228 /home/junghyun/topst/cr5-bsp/sources/build/tcc805x/gcc/tcc805x-freertos-debug/obj/gpsb_reg.o
                0x0000000006002740                gpsb
 .data          0x0000000006002968        0x0 /home/junghyun/topst/cr5-bsp/sources/build/tcc805x/gcc/tcc805x-freertos-debug/obj/timer.o
 .data          0x0000000006002968       0x30 /home/junghyun/topst/cr5-bsp/sources/build/tcc805x/gcc/tcc805x-freertos-debug/obj/uart.o
 .data          0x0000000006002998       0x48 /home/junghyun/topst/cr5-bsp/sources/build/tcc805x/gcc/tcc805x-freertos-debug/obj/udma.o
 .data          0x00000000060029e0        0x0 /home/junghyun/topst/cr5-bsp/sources/build/tcc805x/gcc/tcc805x-freertos-debug/obj/wdt.o
 .data          0x00000000060029e0        0x0 /home/junghyun/topst/cr5-bsp/sources/build/tcc805x/gcc/tcc805x-freertos-debug/obj/dse.o
 .data          0x00000000060029e0        0x0 /home/junghyun/topst/cr5-bsp/sources/build/tcc805x/gcc/tcc805x-freertos-debug/obj/midf.o
 .data          0x00000000060029e0        0x0 /home/junghyun/topst/cr5-bsp/sources/build/tcc805x/gcc/tcc805x-freertos-debug/obj/pmu_reset.o
 .data          0x00000000060029e0        0x0 /home/junghyun/topst/cr5-bsp/sources/build/tcc805x/gcc/tcc805x-freertos-debug/obj/tasks.o
 .data          0x00000000060029e0        0x0 /home/junghyun/topst/cr5-bsp/sources/build/tcc805x/gcc/tcc805x-freertos-debug/obj/list.o
 .data          0x00000000060029e0        0x0 /home/junghyun/topst/cr5-bsp/sources/build/tcc805x/gcc/tcc805x-freertos-debug/obj/queue.o
 .data          0x00000000060029e0        0x0 /home/junghyun/topst/cr5-bsp/sources/build/tcc805x/gcc/tcc805x-freertos-debug/obj/event_groups.o
 .data          0x00000000060029e0        0x0 /home/junghyun/topst/cr5-bsp/sources/build/tcc805x/gcc/tcc805x-freertos-debug/obj/timers.o
 .data          0x00000000060029e0        0x0 /home/junghyun/topst/cr5-bsp/sources/build/tcc805x/gcc/tcc805x-freertos-debug/obj/stream_buffer.o
 .data          0x00000000060029e0        0x4 /home/junghyun/topst/cr5-bsp/sources/build/tcc805x/gcc/tcc805x-freertos-debug/obj/port.o
                0x00000000060029e0                ulCriticalNesting
 .data          0x00000000060029e4        0x0 /home/junghyun/topst/cr5-bsp/sources/build/tcc805x/gcc/tcc805x-freertos-debug/obj/heap_5.o
 .data          0x00000000060029e4        0x0 /home/junghyun/topst/cr5-bsp/sources/build/tcc805x/gcc/tcc805x-freertos-debug/obj/sal_api.o
 .data          0x00000000060029e4        0x0 /home/junghyun/topst/cr5-bsp/sources/build/tcc805x/gcc/tcc805x-freertos-debug/obj/sal_freertos_impl.o
 .data          0x00000000060029e4        0x0 /home/junghyun/topst/cr5-bsp/sources/build/tcc805x/gcc/tcc805x-freertos-debug/obj/front_board.o
 .data          0x00000000060029e4        0x0 /home/junghyun/topst/cr5-bsp/sources/build/tcc805x/gcc/tcc805x-freertos-debug/obj/control.o
 .data          0x00000000060029e4        0x0 /home/junghyun/topst/cr5-bsp/sources/build/tcc805x/gcc/tcc805x-freertos-debug/obj/external_io.o
 .data          0x00000000060029e4        0x0 /home/junghyun/topst/cr5-bsp/sources/build/tcc805x/gcc/tcc805x-freertos-debug/obj/internal_io.o
 .data          0x00000000060029e4        0x0 /home/junghyun/topst/cr5-bsp/sources/build/tcc805x/gcc/tcc805x-freertos-debug/obj/ultra_sonic.o
 .data          0x00000000060029e4        0x0 /home/junghyun/topst/cr5-bsp/sources/build/tcc805x/gcc/tcc805x-freertos-debug/obj/startup.o
 .data          0x00000000060029e4        0x0 /home/junghyun/topst/cr5-bsp/sources/build/tcc805x/gcc/tcc805x-freertos-debug/obj/vector.o
 .data          0x00000000060029e4        0x0 /home/junghyun/topst/cr5-bsp/sources/build/tcc805x/gcc/tcc805x-freertos-debug/obj/vfp_init.o
 .data          0x00000000060029e4        0x0 /home/junghyun/topst/cr5-bsp/sources/build/tcc805x/gcc/tcc805x-freertos-debug/obj/arm_a.o
 .data          0x00000000060029e4        0x0 /home/junghyun/topst/cr5-bsp/sources/build/tcc805x/gcc/tcc805x-freertos-debug/obj/portASM.o
 .data          0x00000000060029e4        0x0 /home/junghyun/topst/cr5-bsp/sources/build/tcc805x/gcc/tcc805x-freertos-debug/obj/freertos.o
 .data          0x00000000060029e4        0x0 /home/junghyun/topst/cr5-bsp/sources/build/tcc805x/gcc/tcc805x-freertos-debug/obj/sal.o
 .data          0x00000000060029e4        0x0 /home/junghyun/topst/buildtools/gcc-linaro-7.2.1-2017.11-x86_64_arm-eabi/arm-eabi/libc/usr/lib/libc.a(lib_a-atol.o)
 .data          0x00000000060029e4        0x0 /home/junghyun/topst/buildtools/gcc-linaro-7.2.1-2017.11-x86_64_arm-eabi/arm-eabi/libc/usr/lib/libc.a(lib_a-memcmp.o)
 .data          0x00000000060029e4        0x0 /home/junghyun/topst/buildtools/gcc-linaro-7.2.1-2017.11-x86_64_arm-eabi/arm-eabi/libc/usr/lib/libc.a(lib_a-memcpy-stub.o)
 .data          0x00000000060029e4        0x0 /home/junghyun/topst/buildtools/gcc-linaro-7.2.1-2017.11-x86_64_arm-eabi/arm-eabi/libc/usr/lib/libc.a(lib_a-memset.o)
 .data          0x00000000060029e4        0x0 /home/junghyun/topst/buildtools/gcc-linaro-7.2.1-2017.11-x86_64_arm-eabi/arm-eabi/libc/usr/lib/libc.a(lib_a-strlen-stub.o)
 .data          0x00000000060029e4        0x0 /home/junghyun/topst/buildtools/gcc-linaro-7.2.1-2017.11-x86_64_arm-eabi/arm-eabi/libc/usr/lib/libc.a(lib_a-strncmp.o)
 .data          0x00000000060029e4        0x0 /home/junghyun/topst/buildtools/gcc-linaro-7.2.1-2017.11-x86_64_arm-eabi/arm-eabi/libc/usr/lib/libc.a(lib_a-strncpy.o)